Archive member included to satisfy reference by file (symbol)

C:\Users\djneo\AppData\Local\Temp\VMBuilds\MegaDrumMachine\adafruit_adafruit_grandcentral_m4\Firmware/core.a(cortex_handlers.c.o)
                              (Reset_Handler)
C:\Users\djneo\AppData\Local\Temp\VMBuilds\MegaDrumMachine\adafruit_adafruit_grandcentral_m4\Firmware/core.a(delay.c.o)
                              MegaDrumMachine.cpp.o (millis)
C:\Users\djneo\AppData\Local\Temp\VMBuilds\MegaDrumMachine\adafruit_adafruit_grandcentral_m4\Firmware/core.a(hooks.c.o)
                              C:\Users\djneo\AppData\Local\Temp\VMBuilds\MegaDrumMachine\adafruit_adafruit_grandcentral_m4\Firmware/core.a(delay.c.o) (yield)
C:\Users\djneo\AppData\Local\Temp\VMBuilds\MegaDrumMachine\adafruit_adafruit_grandcentral_m4\Firmware/core.a(startup.c.o)
                              C:\Users\djneo\AppData\Local\Temp\VMBuilds\MegaDrumMachine\adafruit_adafruit_grandcentral_m4\Firmware/core.a(cortex_handlers.c.o) (SystemInit)
C:\Users\djneo\AppData\Local\Temp\VMBuilds\MegaDrumMachine\adafruit_adafruit_grandcentral_m4\Firmware/core.a(wiring_digital.c.o)
                              MegaDrumMachine.cpp.o (pinMode)
C:\Users\djneo\AppData\Local\Temp\VMBuilds\MegaDrumMachine\adafruit_adafruit_grandcentral_m4\Firmware/core.a(wiring_private.c.o)
                              SPI\SPI.cpp.o (pinPeripheral)
C:\Users\djneo\AppData\Local\Temp\VMBuilds\MegaDrumMachine\adafruit_adafruit_grandcentral_m4\Firmware/core.a(main.cpp.o)
                              c:/users/djneo/appdata/local/arduino15/packages/arduino/tools/arm-none-eabi-gcc/7-2017q4/bin/../lib/gcc/arm-none-eabi/7.2.1/../../../../arm-none-eabi/lib/thumb/v7e-m/fpv4-sp/hard/crt0.o (main)
C:\Users\djneo\AppData\Local\Temp\VMBuilds\MegaDrumMachine\adafruit_adafruit_grandcentral_m4\Firmware/core.a(Print.cpp.o)
                              LiquidCrystal\LiquidCrystal.cpp.o (Print::write(unsigned char const*, unsigned int))
C:\Users\djneo\AppData\Local\Temp\VMBuilds\MegaDrumMachine\adafruit_adafruit_grandcentral_m4\Firmware/core.a(Reset.cpp.o)
                              C:\Users\djneo\AppData\Local\Temp\VMBuilds\MegaDrumMachine\adafruit_adafruit_grandcentral_m4\Firmware/core.a(delay.c.o) (tickReset)
C:\Users\djneo\AppData\Local\Temp\VMBuilds\MegaDrumMachine\adafruit_adafruit_grandcentral_m4\Firmware/core.a(SERCOM.cpp.o)
                              C:\Users\djneo\AppData\Local\Temp\VMBCore\arduino16x\9c68673ebfce96ce038e39692a3550a3\variant\variant.cpp.o (SERCOM::SERCOM(Sercom*))
C:\Users\djneo\AppData\Local\Temp\VMBuilds\MegaDrumMachine\adafruit_adafruit_grandcentral_m4\Firmware/core.a(Stream.cpp.o)
                              MegaDrumMachine.cpp.o (Stream::readBytes(char*, unsigned int))
C:\Users\djneo\AppData\Local\Temp\VMBuilds\MegaDrumMachine\adafruit_adafruit_grandcentral_m4\Firmware/core.a(Uart.cpp.o)
                              WAV-Trigger-Arduino-Serial-Library-master\wavTrigger.cpp.o (Uart::begin(unsigned long))
C:\Users\djneo\AppData\Local\Temp\VMBuilds\MegaDrumMachine\adafruit_adafruit_grandcentral_m4\Firmware/core.a(WString.cpp.o)
                              MegaDrumMachine.cpp.o (String::~String())
C:\Users\djneo\AppData\Local\Temp\VMBuilds\MegaDrumMachine\adafruit_adafruit_grandcentral_m4\Firmware/core.a(CDC.cpp.o)
                              SD\utility\SdFile.cpp.o (Serial_::write(unsigned char))
C:\Users\djneo\AppData\Local\Temp\VMBuilds\MegaDrumMachine\adafruit_adafruit_grandcentral_m4\Firmware/core.a(USBCore.cpp.o)
                              C:\Users\djneo\AppData\Local\Temp\VMBuilds\MegaDrumMachine\adafruit_adafruit_grandcentral_m4\Firmware/core.a(main.cpp.o) (USBDeviceClass::init())
C:\Users\djneo\AppData\Local\Temp\VMBuilds\MegaDrumMachine\adafruit_adafruit_grandcentral_m4\Firmware/core.a(itoa.c.o)
                              C:\Users\djneo\AppData\Local\Temp\VMBuilds\MegaDrumMachine\adafruit_adafruit_grandcentral_m4\Firmware/core.a(WString.cpp.o) (ltoa)
C:\Users\djneo\AppData\Local\Temp\VMBuilds\MegaDrumMachine\adafruit_adafruit_grandcentral_m4\Firmware/core.a(wiring.c.o)
                              C:\Users\djneo\AppData\Local\Temp\VMBuilds\MegaDrumMachine\adafruit_adafruit_grandcentral_m4\Firmware/core.a(main.cpp.o) (init)
C:\Users\djneo\AppData\Local\Temp\VMBuilds\MegaDrumMachine\adafruit_adafruit_grandcentral_m4\Firmware/core.a(wiring_analog.c.o)
                              C:\Users\djneo\AppData\Local\Temp\VMBuilds\MegaDrumMachine\adafruit_adafruit_grandcentral_m4\Firmware/core.a(wiring.c.o) (analogReference)
C:\Users\djneo\AppData\Local\Temp\VMBuilds\MegaDrumMachine\adafruit_adafruit_grandcentral_m4\Firmware/core.a(dtostrf.c.o)
                              C:\Users\djneo\AppData\Local\Temp\VMBuilds\MegaDrumMachine\adafruit_adafruit_grandcentral_m4\Firmware/core.a(WString.cpp.o) (dtostrf)
C:\Users\djneo\AppData\Local\Temp\VMBuilds\MegaDrumMachine\adafruit_adafruit_grandcentral_m4\Firmware/core.a(abi.cpp.o)
[...]
Memory Configuration

Name             Origin             Length             Attributes
FLASH            0x00004000         0x000fc000         xr
RAM              0x20000000         0x00040000         xrw
*default*        0x00000000         0xffffffff

Linker script and memory map

LOAD c:/users/djneo/appdata/local/arduino15/packages/arduino/tools/arm-none-eabi-gcc/7-2017q4/bin/../lib/gcc/arm-none-eabi/7.2.1/thumb/v7e-m/fpv4-sp/hard/crti.o
LOAD c:/users/djneo/appdata/local/arduino15/packages/arduino/tools/arm-none-eabi-gcc/7-2017q4/bin/../lib/gcc/arm-none-eabi/7.2.1/thumb/v7e-m/fpv4-sp/hard/crtbegin.o
LOAD c:/users/djneo/appdata/local/arduino15/packages/arduino/tools/arm-none-eabi-gcc/7-2017q4/bin/../lib/gcc/arm-none-eabi/7.2.1/../../../../arm-none-eabi/lib/thumb/v7e-m/fpv4-sp/hard/crt0.o
LOAD MegaDrumMachine.cpp.o
LOAD BeatClock.cpp.o
LOAD BtnPad.cpp.o
LOAD ButtonReader.cpp.o
LOAD ByteWidget.cpp.o
LOAD DrumKit.cpp.o
LOAD DrumPattern.cpp.o
LOAD LCDView.cpp.o
LOAD LCDWidget.cpp.o
LOAD LCDWidgets.cpp.o
LOAD MenuVar.cpp.o
LOAD PatternBank.cpp.o
LOAD Sequencer.cpp.o
LOAD ValueControl.cpp.o
LOAD WidgetData.cpp.o
LOAD SPI\SPI.cpp.o
LOAD Adafruit_ZeroDMA\Adafruit_ZeroDMA.cpp.o
LOAD RotaryEncoder\RotaryEncoder.cpp.o
LOAD LiquidCrystal\LiquidCrystal.cpp.o
LOAD Bounce2\Bounce2.cpp.o
LOAD Wire\Wire.cpp.o
LOAD LiquidCrystal_I2C\LiquidCrystal_I2C.cpp.o
LOAD WAV-Trigger-Arduino-Serial-Library-master\wavTrigger.cpp.o
LOAD SD\File.cpp.o
LOAD SD\SD.cpp.o
LOAD SD\utility\Sd2Card.cpp.o
LOAD SD\utility\SdFile.cpp.o
LOAD SD\utility\SdVolume.cpp.o
LOAD C:\Users\djneo\AppData\Local\Temp\VMBCore\arduino16x\9c68673ebfce96ce038e39692a3550a3\variant\variant.cpp.o
START GROUP
LOAD C:\Users\djneo\AppData\Local\arduino15\packages\arduino\tools\CMSIS\4.5.0/CMSIS/Lib/GCC/\libarm_cortexM4lf_math.a
LOAD C:\Users\djneo\AppData\Local\Temp\VMBuilds\MegaDrumMachine\adafruit_adafruit_grandcentral_m4\Firmware/core.a
END GROUP
LOAD c:/users/djneo/appdata/local/arduino15/packages/arduino/tools/arm-none-eabi-gcc/7-2017q4/bin/../lib/gcc/arm-none-eabi/7.2.1/../../../../arm-none-eabi/lib/thumb/v7e-m/fpv4-sp/hard\libstdc++_nano.a
LOAD c:/users/djneo/appdata/local/arduino15/packages/arduino/tools/arm-none-eabi-gcc/7-2017q4/bin/../lib/gcc/arm-none-eabi/7.2.1/../../../../arm-none-eabi/lib/thumb/v7e-m/fpv4-sp/hard\libm.a
START GROUP
LOAD c:/users/djneo/appdata/local/arduino15/packages/arduino/tools/arm-none-eabi-gcc/7-2017q4/bin/../lib/gcc/arm-none-eabi/7.2.1/thumb/v7e-m/fpv4-sp/hard\libgcc.a
LOAD c:/users/djneo/appdata/local/arduino15/packages/arduino/tools/arm-none-eabi-gcc/7-2017q4/bin/../lib/gcc/arm-none-eabi/7.2.1/../../../../arm-none-eabi/lib/thumb/v7e-m/fpv4-sp/hard\libc_nano.a
END GROUP
START GROUP
LOAD c:/users/djneo/appdata/local/arduino15/packages/arduino/tools/arm-none-eabi-gcc/7-2017q4/bin/../lib/gcc/arm-none-eabi/7.2.1/thumb/v7e-m/fpv4-sp/hard\libgcc.a
LOAD c:/users/djneo/appdata/local/arduino15/packages/arduino/tools/arm-none-eabi-gcc/7-2017q4/bin/../lib/gcc/arm-none-eabi/7.2.1/../../../../arm-none-eabi/lib/thumb/v7e-m/fpv4-sp/hard\libc_nano.a
LOAD c:/users/djneo/appdata/local/arduino15/packages/arduino/tools/arm-none-eabi-gcc/7-2017q4/bin/../lib/gcc/arm-none-eabi/7.2.1/../../../../arm-none-eabi/lib/thumb/v7e-m/fpv4-sp/hard\libnosys.a
END GROUP
START GROUP
LOAD c:/users/djneo/appdata/local/arduino15/packages/arduino/tools/arm-none-eabi-gcc/7-2017q4/bin/../lib/gcc/arm-none-eabi/7.2.1/thumb/v7e-m/fpv4-sp/hard\libgcc.a
LOAD c:/users/djneo/appdata/local/arduino15/packages/arduino/tools/arm-none-eabi-gcc/7-2017q4/bin/../lib/gcc/arm-none-eabi/7.2.1/../../../../arm-none-eabi/lib/thumb/v7e-m/fpv4-sp/hard\libc_nano.a
LOAD c:/users/djneo/appdata/local/arduino15/packages/arduino/tools/arm-none-eabi-gcc/7-2017q4/bin/../lib/gcc/arm-none-eabi/7.2.1/../../../../arm-none-eabi/lib/thumb/v7e-m/fpv4-sp/hard\libnosys.a
END GROUP
LOAD c:/users/djneo/appdata/local/arduino15/packages/arduino/tools/arm-none-eabi-gcc/7-2017q4/bin/../lib/gcc/arm-none-eabi/7.2.1/thumb/v7e-m/fpv4-sp/hard/crtend.o
LOAD c:/users/djneo/appdata/local/arduino15/packages/arduino/tools/arm-none-eabi-gcc/7-2017q4/bin/../lib/gcc/arm-none-eabi/7.2.1/thumb/v7e-m/fpv4-sp/hard/crtn.o

.text           0x00004000     0x9558
                0x00004000                __text_start__ = .
 *(.sketch_boot)
                0x00004000                . = ALIGN (0x4000)
 *(.isr_vector)
 .isr_vector    0x00004000      0x264 C:\Users\djneo\AppData\Local\Temp\VMBuilds\MegaDrumMachine\adafruit_adafruit_grandcentral_m4\Firmware/core.a(cortex_handlers.c.o)
                0x00004000                exception_table
 *(.text*)
 .text          0x00004264       0x40 c:/users/djneo/appdata/local/arduino15/packages/arduino/tools/arm-none-eabi-gcc/7-2017q4/bin/../lib/gcc/arm-none-eabi/7.2.1/thumb/v7e-m/fpv4-sp/hard/crtbegin.o
 .text._ZN5Print17availableForWriteEv
                0x000042a4        0x4 MegaDrumMachine.cpp.o
                0x000042a4                Print::availableForWrite()
 .text._ZN5Print5flushEv
                0x000042a8        0x2 MegaDrumMachine.cpp.o
                0x000042a8                Print::flush()
 .text._ZN10wavTriggerD2Ev
                0x000042aa        0x2 MegaDrumMachine.cpp.o
                0x000042aa                wavTrigger::~wavTrigger()
                0x000042aa                wavTrigger::~wavTrigger()
 .text._Z6onStepmm
                0x000042ac        0xc MegaDrumMachine.cpp.o
                0x000042ac                onStep(unsigned long, unsigned long)
 .text._Z9onTriggerh
                0x000042b8        0x2 MegaDrumMachine.cpp.o
                0x000042b8                onTrigger(unsigned char)
 *fill*         0x000042ba        0x2 
 .text._Z6onBeatmm
                0x000042bc       0x20 MegaDrumMachine.cpp.o
                0x000042bc                onBeat(unsigned long, unsigned long)
 .text._ZN5SDLib4FileC2ERKS0_
                0x000042dc       0x30 MegaDrumMachine.cpp.o
                0x000042dc                SDLib::File::File(SDLib::File const&)
                0x000042dc                SDLib::File::File(SDLib::File const&)
 .text._Z17VerifyFileHeadersN5SDLib4FileE6String
                0x0000430c      0x128 MegaDrumMachine.cpp.o
                0x0000430c                VerifyFileHeaders(SDLib::File, String)
 .text._Z10SDBootLoadv
                0x00004434      0x1a0 MegaDrumMachine.cpp.o
                0x00004434                SDBootLoad()
 .text._Z7setModehh
                0x000045d4       0x18 MegaDrumMachine.cpp.o
                0x000045d4                setMode(unsigned char, unsigned char)
 .text.setup    0x000045ec      0x268 MegaDrumMachine.cpp.o
                0x000045ec                setup
 .text.loop     0x00004854       0xb8 MegaDrumMachine.cpp.o
                0x00004854                loop
 .text.startup._GLOBAL__sub_I_encoder
                0x0000490c       0xa0 MegaDrumMachine.cpp.o
 .text._ZN9BeatClock4initEbbb
                0x000049ac       0x34 BeatClock.cpp.o
                0x000049ac                BeatClock::init(bool, bool, bool)
 .text._ZN9BeatClock9setOnStepEPFvmmE
                0x000049e0        0xe BeatClock.cpp.o
                0x000049e0                BeatClock::setOnStep(void (*)(unsigned long, unsigned long))
 .text._ZN9BeatClock9setOnBeatEPFvmmE
                0x000049ee        0xe BeatClock.cpp.o
                0x000049ee                BeatClock::setOnBeat(void (*)(unsigned long, unsigned long))
 .text._ZN6BtnPad4initEPiib
                0x000049fc       0x74 BtnPad.cpp.o
                0x000049fc                BtnPad::init(int*, int, bool)
 .text._ZN6BtnPad4tickEv
                0x00004a70       0x56 BtnPad.cpp.o
                0x00004a70                BtnPad::tick()
 .text._ZN6BtnPadD2Ev
                0x00004ac6       0x20 BtnPad.cpp.o
                0x00004ac6                BtnPad::~BtnPad()
                0x00004ac6                BtnPad::~BtnPad()
 .text._ZN12ButtonReader5beginEb
                0x00004ae6       0x2c ButtonReader.cpp.o
                0x00004ae6                ButtonReader::begin(bool)
 .text._ZN12ButtonReader4tickEv
                0x00004b12       0x72 ButtonReader.cpp.o
                0x00004b12                ButtonReader::tick()
 .text._ZN12ButtonReader14getButtonsDownEv
                0x00004b84        0xa ButtonReader.cpp.o
                0x00004b84                ButtonReader::getButtonsDown()
 .text._ZN12ButtonReader12isButtonDownEh
                0x00004b8e       0x18 ButtonReader.cpp.o
                0x00004b8e                ButtonReader::isButtonDown(unsigned char)
 .text._ZN7DrumKit9getSampleEh
                0x00004ba6        0x8 DrumKit.cpp.o
                0x00004ba6                DrumKit::getSample(unsigned char)
 .text._ZN7DrumKit9setSampleEht
                0x00004bae        0x8 DrumKit.cpp.o
                0x00004bae                DrumKit::setSample(unsigned char, unsigned short)
 .text._ZN7DrumKit7getGainEh
                0x00004bb6        0x6 DrumKit.cpp.o
                0x00004bb6                DrumKit::getGain(unsigned char)
 .text._ZN7DrumKit11setKickGainEht
                0x00004bbc        0x6 DrumKit.cpp.o
                0x00004bbc                DrumKit::setKickGain(unsigned char, unsigned short)
 .text._ZN7DrumKit10getSampPtrEv
                0x00004bc2        0x4 DrumKit.cpp.o
                0x00004bc2                DrumKit::getSampPtr()
 .text._ZN7DrumKit10getGainPtrEv
                0x00004bc6        0x4 DrumKit.cpp.o
                0x00004bc6                DrumKit::getGainPtr()
 *fill*         0x00004bca        0x2 
 .text._ZN7DrumKitC2Ev
                0x00004bcc       0x14 DrumKit.cpp.o
                0x00004bcc                DrumKit::DrumKit()
                0x00004bcc                DrumKit::DrumKit()
 .text._ZN11DrumPattern12clearPatternEv
                0x00004be0       0x10 DrumPattern.cpp.o
                0x00004be0                DrumPattern::clearPattern()
 .text._ZN11DrumPattern4initEv
                0x00004bf0        0xc DrumPattern.cpp.o
                0x00004bf0                DrumPattern::init()
 .text._ZN9Sequencer4initEP9BeatClockP11DrumPatternPFvhES3_
                0x00004bfc       0x1c Sequencer.cpp.o
                0x00004bfc                Sequencer::init(BeatClock*, DrumPattern*, void (*)(unsigned char), DrumPattern*)
 .text._ZN8SPIClassC2EP6SERCOMhhh14SercomSpiTXPad11SercomRXPad
                0x00004c18       0x5c SPI\SPI.cpp.o
                0x00004c18                SPIClass::SPIClass(SERCOM*, unsigned char, unsigned char, unsigned char, SercomSpiTXPad, SercomRXPad)
                0x00004c18                SPIClass::SPIClass(SERCOM*, unsigned char, unsigned char, unsigned char, SercomSpiTXPad, SercomRXPad)
 .text._ZN8SPIClass4initEv
                0x00004c74       0x10 SPI\SPI.cpp.o
                0x00004c74                SPIClass::init()
 .text._ZN8SPIClass6configE11SPISettings
                0x00004c84       0x3a SPI\SPI.cpp.o
                0x00004c84                SPIClass::config(SPISettings)
 *fill*         0x00004cbe        0x2 
 .text._ZN8SPIClass5beginEv
                0x00004cc0       0x50 SPI\SPI.cpp.o
                0x00004cc0                SPIClass::begin()
 .text._ZN8SPIClass16beginTransactionE11SPISettings
                0x00004d10       0x3c SPI\SPI.cpp.o
                0x00004d10                SPIClass::beginTransaction(SPISettings)
 .text._ZN8SPIClass14endTransactionEv
                0x00004d4c       0x20 SPI\SPI.cpp.o
                0x00004d4c                SPIClass::endTransaction()
 .text._ZN8SPIClass8transferEh
                0x00004d6c        0x6 SPI\SPI.cpp.o
                0x00004d6c                SPIClass::transfer(unsigned char)
 *fill*         0x00004d72        0x2 
 .text.startup._GLOBAL__sub_I__ZN8SPIClassC2EP6SERCOMhhh14SercomSpiTXPad11SercomRXPad
                0x00004d74       0x58 SPI\SPI.cpp.o
 .text._ZL22cpu_irq_enter_criticalv
                0x00004dcc       0x2c Adafruit_ZeroDMA\Adafruit_ZeroDMA.cpp.o
 .text._ZL22cpu_irq_leave_criticalv
                0x00004df8       0x28 Adafruit_ZeroDMA\Adafruit_ZeroDMA.cpp.o
 .text._ZN16Adafruit_ZeroDMAC2Ev
                0x00004e20       0x1a Adafruit_ZeroDMA\Adafruit_ZeroDMA.cpp.o
                0x00004e20                Adafruit_ZeroDMA::Adafruit_ZeroDMA()
                0x00004e20                Adafruit_ZeroDMA::Adafruit_ZeroDMA()
 *fill*         0x00004e3a        0x2 
 .text._ZN16Adafruit_ZeroDMA11_IRQhandlerEh
                0x00004e3c       0x68 Adafruit_ZeroDMA\Adafruit_ZeroDMA.cpp.o
                0x00004e3c                Adafruit_ZeroDMA::_IRQhandler(unsigned char)
 .text.DMAC_0_Handler
                0x00004ea4       0x2c Adafruit_ZeroDMA\Adafruit_ZeroDMA.cpp.o
                0x00004ea4                DMAC_4_Handler
                0x00004ea4                DMAC_2_Handler
                0x00004ea4                DMAC_1_Handler
                0x00004ea4                DMAC_3_Handler
                0x00004ea4                DMAC_0_Handler
 .text._ZN13RotaryEncoderC2Eii
                0x00004ed0       0x2a RotaryEncoder\RotaryEncoder.cpp.o
                0x00004ed0                RotaryEncoder::RotaryEncoder(int, int)
                0x00004ed0                RotaryEncoder::RotaryEncoder(int, int)
 .text._ZN13RotaryEncoder12getDirectionEv
                0x00004efa       0x24 RotaryEncoder\RotaryEncoder.cpp.o
                0x00004efa                RotaryEncoder::getDirection()
 *fill*         0x00004f1e        0x2 
 .text._ZN13RotaryEncoder4tickEv
                0x00004f20       0x50 RotaryEncoder\RotaryEncoder.cpp.o
                0x00004f20                RotaryEncoder::tick()
 .text._ZN6Bounce10setPinModeEii
                0x00004f70        0x8 Bounce2\Bounce2.cpp.o
                0x00004f70                Bounce::setPinMode(int, int)
 .text._ZN6Bounce16readCurrentStateEv
                0x00004f78       0x10 Bounce2\Bounce2.cpp.o
                0x00004f78                Bounce::readCurrentState()
 .text._ZN6BounceC2Ev
                0x00004f88       0x14 Bounce2\Bounce2.cpp.o
                0x00004f88                Bounce::Bounce()
                0x00004f88                Bounce::Bounce()
 .text._ZN6Bounce6attachEi
                0x00004f9c       0x22 Bounce2\Bounce2.cpp.o
                0x00004f9c                Bounce::attach(int)
 .text._ZN6Bounce6attachEii
                0x00004fbe       0x18 Bounce2\Bounce2.cpp.o
                0x00004fbe                Bounce::attach(int, int)
 .text._ZN6Bounce8intervalEt
                0x00004fd6        0x4 Bounce2\Bounce2.cpp.o
                0x00004fd6                Bounce::interval(unsigned short)
 .text._ZN6Bounce6updateEv
                0x00004fda       0x70 Bounce2\Bounce2.cpp.o
                0x00004fda                Bounce::update()
 .text._ZN6Bounce4readEv
                0x0000504a        0x8 Bounce2\Bounce2.cpp.o
                0x0000504a                Bounce::read()
 .text._ZN7TwoWire5writeEPKhj
                0x00005052       0x34 Wire\Wire.cpp.o
                0x00005052                TwoWire::write(unsigned char const*, unsigned int)
 .text._ZN7TwoWire5flushEv
                0x00005086        0x2 Wire\Wire.cpp.o
                0x00005086                TwoWire::flush()
 .text._ZN7TwoWire4peekEv
                0x00005088       0x1a Wire\Wire.cpp.o
                0x00005088                TwoWire::peek()
 .text._ZN7TwoWire9availableEv
                0x000050a2       0x12 Wire\Wire.cpp.o
                0x000050a2                TwoWire::available()
 .text._ZN7TwoWireC2EP6SERCOMhh
                0x000050b4       0x5c Wire\Wire.cpp.o
                0x000050b4                TwoWire::TwoWire(SERCOM*, unsigned char, unsigned char)
                0x000050b4                TwoWire::TwoWire(SERCOM*, unsigned char, unsigned char)
 .text._ZN7TwoWire5beginEv
                0x00005110       0x40 Wire\Wire.cpp.o
                0x00005110                TwoWire::begin()
 .text._ZN7TwoWire17beginTransmissionEh
                0x00005150       0x14 Wire\Wire.cpp.o
                0x00005150                TwoWire::beginTransmission(unsigned char)
 .text._ZN11RingBufferNILi256EE10store_charEh
                0x00005164       0x1c Wire\Wire.cpp.o
                0x00005164                RingBufferN<256>::store_char(unsigned char)
 .text._ZN7TwoWire5writeEh
                0x00005180       0x26 Wire\Wire.cpp.o
                0x00005180                TwoWire::write(unsigned char)
 .text._ZN11RingBufferNILi256EE9read_charEv
                0x000051a6       0x28 Wire\Wire.cpp.o
                0x000051a6                RingBufferN<256>::read_char()
 .text._ZN7TwoWire15endTransmissionEb
                0x000051ce       0x6a Wire\Wire.cpp.o
                0x000051ce                TwoWire::endTransmission(bool)
 .text._ZN7TwoWire15endTransmissionEv
                0x00005238        0x6 Wire\Wire.cpp.o
                0x00005238                TwoWire::endTransmission()
 .text._ZN7TwoWire4readEv
                0x0000523e        0xa Wire\Wire.cpp.o
                0x0000523e                TwoWire::read()
 .text._ZN7TwoWire9onServiceEv
                0x00005248      0x10e Wire\Wire.cpp.o
                0x00005248                TwoWire::onService()
 *fill*         0x00005356        0x2 
 .text.SERCOM3_0_Handler
                0x00005358        0xc Wire\Wire.cpp.o
                0x00005358                SERCOM3_0_Handler
 .text.SERCOM3_1_Handler
                0x00005364        0x4 Wire\Wire.cpp.o
                0x00005364                SERCOM3_1_Handler
 .text.SERCOM3_2_Handler
                0x00005368        0x4 Wire\Wire.cpp.o
                0x00005368                SERCOM3_2_Handler
 .text.SERCOM3_3_Handler
                0x0000536c        0x4 Wire\Wire.cpp.o
                0x0000536c                SERCOM3_3_Handler
 .text.SERCOM6_0_Handler
                0x00005370        0xc Wire\Wire.cpp.o
                0x00005370                SERCOM6_0_Handler
 .text.SERCOM6_1_Handler
                0x0000537c        0x4 Wire\Wire.cpp.o
                0x0000537c                SERCOM6_1_Handler
 .text.SERCOM6_2_Handler
                0x00005380        0x4 Wire\Wire.cpp.o
                0x00005380                SERCOM6_2_Handler
 .text.SERCOM6_3_Handler
                0x00005384        0x4 Wire\Wire.cpp.o
                0x00005384                SERCOM6_3_Handler
 .text.startup._GLOBAL__sub_I__ZN7TwoWireC2EP6SERCOMhh
                0x00005388       0x30 Wire\Wire.cpp.o
 .text._ZN17LiquidCrystal_I2CC2Ehhh
                0x000053b8       0x18 LiquidCrystal_I2C\LiquidCrystal_I2C.cpp.o
                0x000053b8                LiquidCrystal_I2C::LiquidCrystal_I2C(unsigned char, unsigned char, unsigned char)
                0x000053b8                LiquidCrystal_I2C::LiquidCrystal_I2C(unsigned char, unsigned char, unsigned char)
 .text._ZN17LiquidCrystal_I2C13expanderWriteEh
                0x000053d0       0x28 LiquidCrystal_I2C\LiquidCrystal_I2C.cpp.o
                0x000053d0                LiquidCrystal_I2C::expanderWrite(unsigned char)
 .text._ZN17LiquidCrystal_I2C9backlightEv
                0x000053f8        0xa LiquidCrystal_I2C\LiquidCrystal_I2C.cpp.o
                0x000053f8                LiquidCrystal_I2C::backlight()
 .text._ZN17LiquidCrystal_I2C11pulseEnableEh
                0x00005402       0x28 LiquidCrystal_I2C\LiquidCrystal_I2C.cpp.o
                0x00005402                LiquidCrystal_I2C::pulseEnable(unsigned char)
 .text._ZN17LiquidCrystal_I2C10write4bitsEh
                0x0000542a       0x16 LiquidCrystal_I2C\LiquidCrystal_I2C.cpp.o
                0x0000542a                LiquidCrystal_I2C::write4bits(unsigned char)
 .text._ZN17LiquidCrystal_I2C4sendEhh
                0x00005440       0x22 LiquidCrystal_I2C\LiquidCrystal_I2C.cpp.o
                0x00005440                LiquidCrystal_I2C::send(unsigned char, unsigned char)
 .text._ZN17LiquidCrystal_I2C5writeEh
                0x00005462        0xc LiquidCrystal_I2C\LiquidCrystal_I2C.cpp.o
                0x00005462                LiquidCrystal_I2C::write(unsigned char)
 .text._ZN17LiquidCrystal_I2C7commandEh
                0x0000546e        0x6 LiquidCrystal_I2C\LiquidCrystal_I2C.cpp.o
                0x0000546e                LiquidCrystal_I2C::command(unsigned char)
 .text._ZN17LiquidCrystal_I2C5clearEv
                0x00005474       0x14 LiquidCrystal_I2C\LiquidCrystal_I2C.cpp.o
                0x00005474                LiquidCrystal_I2C::clear()
 .text._ZN17LiquidCrystal_I2C4homeEv
                0x00005488       0x14 LiquidCrystal_I2C\LiquidCrystal_I2C.cpp.o
                0x00005488                LiquidCrystal_I2C::home()
 .text._ZN17LiquidCrystal_I2C9setCursorEhh
                0x0000549c       0x40 LiquidCrystal_I2C\LiquidCrystal_I2C.cpp.o
                0x0000549c                LiquidCrystal_I2C::setCursor(unsigned char, unsigned char)
 .text._ZN17LiquidCrystal_I2C7displayEv
                0x000054dc       0x14 LiquidCrystal_I2C\LiquidCrystal_I2C.cpp.o
                0x000054dc                LiquidCrystal_I2C::display()
 .text._ZN17LiquidCrystal_I2C8noCursorEv
                0x000054f0       0x14 LiquidCrystal_I2C\LiquidCrystal_I2C.cpp.o
                0x000054f0                LiquidCrystal_I2C::noCursor()
 .text._ZN17LiquidCrystal_I2C7noBlinkEv
                0x00005504       0x14 LiquidCrystal_I2C\LiquidCrystal_I2C.cpp.o
                0x00005504                LiquidCrystal_I2C::noBlink()
 .text._ZN17LiquidCrystal_I2C12noAutoscrollEv
                0x00005518       0x14 LiquidCrystal_I2C\LiquidCrystal_I2C.cpp.o
                0x00005518                LiquidCrystal_I2C::noAutoscroll()
 .text._ZN17LiquidCrystal_I2C5beginEhhh
                0x0000552c       0xa2 LiquidCrystal_I2C\LiquidCrystal_I2C.cpp.o
                0x0000552c                LiquidCrystal_I2C::begin(unsigned char, unsigned char, unsigned char)
 *fill*         0x000055ce        0x2 
 .text._ZN17LiquidCrystal_I2C9init_privEv
                0x000055d0       0x20 LiquidCrystal_I2C\LiquidCrystal_I2C.cpp.o
                0x000055d0                LiquidCrystal_I2C::init_priv()
 .text._ZN17LiquidCrystal_I2C4initEv
                0x000055f0        0x4 LiquidCrystal_I2C\LiquidCrystal_I2C.cpp.o
                0x000055f0                LiquidCrystal_I2C::init()
 .text._ZN10wavTrigger12trackControlEii
                0x000055f4       0x34 WAV-Trigger-Arduino-Serial-Library-master\wavTrigger.cpp.o
                0x000055f4                wavTrigger::trackControl(int, int)
 .text._ZN10wavTrigger13trackPlayPolyEi
                0x00005628        0x6 WAV-Trigger-Arduino-Serial-Library-master\wavTrigger.cpp.o
                0x00005628                wavTrigger::trackPlayPoly(int)
 *fill*         0x0000562e        0x2 
 .text._ZN10wavTrigger13stopAllTracksEv
                0x00005630       0x24 WAV-Trigger-Arduino-Serial-Library-master\wavTrigger.cpp.o
                0x00005630                wavTrigger::stopAllTracks()
 .text._ZN10wavTrigger16samplerateOffsetEi
                0x00005654       0x30 WAV-Trigger-Arduino-Serial-Library-master\wavTrigger.cpp.o
                0x00005654                wavTrigger::samplerateOffset(int)
 .text._ZN10wavTrigger5flushEv
                0x00005684       0x38 WAV-Trigger-Arduino-Serial-Library-master\wavTrigger.cpp.o
                0x00005684                wavTrigger::flush()
 .text._ZN10wavTrigger5startEv
                0x000056bc       0x58 WAV-Trigger-Arduino-Serial-Library-master\wavTrigger.cpp.o
                0x000056bc                wavTrigger::start()
 .text._ZN5SDLib4File5writeEh
                0x00005714       0x16 SD\File.cpp.o
                0x00005714                SDLib::File::write(unsigned char)
 .text._ZN5SDLib4File17availableForWriteEv
                0x0000572a        0xc SD\File.cpp.o
                0x0000572a                SDLib::File::availableForWrite()
 .text._ZN5SDLib4File5writeEPKhj
                0x00005736       0x26 SD\File.cpp.o
                0x00005736                SDLib::File::write(unsigned char const*, unsigned int)
 .text._ZN5SDLib4File5flushEv
                0x0000575c        0xc SD\File.cpp.o
                0x0000575c                SDLib::File::flush()
 .text._ZN6SdFile4readEv
                0x00005768       0x1e SD\File.cpp.o
                0x00005768                SdFile::read()
 .text._ZN5SDLib4File4readEv
                0x00005786       0x12 SD\File.cpp.o
                0x00005786                SDLib::File::read()
 .text._ZN5SDLib4File4peekEv
                0x00005798       0x24 SD\File.cpp.o
                0x00005798                SDLib::File::peek()
 .text._ZN5SDLib4FileC2E6SdFilePKc
                0x000057bc       0x50 SD\File.cpp.o
                0x000057bc                SDLib::File::File(SdFile, char const*)
                0x000057bc                SDLib::File::File(SdFile, char const*)
 .text._ZN5SDLib4FileC2Ev
                0x0000580c       0x18 SD\File.cpp.o
                0x0000580c                SDLib::File::File()
                0x0000580c                SDLib::File::File()
 .text._ZN5SDLib4File4readEPvt
                0x00005824        0xc SD\File.cpp.o
                0x00005824                SDLib::File::read(void*, unsigned short)
 .text._ZN5SDLib4File8positionEv
                0x00005830        0xe SD\File.cpp.o
                0x00005830                SDLib::File::position()
 .text._ZN5SDLib4File4sizeEv
                0x0000583e        0x8 SD\File.cpp.o
                0x0000583e                SDLib::File::size()
 .text._ZN5SDLib4File9availableEv
                0x00005846       0x26 SD\File.cpp.o
                0x00005846                SDLib::File::available()
 .text._ZN5SDLib4File5closeEv
                0x0000586c       0x18 SD\File.cpp.o
                0x0000586c                SDLib::File::close()
 .text._ZN5SDLib4FilecvbEv
                0x00005884        0xe SD\File.cpp.o
                0x00005884                SDLib::File::operator bool()
 *fill*         0x00005892        0x2 
 .text._ZN5SDLib19callback_pathExistsER6SdFilePKcbPv
                0x00005894       0x38 SD\SD.cpp.o
                0x00005894                SDLib::callback_pathExists(SdFile&, char const*, bool, void*)
 .text._ZN8SdVolume4initEP7Sd2Card
                0x000058cc       0x20 SD\SD.cpp.o
                0x000058cc                SdVolume::init(Sd2Card*)
 .text._ZN5SDLib20getNextPathComponentEPKcPjPc
                0x000058ec       0x3e SD\SD.cpp.o
                0x000058ec                SDLib::getNextPathComponent(char const*, unsigned int*, char*)
 *fill*         0x0000592a        0x2 
 .text._ZN5SDLib8walkPathEPKcR6SdFilePFbS3_S1_bPvES4_
                0x0000592c       0x9c SD\SD.cpp.o
                0x0000592c                SDLib::walkPath(char const*, SdFile&, bool (*)(SdFile&, char const*, bool, void*), void*)
 .text._ZN5SDLib7SDClass5beginEh
                0x000059c8       0x44 SD\SD.cpp.o
                0x000059c8                SDLib::SDClass::begin(unsigned char)
 .text._ZN5SDLib7SDClass3endEv
                0x00005a0c        0x6 SD\SD.cpp.o
                0x00005a0c                SDLib::SDClass::end()
 *fill*         0x00005a12        0x2 
 .text._ZN6SdFileC2ERKS_
                0x00005a14       0x34 SD\SD.cpp.o
                0x00005a14                SdFile::SdFile(SdFile const&)
                0x00005a14                SdFile::SdFile(SdFile const&)
 .text._ZN5SDLib7SDClass12getParentDirEPKcPi
                0x00005a48       0xb4 SD\SD.cpp.o
                0x00005a48                SDLib::SDClass::getParentDir(char const*, int*)
 .text._ZN5SDLib7SDClass4openEPKch
                0x00005afc       0x88 SD\SD.cpp.o
                0x00005afc                SDLib::SDClass::open(char const*, unsigned char)
 .text._ZN5SDLib7SDClass6existsEPKc
                0x00005b84       0x1c SD\SD.cpp.o
                0x00005b84                SDLib::SDClass::exists(char const*)
 .text.startup._GLOBAL__sub_I__ZN5SDLib20getNextPathComponentEPKcPjPc
                0x00005ba0       0x28 SD\SD.cpp.o
 .text._ZL7spiSendh
                0x00005bc8        0xc SD\utility\Sd2Card.cpp.o
 .text._ZL6spiRecv
                0x00005bd4        0xc SD\utility\Sd2Card.cpp.o
 .text._ZN7Sd2Card14chipSelectHighEv
                0x00005be0       0x28 SD\utility\Sd2Card.cpp.o
                0x00005be0                Sd2Card::chipSelectHigh()
 .text._ZN7Sd2Card13chipSelectLowEv
                0x00005c08       0x34 SD\utility\Sd2Card.cpp.o
                0x00005c08                Sd2Card::chipSelectLow()
 .text._ZN7Sd2Card7readEndEv
                0x00005c3c       0x28 SD\utility\Sd2Card.cpp.o
                0x00005c3c                Sd2Card::readEnd()
 .text._ZN7Sd2Card10setSckRateEh
                0x00005c64       0x6c SD\utility\Sd2Card.cpp.o
                0x00005c64                Sd2Card::setSckRate(unsigned char)
 .text._ZN7Sd2Card11waitNotBusyEj
                0x00005cd0       0x24 SD\utility\Sd2Card.cpp.o
                0x00005cd0                Sd2Card::waitNotBusy(unsigned int)
 .text._ZN7Sd2Card11cardCommandEhm
                0x00005cf4       0x60 SD\utility\Sd2Card.cpp.o
                0x00005cf4                Sd2Card::cardCommand(unsigned char, unsigned long)
 .text._ZN7Sd2Card4initEhh
                0x00005d54      0x13c SD\utility\Sd2Card.cpp.o
                0x00005d54                Sd2Card::init(unsigned char, unsigned char)
 .text._ZN7Sd2Card14waitStartBlockEv
                0x00005e90       0x3a SD\utility\Sd2Card.cpp.o
                0x00005e90                Sd2Card::waitStartBlock()
 .text._ZN7Sd2Card8readDataEmttPh.part.6
                0x00005eca       0x98 SD\utility\Sd2Card.cpp.o
 .text._ZN7Sd2Card8readDataEmttPh
                0x00005f62        0xa SD\utility\Sd2Card.cpp.o
                0x00005f62                Sd2Card::readData(unsigned long, unsigned short, unsigned short, unsigned char*)
 .text._ZN7Sd2Card9readBlockEmPh
                0x00005f6c       0x14 SD\utility\Sd2Card.cpp.o
                0x00005f6c                Sd2Card::readBlock(unsigned long, unsigned char*)
 .text._ZN7Sd2Card9writeDataEhPKh
                0x00005f80       0x4a SD\utility\Sd2Card.cpp.o
                0x00005f80                Sd2Card::writeData(unsigned char, unsigned char const*)
 .text._ZN7Sd2Card10writeBlockEmPKhh
                0x00005fca       0x72 SD\utility\Sd2Card.cpp.o
                0x00005fca                Sd2Card::writeBlock(unsigned long, unsigned char const*, unsigned char)
 .text._ZN7Sd2Card6isBusyEv
                0x0000603c       0x1e SD\utility\Sd2Card.cpp.o
                0x0000603c                Sd2Card::isBusy()
 *fill*         0x0000605a        0x2 
 .text.startup._GLOBAL__sub_I__ZN7Sd2Card11cardCommandEhm
                0x0000605c       0x18 SD\utility\Sd2Card.cpp.o
 .text._ZN6SdFile10addClusterEv
                0x00006074       0x2e SD\utility\SdFile.cpp.o
                0x00006074                SdFile::addCluster()
 .text._ZN6SdFile13addDirClusterEv
                0x000060a2       0x4a SD\utility\SdFile.cpp.o
                0x000060a2                SdFile::addDirCluster()
 .text._ZN6SdFile13cacheDirEntryEh
                0x000060ec       0x1c SD\utility\SdFile.cpp.o
                0x000060ec                SdFile::cacheDirEntry(unsigned char)
 .text._ZN6SdFile10make83NameEPKcPh
                0x00006108       0x94 SD\utility\SdFile.cpp.o
                0x00006108                SdFile::make83Name(char const*, unsigned char*)
 .text._ZN6SdFile8openRootEP8SdVolume
                0x0000619c       0x50 SD\utility\SdFile.cpp.o
                0x0000619c                SdFile::openRoot(SdVolume*)
 .text._ZN6SdFile4readEPvt
                0x000061ec      0x108 SD\utility\SdFile.cpp.o
                0x000061ec                SdFile::read(void*, unsigned short)
 .text._ZN6SdFile12readDirCacheEv
                0x000062f4       0x38 SD\utility\SdFile.cpp.o
                0x000062f4                SdFile::readDirCache()
 .text._ZN6SdFile7seekSetEm
                0x0000632c       0x5e SD\utility\SdFile.cpp.o
                0x0000632c                SdFile::seekSet(unsigned long)
 *fill*         0x0000638a        0x2 
 .text._ZN6SdFile4syncEh
                0x0000638c       0x64 SD\utility\SdFile.cpp.o
                0x0000638c                SdFile::sync(unsigned char)
 .text._ZN6SdFile5closeEv
                0x000063f0       0x14 SD\utility\SdFile.cpp.o
                0x000063f0                SdFile::close()
 .text._ZN6SdFile17availableForWriteEv
                0x00006404       0x78 SD\utility\SdFile.cpp.o
                0x00006404                SdFile::availableForWrite()
 .text._ZN6SdFile8truncateEm
                0x0000647c       0xa8 SD\utility\SdFile.cpp.o
                0x0000647c                SdFile::truncate(unsigned long)
 .text._ZN6SdFile15openCachedEntryEhh
                0x00006524       0x80 SD\utility\SdFile.cpp.o
                0x00006524                SdFile::openCachedEntry(unsigned char, unsigned char)
 .text._ZN6SdFile4openEPS_PKch
                0x000065a4      0x120 SD\utility\SdFile.cpp.o
                0x000065a4                SdFile::open(SdFile*, char const*, unsigned char)
 .text._ZN6SdFile5writeEPKvt
                0x000066c4      0x19c SD\utility\SdFile.cpp.o
                0x000066c4                SdFile::write(void const*, unsigned short)
 .text._ZN6SdFile5writeEh
                0x00006860       0x16 SD\utility\SdFile.cpp.o
                0x00006860                SdFile::write(unsigned char)
 *fill*         0x00006876        0x2 
 .text._ZN8SdVolume21cacheMirrorBlockFlushEh
                0x00006878       0x2c SD\utility\SdVolume.cpp.o
                0x00006878                SdVolume::cacheMirrorBlockFlush(unsigned char)
 .text._ZN8SdVolume10cacheFlushEh
                0x000068a4       0x48 SD\utility\SdVolume.cpp.o
                0x000068a4                SdVolume::cacheFlush(unsigned char)
 .text._ZN8SdVolume13cacheRawBlockEmh
                0x000068ec       0x48 SD\utility\SdVolume.cpp.o
                0x000068ec                SdVolume::cacheRawBlock(unsigned long, unsigned char)
 .text._ZN8SdVolume14cacheZeroBlockEm
                0x00006934       0x3c SD\utility\SdVolume.cpp.o
                0x00006934                SdVolume::cacheZeroBlock(unsigned long)
 .text._ZNK8SdVolume6fatGetEmPm
                0x00006970       0x64 SD\utility\SdVolume.cpp.o
                0x00006970                SdVolume::fatGet(unsigned long, unsigned long*) const
 .text._ZNK8SdVolume9chainSizeEmPm
                0x000069d4       0x50 SD\utility\SdVolume.cpp.o
                0x000069d4                SdVolume::chainSize(unsigned long, unsigned long*) const
 .text._ZN8SdVolume6fatPutEmm
                0x00006a24       0x88 SD\utility\SdVolume.cpp.o
                0x00006a24                SdVolume::fatPut(unsigned long, unsigned long)
 .text._ZN8SdVolume15allocContiguousEmPm
                0x00006aac       0xac SD\utility\SdVolume.cpp.o
                0x00006aac                SdVolume::allocContiguous(unsigned long, unsigned long*)
 .text._ZN8SdVolume9freeChainEm
                0x00006b58       0x48 SD\utility\SdVolume.cpp.o
                0x00006b58                SdVolume::freeChain(unsigned long)
 .text._ZN8SdVolume4initEP7Sd2Cardh
                0x00006ba0       0xf4 SD\utility\SdVolume.cpp.o
                0x00006ba0                SdVolume::init(Sd2Card*, unsigned char)
 .text.SERCOM0_0_Handler
                0x00006c94        0xc C:\Users\djneo\AppData\Local\Temp\VMBCore\arduino16x\9c68673ebfce96ce038e39692a3550a3\variant\variant.cpp.o
                0x00006c94                SERCOM0_0_Handler
 .text.SERCOM0_1_Handler
                0x00006ca0        0x4 C:\Users\djneo\AppData\Local\Temp\VMBCore\arduino16x\9c68673ebfce96ce038e39692a3550a3\variant\variant.cpp.o
                0x00006ca0                SERCOM0_1_Handler
 .text.SERCOM0_2_Handler
                0x00006ca4        0x4 C:\Users\djneo\AppData\Local\Temp\VMBCore\arduino16x\9c68673ebfce96ce038e39692a3550a3\variant\variant.cpp.o
                0x00006ca4                SERCOM0_2_Handler
 .text.SERCOM0_3_Handler
                0x00006ca8        0x4 C:\Users\djneo\AppData\Local\Temp\VMBCore\arduino16x\9c68673ebfce96ce038e39692a3550a3\variant\variant.cpp.o
                0x00006ca8                SERCOM0_3_Handler
 .text.startup._GLOBAL__sub_I_g_APinDescription
                0x00006cac       0x9c C:\Users\djneo\AppData\Local\Temp\VMBCore\arduino16x\9c68673ebfce96ce038e39692a3550a3\variant\variant.cpp.o
 .text.Dummy_Handler
                0x00006d48        0x2 C:\Users\djneo\AppData\Local\Temp\VMBuilds\MegaDrumMachine\adafruit_adafruit_grandcentral_m4\Firmware/core.a(cortex_handlers.c.o)
                0x00006d48                EIC_5_Handler
                0x00006d48                DebugMon_Handler
                0x00006d48                EIC_13_Handler
                0x00006d48                EVSYS_0_Handler
                0x00006d48                TCC1_3_Handler
                0x00006d48                DAC_3_Handler
                0x00006d48                TRNG_Handler
                0x00006d48                HardFault_Handler
                0x00006d48                PDEC_2_Handler
                0x00006d48                EIC_4_Handler
                0x00006d48                AC_Handler
                0x00006d48                TCC2_3_Handler
                0x00006d48                PendSV_Handler
                0x00006d48                NMI_Handler
                0x00006d48                TC7_Handler
                0x00006d48                ADC1_1_Handler
                0x00006d48                EVSYS_3_Handler
                0x00006d48                PDEC_0_Handler
                0x00006d48                QSPI_Handler
                0x00006d48                TCC0_0_Handler
                0x00006d48                EIC_3_Handler
                0x00006d48                TAL_0_Handler
                0x00006d48                DAC_2_Handler
                0x00006d48                RTC_Handler
                0x00006d48                UsageFault_Handler
                0x00006d48                SERCOM4_0_Handler
                0x00006d48                EIC_10_Handler
                0x00006d48                EIC_11_Handler
                0x00006d48                EIC_9_Handler
                0x00006d48                OSC32KCTRL_Handler
                0x00006d48                TCC2_1_Handler
                0x00006d48                SUPC_1_Handler
                0x00006d48                TCC0_5_Handler
                0x00006d48                TCC0_6_Handler
                0x00006d48                EVSYS_1_Handler
                0x00006d48                TCC1_4_Handler
                0x00006d48                TC6_Handler
                0x00006d48                WDT_Handler
                0x00006d48                EIC_8_Handler
                0x00006d48                EIC_15_Handler
                0x00006d48                SERCOM5_0_Handler
                0x00006d48                TC4_Handler
                0x00006d48                TC1_Handler
                0x00006d48                OSCCTRL_4_Handler
                0x00006d48                SERCOM4_3_Handler
                0x00006d48                EIC_12_Handler
                0x00006d48                TCC4_2_Handler
                0x00006d48                PAC_Handler
                0x00006d48                TCC1_0_Handler
                0x00006d48                OSCCTRL_0_Handler
                0x00006d48                EIC_0_Handler
                0x00006d48                OSCCTRL_3_Handler
                0x00006d48                SERCOM4_1_Handler
                0x00006d48                TC3_Handler
                0x00006d48                Dummy_Handler
                0x00006d48                TCC3_0_Handler
                0x00006d48                TCC2_2_Handler
                0x00006d48                SERCOM5_1_Handler
                0x00006d48                TCC1_1_Handler
                0x00006d48                ADC0_0_Handler
                0x00006d48                OSCCTRL_2_Handler
                0x00006d48                ADC1_0_Handler
                0x00006d48                TCC1_2_Handler
                0x00006d48                SERCOM7_1_Handler
                0x00006d48                PM_Handler
                0x00006d48                SERCOM2_3_Handler
                0x00006d48                DAC_4_Handler
                0x00006d48                TCC3_2_Handler
                0x00006d48                SERCOM7_0_Handler
                0x00006d48                TCC0_2_Handler
                0x00006d48                TCC4_0_Handler
                0x00006d48                SERCOM7_3_Handler
                0x00006d48                SDHC1_Handler
                0x00006d48                SERCOM7_2_Handler
                0x00006d48                TCC2_0_Handler
                0x00006d48                PDEC_1_Handler
                0x00006d48                MemManage_Handler
                0x00006d48                TCC4_1_Handler
                0x00006d48                SERCOM5_3_Handler
                0x00006d48                SVC_Handler
                0x00006d48                SDHC0_Handler
                0x00006d48                SERCOM1_1_Handler
                0x00006d48                I2S_Handler
                0x00006d48                EIC_2_Handler
                0x00006d48                PCC_Handler
                0x00006d48                DAC_0_Handler
                0x00006d48                TCC0_1_Handler
                0x00006d48                SERCOM1_3_Handler
                0x00006d48                EIC_6_Handler
                0x00006d48                OSCCTRL_1_Handler
                0x00006d48                SERCOM1_0_Handler
                0x00006d48                PUKCC_Handler
                0x00006d48                SERCOM2_1_Handler
                0x00006d48                SERCOM1_2_Handler
                0x00006d48                EIC_1_Handler
                0x00006d48                SERCOM4_2_Handler
                0x00006d48                EVSYS_4_Handler
                0x00006d48                EIC_7_Handler
                0x00006d48                NVMCTRL_1_Handler
                0x00006d48                SERCOM5_2_Handler
                0x00006d48                ADC0_1_Handler
                0x00006d48                SERCOM2_2_Handler
                0x00006d48                TCC3_1_Handler
                0x00006d48                EIC_14_Handler
                0x00006d48                DAC_1_Handler
                0x00006d48                NVMCTRL_0_Handler
                0x00006d48                TAL_1_Handler
                0x00006d48                MCLK_Handler
                0x00006d48                EVSYS_2_Handler
                0x00006d48                SUPC_0_Handler
                0x00006d48                BusFault_Handler
                0x00006d48                FREQM_Handler
                0x00006d48                TC0_Handler
                0x00006d48                TCC0_3_Handler
                0x00006d48                TCC0_4_Handler
                0x00006d48                RAMECC_Handler
                0x00006d48                TC5_Handler
                0x00006d48                SERCOM2_0_Handler
                0x00006d48                AES_Handler
                0x00006d48                ICM_Handler
 *fill*         0x00006d4a        0x2 
 .text.USB_0_Handler
                0x00006d4c       0x10 C:\Users\djneo\AppData\Local\Temp\VMBuilds\MegaDrumMachine\adafruit_adafruit_grandcentral_m4\Firmware/core.a(cortex_handlers.c.o)
                0x00006d4c                USB_0_Handler
 .text.Reset_Handler
                0x00006d5c       0x70 C:\Users\djneo\AppData\Local\Temp\VMBuilds\MegaDrumMachine\adafruit_adafruit_grandcentral_m4\Firmware/core.a(cortex_handlers.c.o)
                0x00006d5c                Reset_Handler
 .text.SysTick_Handler
                0x00006dcc       0x12 C:\Users\djneo\AppData\Local\Temp\VMBuilds\MegaDrumMachine\adafruit_adafruit_grandcentral_m4\Firmware/core.a(cortex_handlers.c.o)
                0x00006dcc                SysTick_Handler
 .text.USB_1_Handler
                0x00006dde        0x4 C:\Users\djneo\AppData\Local\Temp\VMBuilds\MegaDrumMachine\adafruit_adafruit_grandcentral_m4\Firmware/core.a(cortex_handlers.c.o)
                0x00006dde                USB_1_Handler
 .text.USB_2_Handler
                0x00006de2        0x4 C:\Users\djneo\AppData\Local\Temp\VMBuilds\MegaDrumMachine\adafruit_adafruit_grandcentral_m4\Firmware/core.a(cortex_handlers.c.o)
                0x00006de2                USB_2_Handler
 .text.USB_3_Handler
                0x00006de6        0x4 C:\Users\djneo\AppData\Local\Temp\VMBuilds\MegaDrumMachine\adafruit_adafruit_grandcentral_m4\Firmware/core.a(cortex_handlers.c.o)
                0x00006de6                USB_3_Handler
 *fill*         0x00006dea        0x2 
 .text.USB_SetHandler
                0x00006dec        0xc C:\Users\djneo\AppData\Local\Temp\VMBuilds\MegaDrumMachine\adafruit_adafruit_grandcentral_m4\Firmware/core.a(cortex_handlers.c.o)
                0x00006dec                USB_SetHandler
 .text.millis   0x00006df8        0xc C:\Users\djneo\AppData\Local\Temp\VMBuilds\MegaDrumMachine\adafruit_adafruit_grandcentral_m4\Firmware/core.a(delay.c.o)
                0x00006df8                millis
 .text.micros   0x00006e04       0x58 C:\Users\djneo\AppData\Local\Temp\VMBuilds\MegaDrumMachine\adafruit_adafruit_grandcentral_m4\Firmware/core.a(delay.c.o)
                0x00006e04                micros
 .text.delayMicroseconds
                0x00006e5c       0x1c C:\Users\djneo\AppData\Local\Temp\VMBuilds\MegaDrumMachine\adafruit_adafruit_grandcentral_m4\Firmware/core.a(delay.c.o)
                0x00006e5c                delayMicroseconds
 .text.delay    0x00006e78       0x26 C:\Users\djneo\AppData\Local\Temp\VMBuilds\MegaDrumMachine\adafruit_adafruit_grandcentral_m4\Firmware/core.a(delay.c.o)
                0x00006e78                delay
 *fill*         0x00006e9e        0x2 
 .text.SysTick_DefaultHandler
                0x00006ea0       0x10 C:\Users\djneo\AppData\Local\Temp\VMBuilds\MegaDrumMachine\adafruit_adafruit_grandcentral_m4\Firmware/core.a(delay.c.o)
                0x00006ea0                SysTick_DefaultHandler
 .text.__empty  0x00006eb0        0x2 C:\Users\djneo\AppData\Local\Temp\VMBuilds\MegaDrumMachine\adafruit_adafruit_grandcentral_m4\Firmware/core.a(hooks.c.o)
                0x00006eb0                yield
 .text.__false  0x00006eb2        0x4 C:\Users\djneo\AppData\Local\Temp\VMBuilds\MegaDrumMachine\adafruit_adafruit_grandcentral_m4\Firmware/core.a(hooks.c.o)
                0x00006eb2                sysTickHook
 *fill*         0x00006eb6        0x2 
 .text.SystemInit
                0x00006eb8      0x1f8 C:\Users\djneo\AppData\Local\Temp\VMBuilds\MegaDrumMachine\adafruit_adafruit_grandcentral_m4\Firmware/core.a(startup.c.o)
                0x00006eb8                SystemInit
 .text.pinMode  0x000070b0       0x88 C:\Users\djneo\AppData\Local\Temp\VMBuilds\MegaDrumMachine\adafruit_adafruit_grandcentral_m4\Firmware/core.a(wiring_digital.c.o)
                0x000070b0                pinMode
 .text.digitalWrite
                0x00007138       0x54 C:\Users\djneo\AppData\Local\Temp\VMBuilds\MegaDrumMachine\adafruit_adafruit_grandcentral_m4\Firmware/core.a(wiring_digital.c.o)
                0x00007138                digitalWrite
 .text.digitalRead
                0x0000718c       0x30 C:\Users\djneo\AppData\Local\Temp\VMBuilds\MegaDrumMachine\adafruit_adafruit_grandcentral_m4\Firmware/core.a(wiring_digital.c.o)
                0x0000718c                digitalRead
 .text.pinPeripheral
                0x000071bc       0xac C:\Users\djneo\AppData\Local\Temp\VMBuilds\MegaDrumMachine\adafruit_adafruit_grandcentral_m4\Firmware/core.a(wiring_private.c.o)
                0x000071bc                pinPeripheral
 .text._Z11initVariantv
                0x00007268        0x2 C:\Users\djneo\AppData\Local\Temp\VMBuilds\MegaDrumMachine\adafruit_adafruit_grandcentral_m4\Firmware/core.a(main.cpp.o)
                0x00007268                initVariant()
 *fill*         0x0000726a        0x2 
 .text.startup.main
                0x0000726c       0x40 C:\Users\djneo\AppData\Local\Temp\VMBuilds\MegaDrumMachine\adafruit_adafruit_grandcentral_m4\Firmware/core.a(main.cpp.o)
                0x0000726c                main
 .text._ZN5Print5writeEPKhj
                0x000072ac       0x2c C:\Users\djneo\AppData\Local\Temp\VMBuilds\MegaDrumMachine\adafruit_adafruit_grandcentral_m4\Firmware/core.a(Print.cpp.o)
                0x000072ac                Print::write(unsigned char const*, unsigned int)
 .text._ZN5Print5writeEPKc.part.2
                0x000072d8       0x1c C:\Users\djneo\AppData\Local\Temp\VMBuilds\MegaDrumMachine\adafruit_adafruit_grandcentral_m4\Firmware/core.a(Print.cpp.o)
 .text._ZN5Print5writeEPKc
                0x000072f4        0xa C:\Users\djneo\AppData\Local\Temp\VMBuilds\MegaDrumMachine\adafruit_adafruit_grandcentral_m4\Firmware/core.a(Print.cpp.o)
                0x000072f4                Print::write(char const*)
 .text._ZN5Print5printERK6String
                0x000072fe        0xa C:\Users\djneo\AppData\Local\Temp\VMBuilds\MegaDrumMachine\adafruit_adafruit_grandcentral_m4\Firmware/core.a(Print.cpp.o)
                0x000072fe                Print::print(String const&)
 .text._ZN5Print5printEPKc
                0x00007308        0x8 C:\Users\djneo\AppData\Local\Temp\VMBuilds\MegaDrumMachine\adafruit_adafruit_grandcentral_m4\Firmware/core.a(Print.cpp.o)
                0x00007308                Print::print(char const*)
 .text._ZN5Print5printEc
                0x00007310        0x6 C:\Users\djneo\AppData\Local\Temp\VMBuilds\MegaDrumMachine\adafruit_adafruit_grandcentral_m4\Firmware/core.a(Print.cpp.o)
                0x00007310                Print::print(char)
 *fill*         0x00007316        0x2 
 .text._ZN5Print7printlnEv
                0x00007318        0xc C:\Users\djneo\AppData\Local\Temp\VMBuilds\MegaDrumMachine\adafruit_adafruit_grandcentral_m4\Firmware/core.a(Print.cpp.o)
                0x00007318                Print::println()
 .text._ZN5Print11printNumberEmh
                0x00007324       0x3a C:\Users\djneo\AppData\Local\Temp\VMBuilds\MegaDrumMachine\adafruit_adafruit_grandcentral_m4\Firmware/core.a(Print.cpp.o)
                0x00007324                Print::printNumber(unsigned long, unsigned char)
 .text._ZN5Print5printEli
                0x0000735e       0x44 C:\Users\djneo\AppData\Local\Temp\VMBuilds\MegaDrumMachine\adafruit_adafruit_grandcentral_m4\Firmware/core.a(Print.cpp.o)
                0x0000735e                Print::print(long, int)
 .text._ZN5Print5printEii
                0x000073a2        0x4 C:\Users\djneo\AppData\Local\Temp\VMBuilds\MegaDrumMachine\adafruit_adafruit_grandcentral_m4\Firmware/core.a(Print.cpp.o)
                0x000073a2                Print::print(int, int)
 .text._ZN5Print5printEmi
                0x000073a6       0x1a C:\Users\djneo\AppData\Local\Temp\VMBuilds\MegaDrumMachine\adafruit_adafruit_grandcentral_m4\Firmware/core.a(Print.cpp.o)
                0x000073a6                Print::print(unsigned long, int)
 .text._ZN5Print7printlnEmi
                0x000073c0       0x14 C:\Users\djneo\AppData\Local\Temp\VMBuilds\MegaDrumMachine\adafruit_adafruit_grandcentral_m4\Firmware/core.a(Print.cpp.o)
                0x000073c0                Print::println(unsigned long, int)
 .text.initiateReset
                0x000073d4        0xc C:\Users\djneo\AppData\Local\Temp\VMBuilds\MegaDrumMachine\adafruit_adafruit_grandcentral_m4\Firmware/core.a(Reset.cpp.o)
                0x000073d4                initiateReset
 .text.cancelReset
                0x000073e0       0x10 C:\Users\djneo\AppData\Local\Temp\VMBuilds\MegaDrumMachine\adafruit_adafruit_grandcentral_m4\Firmware/core.a(Reset.cpp.o)
                0x000073e0                cancelReset
 .text.tickReset
                0x000073f0       0x48 C:\Users\djneo\AppData\Local\Temp\VMBuilds\MegaDrumMachine\adafruit_adafruit_grandcentral_m4\Firmware/core.a(Reset.cpp.o)
                0x000073f0                tickReset
 .text._ZN6SERCOMC2EP6Sercom
                0x00007438        0x8 C:\Users\djneo\AppData\Local\Temp\VMBuilds\MegaDrumMachine\adafruit_adafruit_grandcentral_m4\Firmware/core.a(SERCOM.cpp.o)
                0x00007438                SERCOM::SERCOM(Sercom*)
                0x00007438                SERCOM::SERCOM(Sercom*)
 .text._ZN6SERCOM9initFrameE18SercomUartCharSize15SercomDataOrder16SercomParityMode19SercomNumberStopBit
                0x00007440       0x38 C:\Users\djneo\AppData\Local\Temp\VMBuilds\MegaDrumMachine\adafruit_adafruit_grandcentral_m4\Firmware/core.a(SERCOM.cpp.o)
                0x00007440                SERCOM::initFrame(SercomUartCharSize, SercomDataOrder, SercomParityMode, SercomNumberStopBit)
 .text._ZN6SERCOM8initPadsE15SercomUartTXPad11SercomRXPad
                0x00007478       0x24 C:\Users\djneo\AppData\Local\Temp\VMBuilds\MegaDrumMachine\adafruit_adafruit_grandcentral_m4\Firmware/core.a(SERCOM.cpp.o)
                0x00007478                SERCOM::initPads(SercomUartTXPad, SercomRXPad)
 .text._ZN6SERCOM9resetUARTEv
                0x0000749c       0x1a C:\Users\djneo\AppData\Local\Temp\VMBuilds\MegaDrumMachine\adafruit_adafruit_grandcentral_m4\Firmware/core.a(SERCOM.cpp.o)
                0x0000749c                SERCOM::resetUART()
 .text._ZN6SERCOM10enableUARTEv
                0x000074b6       0x14 C:\Users\djneo\AppData\Local\Temp\VMBuilds\MegaDrumMachine\adafruit_adafruit_grandcentral_m4\Firmware/core.a(SERCOM.cpp.o)
                0x000074b6                SERCOM::enableUART()
 .text._ZN6SERCOM9flushUARTEv
                0x000074ca       0x14 C:\Users\djneo\AppData\Local\Temp\VMBuilds\MegaDrumMachine\adafruit_adafruit_grandcentral_m4\Firmware/core.a(SERCOM.cpp.o)
                0x000074ca                SERCOM::flushUART()
 .text._ZN6SERCOM15clearStatusUARTEv
                0x000074de        0x8 C:\Users\djneo\AppData\Local\Temp\VMBuilds\MegaDrumMachine\adafruit_adafruit_grandcentral_m4\Firmware/core.a(SERCOM.cpp.o)
                0x000074de                SERCOM::clearStatusUART()
 .text._ZN6SERCOM17availableDataUARTEv
                0x000074e6        0xa C:\Users\djneo\AppData\Local\Temp\VMBuilds\MegaDrumMachine\adafruit_adafruit_grandcentral_m4\Firmware/core.a(SERCOM.cpp.o)
                0x000074e6                SERCOM::availableDataUART()
 .text._ZN6SERCOM11isUARTErrorEv
                0x000074f0        0x8 C:\Users\djneo\AppData\Local\Temp\VMBuilds\MegaDrumMachine\adafruit_adafruit_grandcentral_m4\Firmware/core.a(SERCOM.cpp.o)
                0x000074f0                SERCOM::isUARTError()
 .text._ZN6SERCOM20acknowledgeUARTErrorEv
                0x000074f8        0xc C:\Users\djneo\AppData\Local\Temp\VMBuilds\MegaDrumMachine\adafruit_adafruit_grandcentral_m4\Firmware/core.a(SERCOM.cpp.o)
                0x000074f8                SERCOM::acknowledgeUARTError()
 .text._ZN6SERCOM16isFrameErrorUARTEv
                0x00007504        0xa C:\Users\djneo\AppData\Local\Temp\VMBuilds\MegaDrumMachine\adafruit_adafruit_grandcentral_m4\Firmware/core.a(SERCOM.cpp.o)
                0x00007504                SERCOM::isFrameErrorUART()
 .text._ZN6SERCOM19clearFrameErrorUARTEv
                0x0000750e        0xc C:\Users\djneo\AppData\Local\Temp\VMBuilds\MegaDrumMachine\adafruit_adafruit_grandcentral_m4\Firmware/core.a(SERCOM.cpp.o)
                0x0000750e                SERCOM::clearFrameErrorUART()
 .text._ZN6SERCOM23isDataRegisterEmptyUARTEv
                0x0000751a        0xa C:\Users\djneo\AppData\Local\Temp\VMBuilds\MegaDrumMachine\adafruit_adafruit_grandcentral_m4\Firmware/core.a(SERCOM.cpp.o)
                0x0000751a                SERCOM::isDataRegisterEmptyUART()
 .text._ZN6SERCOM12readDataUARTEv
                0x00007524        0x8 C:\Users\djneo\AppData\Local\Temp\VMBuilds\MegaDrumMachine\adafruit_adafruit_grandcentral_m4\Firmware/core.a(SERCOM.cpp.o)
                0x00007524                SERCOM::readDataUART()
 .text._ZN6SERCOM13writeDataUARTEh
                0x0000752c        0xe C:\Users\djneo\AppData\Local\Temp\VMBuilds\MegaDrumMachine\adafruit_adafruit_grandcentral_m4\Firmware/core.a(SERCOM.cpp.o)
                0x0000752c                SERCOM::writeDataUART(unsigned char)
 .text._ZN6SERCOM36enableDataRegisterEmptyInterruptUARTEv
                0x0000753a        0x8 C:\Users\djneo\AppData\Local\Temp\VMBuilds\MegaDrumMachine\adafruit_adafruit_grandcentral_m4\Firmware/core.a(SERCOM.cpp.o)
                0x0000753a                SERCOM::enableDataRegisterEmptyInterruptUART()
 .text._ZN6SERCOM37disableDataRegisterEmptyInterruptUARTEv
                0x00007542        0x8 C:\Users\djneo\AppData\Local\Temp\VMBuilds\MegaDrumMachine\adafruit_adafruit_grandcentral_m4\Firmware/core.a(SERCOM.cpp.o)
                0x00007542                SERCOM::disableDataRegisterEmptyInterruptUART()
 .text._ZN6SERCOM8resetSPIEv
                0x0000754a       0x1a C:\Users\djneo\AppData\Local\Temp\VMBuilds\MegaDrumMachine\adafruit_adafruit_grandcentral_m4\Firmware/core.a(SERCOM.cpp.o)
                0x0000754a                SERCOM::resetSPI()
 .text._ZN6SERCOM9enableSPIEv
                0x00007564       0x14 C:\Users\djneo\AppData\Local\Temp\VMBuilds\MegaDrumMachine\adafruit_adafruit_grandcentral_m4\Firmware/core.a(SERCOM.cpp.o)
                0x00007564                SERCOM::enableSPI()
 .text._ZN6SERCOM10disableSPIEv
                0x00007578       0x16 C:\Users\djneo\AppData\Local\Temp\VMBuilds\MegaDrumMachine\adafruit_adafruit_grandcentral_m4\Firmware/core.a(SERCOM.cpp.o)
                0x00007578                SERCOM::disableSPI()
 .text._ZN6SERCOM15transferDataSPIEh
                0x0000758e       0x12 C:\Users\djneo\AppData\Local\Temp\VMBuilds\MegaDrumMachine\adafruit_adafruit_grandcentral_m4\Firmware/core.a(SERCOM.cpp.o)
                0x0000758e                SERCOM::transferDataSPI(unsigned char)
 .text._ZN6SERCOM28calculateBaudrateSynchronousEm
                0x000075a0       0x14 C:\Users\djneo\AppData\Local\Temp\VMBuilds\MegaDrumMachine\adafruit_adafruit_grandcentral_m4\Firmware/core.a(SERCOM.cpp.o)
                0x000075a0                SERCOM::calculateBaudrateSynchronous(unsigned long)
 .text._ZN6SERCOM12initSPIClockE18SercomSpiClockModem
                0x000075b4       0x24 C:\Users\djneo\AppData\Local\Temp\VMBuilds\MegaDrumMachine\adafruit_adafruit_grandcentral_m4\Firmware/core.a(SERCOM.cpp.o)
                0x000075b4                SERCOM::initSPIClock(SercomSpiClockMode, unsigned long)
 .text._ZN6SERCOM9resetWIREEv
                0x000075d8       0x1a C:\Users\djneo\AppData\Local\Temp\VMBuilds\MegaDrumMachine\adafruit_adafruit_grandcentral_m4\Firmware/core.a(SERCOM.cpp.o)
                0x000075d8                SERCOM::resetWIRE()
 .text._ZN6SERCOM10enableWIREEv
                0x000075f2       0x26 C:\Users\djneo\AppData\Local\Temp\VMBuilds\MegaDrumMachine\adafruit_adafruit_grandcentral_m4\Firmware/core.a(SERCOM.cpp.o)
                0x000075f2                SERCOM::enableWIRE()
 .text._ZN6SERCOM18prepareNackBitWIREEv
                0x00007618        0xe C:\Users\djneo\AppData\Local\Temp\VMBuilds\MegaDrumMachine\adafruit_adafruit_grandcentral_m4\Firmware/core.a(SERCOM.cpp.o)
                0x00007618                SERCOM::prepareNackBitWIRE()
 .text._ZN6SERCOM17prepareAckBitWIREEv
                0x00007626        0xe C:\Users\djneo\AppData\Local\Temp\VMBuilds\MegaDrumMachine\adafruit_adafruit_grandcentral_m4\Firmware/core.a(SERCOM.cpp.o)
                0x00007626                SERCOM::prepareAckBitWIRE()
 .text._ZN6SERCOM22prepareCommandBitsWireEh
                0x00007634       0x24 C:\Users\djneo\AppData\Local\Temp\VMBuilds\MegaDrumMachine\adafruit_adafruit_grandcentral_m4\Firmware/core.a(SERCOM.cpp.o)
                0x00007634                SERCOM::prepareCommandBitsWire(unsigned char)
 .text._ZN6SERCOM21startTransmissionWIREEh23SercomWireReadWriteFlag
                0x00007658       0x56 C:\Users\djneo\AppData\Local\Temp\VMBuilds\MegaDrumMachine\adafruit_adafruit_grandcentral_m4\Firmware/core.a(SERCOM.cpp.o)
                0x00007658                SERCOM::startTransmissionWIRE(unsigned char, SercomWireReadWriteFlag)
 .text._ZN6SERCOM18sendDataMasterWIREEh
                0x000076ae       0x22 C:\Users\djneo\AppData\Local\Temp\VMBuilds\MegaDrumMachine\adafruit_adafruit_grandcentral_m4\Firmware/core.a(SERCOM.cpp.o)
                0x000076ae                SERCOM::sendDataMasterWIRE(unsigned char)
 .text._ZN6SERCOM17sendDataSlaveWIREEh
                0x000076d0       0x1a C:\Users\djneo\AppData\Local\Temp\VMBuilds\MegaDrumMachine\adafruit_adafruit_grandcentral_m4\Firmware/core.a(SERCOM.cpp.o)
                0x000076d0                SERCOM::sendDataSlaveWIRE(unsigned char)
 .text._ZN6SERCOM11isSlaveWIREEv
                0x000076ea       0x10 C:\Users\djneo\AppData\Local\Temp\VMBuilds\MegaDrumMachine\adafruit_adafruit_grandcentral_m4\Firmware/core.a(SERCOM.cpp.o)
                0x000076ea                SERCOM::isSlaveWIRE()
 .text._ZN6SERCOM15isDataReadyWIREEv
                0x000076fa        0xa C:\Users\djneo\AppData\Local\Temp\VMBuilds\MegaDrumMachine\adafruit_adafruit_grandcentral_m4\Firmware/core.a(SERCOM.cpp.o)
                0x000076fa                SERCOM::isDataReadyWIRE()
 .text._ZN6SERCOM18isStopDetectedWIREEv
                0x00007704        0xa C:\Users\djneo\AppData\Local\Temp\VMBuilds\MegaDrumMachine\adafruit_adafruit_grandcentral_m4\Firmware/core.a(SERCOM.cpp.o)
                0x00007704                SERCOM::isStopDetectedWIRE()
 .text._ZN6SERCOM21isRestartDetectedWIREEv
                0x0000770e        0xa C:\Users\djneo\AppData\Local\Temp\VMBuilds\MegaDrumMachine\adafruit_adafruit_grandcentral_m4\Firmware/core.a(SERCOM.cpp.o)
                0x0000770e                SERCOM::isRestartDetectedWIRE()
 .text._ZN6SERCOM14isAddressMatchEv
                0x00007718        0xa C:\Users\djneo\AppData\Local\Temp\VMBuilds\MegaDrumMachine\adafruit_adafruit_grandcentral_m4\Firmware/core.a(SERCOM.cpp.o)
                0x00007718                SERCOM::isAddressMatch()
 .text._ZN6SERCOM25isMasterReadOperationWIREEv
                0x00007722        0xa C:\Users\djneo\AppData\Local\Temp\VMBuilds\MegaDrumMachine\adafruit_adafruit_grandcentral_m4\Firmware/core.a(SERCOM.cpp.o)
                0x00007722                SERCOM::isMasterReadOperationWIRE()
 .text._ZN6SERCOM12readDataWIREEv
                0x0000772c       0x18 C:\Users\djneo\AppData\Local\Temp\VMBuilds\MegaDrumMachine\adafruit_adafruit_grandcentral_m4\Firmware/core.a(SERCOM.cpp.o)
                0x0000772c                SERCOM::readDataWIRE()
 .text._ZN6SERCOM14getSercomIndexEv
                0x00007744       0x24 C:\Users\djneo\AppData\Local\Temp\VMBuilds\MegaDrumMachine\adafruit_adafruit_grandcentral_m4\Firmware/core.a(SERCOM.cpp.o)
                0x00007744                SERCOM::getSercomIndex()
 .text._ZN6SERCOM14setClockSourceEa17SercomClockSourceb
                0x00007768       0xc0 C:\Users\djneo\AppData\Local\Temp\VMBuilds\MegaDrumMachine\adafruit_adafruit_grandcentral_m4\Firmware/core.a(SERCOM.cpp.o)
                0x00007768                SERCOM::setClockSource(signed char, SercomClockSource, bool)
 .text._ZN6SERCOM13initClockNVICEv
                0x00007828       0x98 C:\Users\djneo\AppData\Local\Temp\VMBuilds\MegaDrumMachine\adafruit_adafruit_grandcentral_m4\Firmware/core.a(SERCOM.cpp.o)
                0x00007828                SERCOM::initClockNVIC()
 .text._ZN6SERCOM8initUARTE14SercomUartMode20SercomUartSampleRatem
                0x000078c0       0x64 C:\Users\djneo\AppData\Local\Temp\VMBuilds\MegaDrumMachine\adafruit_adafruit_grandcentral_m4\Firmware/core.a(SERCOM.cpp.o)
                0x000078c0                SERCOM::initUART(SercomUartMode, SercomUartSampleRate, unsigned long)
 .text._ZN6SERCOM7initSPIE14SercomSpiTXPad11SercomRXPad17SercomSpiCharSize15SercomDataOrder
                0x00007924       0x46 C:\Users\djneo\AppData\Local\Temp\VMBuilds\MegaDrumMachine\adafruit_adafruit_grandcentral_m4\Firmware/core.a(SERCOM.cpp.o)
                0x00007924                SERCOM::initSPI(SercomSpiTXPad, SercomRXPad, SercomSpiCharSize, SercomDataOrder)
 *fill*         0x0000796a        0x2 
 .text._ZN6SERCOM14initMasterWIREEm
                0x0000796c       0x34 C:\Users\djneo\AppData\Local\Temp\VMBuilds\MegaDrumMachine\adafruit_adafruit_grandcentral_m4\Firmware/core.a(SERCOM.cpp.o)
                0x0000796c                SERCOM::initMasterWIRE(unsigned long)
 .text._ZN4UartcvbEv
                0x000079a0        0x4 C:\Users\djneo\AppData\Local\Temp\VMBuilds\MegaDrumMachine\adafruit_adafruit_grandcentral_m4\Firmware/core.a(Uart.cpp.o)
                0x000079a0                Uart::operator bool()
 .text._ZN4Uart5beginEm
                0x000079a4        0xa C:\Users\djneo\AppData\Local\Temp\VMBuilds\MegaDrumMachine\adafruit_adafruit_grandcentral_m4\Firmware/core.a(Uart.cpp.o)
                0x000079a4                Uart::begin(unsigned long)
 .text._ZN4Uart4peekEv
                0x000079ae       0x1a C:\Users\djneo\AppData\Local\Temp\VMBuilds\MegaDrumMachine\adafruit_adafruit_grandcentral_m4\Firmware/core.a(Uart.cpp.o)
                0x000079ae                Uart::peek()
 .text._ZN4Uart3endEv
                0x000079c8       0x1e C:\Users\djneo\AppData\Local\Temp\VMBuilds\MegaDrumMachine\adafruit_adafruit_grandcentral_m4\Firmware/core.a(Uart.cpp.o)
                0x000079c8                Uart::end()
 .text._ZN4Uart16extractNbStopBitEt
                0x000079e6        0xe C:\Users\djneo\AppData\Local\Temp\VMBuilds\MegaDrumMachine\adafruit_adafruit_grandcentral_m4\Firmware/core.a(Uart.cpp.o)
                0x000079e6                Uart::extractNbStopBit(unsigned short)
 .text._ZN4Uart15extractCharSizeEt
                0x000079f4       0x24 C:\Users\djneo\AppData\Local\Temp\VMBuilds\MegaDrumMachine\adafruit_adafruit_grandcentral_m4\Firmware/core.a(Uart.cpp.o)
                0x000079f4                Uart::extractCharSize(unsigned short)
 .text._ZN4Uart13extractParityEt
                0x00007a18       0x16 C:\Users\djneo\AppData\Local\Temp\VMBuilds\MegaDrumMachine\adafruit_adafruit_grandcentral_m4\Firmware/core.a(Uart.cpp.o)
                0x00007a18                Uart::extractParity(unsigned short)
 *fill*         0x00007a2e        0x2 
 .text._ZN4Uart5beginEmt
                0x00007a30       0xe0 C:\Users\djneo\AppData\Local\Temp\VMBuilds\MegaDrumMachine\adafruit_adafruit_grandcentral_m4\Firmware/core.a(Uart.cpp.o)
                0x00007a30                Uart::begin(unsigned long, unsigned short)
 .text._ZN11RingBufferNILi256EEC2Ev
                0x00007b10       0x18 C:\Users\djneo\AppData\Local\Temp\VMBuilds\MegaDrumMachine\adafruit_adafruit_grandcentral_m4\Firmware/core.a(Uart.cpp.o)
                0x00007b10                RingBufferN<256>::RingBufferN()
                0x00007b10                RingBufferN<256>::RingBufferN()
 .text._ZN4UartC2EP6SERCOMhh11SercomRXPad15SercomUartTXPad
                0x00007b28       0x54 C:\Users\djneo\AppData\Local\Temp\VMBuilds\MegaDrumMachine\adafruit_adafruit_grandcentral_m4\Firmware/core.a(Uart.cpp.o)
                0x00007b28                Uart::Uart(SERCOM*, unsigned char, unsigned char, SercomRXPad, SercomUartTXPad)
                0x00007b28                Uart::Uart(SERCOM*, unsigned char, unsigned char, SercomRXPad, SercomUartTXPad)
 .text._ZN11RingBufferNILi256EE9availableEv
                0x00007b7c       0x12 C:\Users\djneo\AppData\Local\Temp\VMBuilds\MegaDrumMachine\adafruit_adafruit_grandcentral_m4\Firmware/core.a(Uart.cpp.o)
                0x00007b7c                RingBufferN<256>::available()
 .text._ZN4Uart5flushEv
                0x00007b8e       0x1c C:\Users\djneo\AppData\Local\Temp\VMBuilds\MegaDrumMachine\adafruit_adafruit_grandcentral_m4\Firmware/core.a(Uart.cpp.o)
                0x00007b8e                Uart::flush()
 .text._ZN4Uart9availableEv
                0x00007baa        0xa C:\Users\djneo\AppData\Local\Temp\VMBuilds\MegaDrumMachine\adafruit_adafruit_grandcentral_m4\Firmware/core.a(Uart.cpp.o)
                0x00007baa                Uart::available()
 .text._ZN11RingBufferNILi256EE17availableForStoreEv
                0x00007bb4       0x2c C:\Users\djneo\AppData\Local\Temp\VMBuilds\MegaDrumMachine\adafruit_adafruit_grandcentral_m4\Firmware/core.a(Uart.cpp.o)
                0x00007bb4                RingBufferN<256>::availableForStore()
 .text._ZN4Uart17availableForWriteEv
                0x00007be0        0xc C:\Users\djneo\AppData\Local\Temp\VMBuilds\MegaDrumMachine\adafruit_adafruit_grandcentral_m4\Firmware/core.a(Uart.cpp.o)
                0x00007be0                Uart::availableForWrite()
 .text._ZN4Uart10IrqHandlerEv
                0x00007bec       0xc4 C:\Users\djneo\AppData\Local\Temp\VMBuilds\MegaDrumMachine\adafruit_adafruit_grandcentral_m4\Firmware/core.a(Uart.cpp.o)
                0x00007bec                Uart::IrqHandler()
 .text._ZN4Uart5writeEh
                0x00007cb0       0xac C:\Users\djneo\AppData\Local\Temp\VMBuilds\MegaDrumMachine\adafruit_adafruit_grandcentral_m4\Firmware/core.a(Uart.cpp.o)
                0x00007cb0                Uart::write(unsigned char)
 .text._ZN4Uart4readEv
                0x00007d5c       0x4a C:\Users\djneo\AppData\Local\Temp\VMBuilds\MegaDrumMachine\adafruit_adafruit_grandcentral_m4\Firmware/core.a(Uart.cpp.o)
                0x00007d5c                Uart::read()
 .text._ZN6StringD2Ev
                0x00007da6        0xe C:\Users\djneo\AppData\Local\Temp\VMBuilds\MegaDrumMachine\adafruit_adafruit_grandcentral_m4\Firmware/core.a(WString.cpp.o)
                0x00007da6                String::~String()
                0x00007da6                String::~String()
 .text._ZN6String10invalidateEv
                0x00007db4       0x16 C:\Users\djneo\AppData\Local\Temp\VMBuilds\MegaDrumMachine\adafruit_adafruit_grandcentral_m4\Firmware/core.a(WString.cpp.o)
                0x00007db4                String::invalidate()
 .text._ZN6String12changeBufferEj
                0x00007dca       0x18 C:\Users\djneo\AppData\Local\Temp\VMBuilds\MegaDrumMachine\adafruit_adafruit_grandcentral_m4\Firmware/core.a(WString.cpp.o)
                0x00007dca                String::changeBuffer(unsigned int)
 .text._ZN6String7reserveEj
                0x00007de2       0x28 C:\Users\djneo\AppData\Local\Temp\VMBuilds\MegaDrumMachine\adafruit_adafruit_grandcentral_m4\Firmware/core.a(WString.cpp.o)
                0x00007de2                String::reserve(unsigned int)
 .text._ZN6String4copyEPKcj
                0x00007e0a       0x26 C:\Users\djneo\AppData\Local\Temp\VMBuilds\MegaDrumMachine\adafruit_adafruit_grandcentral_m4\Firmware/core.a(WString.cpp.o)
                0x00007e0a                String::copy(char const*, unsigned int)
 .text._ZN6StringC2EPKc
                0x00007e30       0x24 C:\Users\djneo\AppData\Local\Temp\VMBuilds\MegaDrumMachine\adafruit_adafruit_grandcentral_m4\Firmware/core.a(WString.cpp.o)
                0x00007e30                String::String(char const*)
                0x00007e30                String::String(char const*)
 .text._ZN6StringaSEPKc.part.3
                0x00007e54       0x1a C:\Users\djneo\AppData\Local\Temp\VMBuilds\MegaDrumMachine\adafruit_adafruit_grandcentral_m4\Firmware/core.a(WString.cpp.o)
 .text._ZN6StringaSEPKc
                0x00007e6e       0x14 C:\Users\djneo\AppData\Local\Temp\VMBuilds\MegaDrumMachine\adafruit_adafruit_grandcentral_m4\Firmware/core.a(WString.cpp.o)
                0x00007e6e                String::operator=(char const*)
 .text._ZNK6String6equalsEPKc
                0x00007e82       0x24 C:\Users\djneo\AppData\Local\Temp\VMBuilds\MegaDrumMachine\adafruit_adafruit_grandcentral_m4\Firmware/core.a(WString.cpp.o)
                0x00007e82                String::equals(char const*) const
 .text._ZN7Serial_17availableForWriteEv
                0x00007ea6        0x4 C:\Users\djneo\AppData\Local\Temp\VMBuilds\MegaDrumMachine\adafruit_adafruit_grandcentral_m4\Firmware/core.a(CDC.cpp.o)
                0x00007ea6                Serial_::availableForWrite()
 .text._ZN7Serial_5writeEh
                0x00007eaa       0x16 C:\Users\djneo\AppData\Local\Temp\VMBuilds\MegaDrumMachine\adafruit_adafruit_grandcentral_m4\Firmware/core.a(CDC.cpp.o)
                0x00007eaa                Serial_::write(unsigned char)
 .text._ZN7Serial_9availableEv
                0x00007ec0        0x8 C:\Users\djneo\AppData\Local\Temp\VMBuilds\MegaDrumMachine\adafruit_adafruit_grandcentral_m4\Firmware/core.a(CDC.cpp.o)
                0x00007ec0                Serial_::available()
 .text._ZN7Serial_5flushEv
                0x00007ec8        0x8 C:\Users\djneo\AppData\Local\Temp\VMBuilds\MegaDrumMachine\adafruit_adafruit_grandcentral_m4\Firmware/core.a(CDC.cpp.o)
                0x00007ec8                Serial_::flush()
 .text._ZN7Serial_5writeEPKhj
                0x00007ed0       0x28 C:\Users\djneo\AppData\Local\Temp\VMBuilds\MegaDrumMachine\adafruit_adafruit_grandcentral_m4\Firmware/core.a(CDC.cpp.o)
                0x00007ed0                Serial_::write(unsigned char const*, unsigned int)
 .text._ZN7Serial_4peekEv
                0x00007ef8       0x1c C:\Users\djneo\AppData\Local\Temp\VMBuilds\MegaDrumMachine\adafruit_adafruit_grandcentral_m4\Firmware/core.a(CDC.cpp.o)
                0x00007ef8                Serial_::peek()
 .text._ZN7Serial_4readEv
                0x00007f14       0x20 C:\Users\djneo\AppData\Local\Temp\VMBuilds\MegaDrumMachine\adafruit_adafruit_grandcentral_m4\Firmware/core.a(CDC.cpp.o)
                0x00007f14                Serial_::read()
 .text._Z16CDC_GetInterfacePh
                0x00007f34       0x18 C:\Users\djneo\AppData\Local\Temp\VMBuilds\MegaDrumMachine\adafruit_adafruit_grandcentral_m4\Firmware/core.a(CDC.cpp.o)
                0x00007f34                CDC_GetInterface(unsigned char*)
 .text._Z9CDC_SetupR8USBSetup
                0x00007f4c       0x74 C:\Users\djneo\AppData\Local\Temp\VMBuilds\MegaDrumMachine\adafruit_adafruit_grandcentral_m4\Firmware/core.a(CDC.cpp.o)
                0x00007f4c                CDC_Setup(USBSetup&)
 .text._ZN7Serial_5beginEm
                0x00007fc0        0x2 C:\Users\djneo\AppData\Local\Temp\VMBuilds\MegaDrumMachine\adafruit_adafruit_grandcentral_m4\Firmware/core.a(CDC.cpp.o)
                0x00007fc0                Serial_::begin(unsigned long)
 *fill*         0x00007fc2        0x2 
 .text.startup._GLOBAL__sub_I__Z17_CDC_GetInterfacev
                0x00007fc4       0x24 C:\Users\djneo\AppData\Local\Temp\VMBuilds\MegaDrumMachine\adafruit_adafruit_grandcentral_m4\Firmware/core.a(CDC.cpp.o)
 .text._ZN26DoubleBufferedEPOutHandler4initEv
                0x00007fe8        0x2 C:\Users\djneo\AppData\Local\Temp\VMBuilds\MegaDrumMachine\adafruit_adafruit_grandcentral_m4\Firmware/core.a(USBCore.cpp.o)
                0x00007fe8                DoubleBufferedEPOutHandler::init()
 .text._ZL5utox8mPc
                0x00007fea       0x22 C:\Users\djneo\AppData\Local\Temp\VMBuilds\MegaDrumMachine\adafruit_adafruit_grandcentral_m4\Firmware/core.a(USBCore.cpp.o)
 .text._ZN26DoubleBufferedEPOutHandlerD2Ev
                0x0000800c       0x14 C:\Users\djneo\AppData\Local\Temp\VMBuilds\MegaDrumMachine\adafruit_adafruit_grandcentral_m4\Firmware/core.a(USBCore.cpp.o)
                0x0000800c                DoubleBufferedEPOutHandler::~DoubleBufferedEPOutHandler()
                0x0000800c                DoubleBufferedEPOutHandler::~DoubleBufferedEPOutHandler()
 .text._ZN26DoubleBufferedEPOutHandlerD0Ev
                0x00008020       0x12 C:\Users\djneo\AppData\Local\Temp\VMBuilds\MegaDrumMachine\adafruit_adafruit_grandcentral_m4\Firmware/core.a(USBCore.cpp.o)
                0x00008020                DoubleBufferedEPOutHandler::~DoubleBufferedEPOutHandler()
 *fill*         0x00008032        0x2 
 .text._ZN14USBDeviceClass6initEPEmm.part.5
                0x00008034       0xc4 C:\Users\djneo\AppData\Local\Temp\VMBuilds\MegaDrumMachine\adafruit_adafruit_grandcentral_m4\Firmware/core.a(USBCore.cpp.o)
 .text._ZN7__GuardC2Ev
                0x000080f8        0xe C:\Users\djneo\AppData\Local\Temp\VMBuilds\MegaDrumMachine\adafruit_adafruit_grandcentral_m4\Firmware/core.a(USBCore.cpp.o)
                0x000080f8                __Guard::__Guard()
                0x000080f8                __Guard::__Guard()
 .text._ZN7__GuardD2Ev
                0x00008106        0xc C:\Users\djneo\AppData\Local\Temp\VMBuilds\MegaDrumMachine\adafruit_adafruit_grandcentral_m4\Firmware/core.a(USBCore.cpp.o)
                0x00008106                __Guard::~__Guard()
                0x00008106                __Guard::~__Guard()
 .text._ZNK26DoubleBufferedEPOutHandler9availableEv
                0x00008112       0x5e C:\Users\djneo\AppData\Local\Temp\VMBuilds\MegaDrumMachine\adafruit_adafruit_grandcentral_m4\Firmware/core.a(USBCore.cpp.o)
                0x00008112                DoubleBufferedEPOutHandler::available() const
 .text._ZN26DoubleBufferedEPOutHandler7releaseEv
                0x00008170       0x4e C:\Users\djneo\AppData\Local\Temp\VMBuilds\MegaDrumMachine\adafruit_adafruit_grandcentral_m4\Firmware/core.a(USBCore.cpp.o)
                0x00008170                DoubleBufferedEPOutHandler::release()
 .text._ZN26DoubleBufferedEPOutHandler4recvEPvm
                0x000081be      0x116 C:\Users\djneo\AppData\Local\Temp\VMBuilds\MegaDrumMachine\adafruit_adafruit_grandcentral_m4\Firmware/core.a(USBCore.cpp.o)
                0x000081be                DoubleBufferedEPOutHandler::recv(void*, unsigned long)
 .text._ZN26DoubleBufferedEPOutHandler14handleEndpointEv
                0x000082d4       0xb8 C:\Users\djneo\AppData\Local\Temp\VMBuilds\MegaDrumMachine\adafruit_adafruit_grandcentral_m4\Firmware/core.a(USBCore.cpp.o)
                0x000082d4                DoubleBufferedEPOutHandler::handleEndpoint()
 .text._ZN14USBDeviceClass14SendInterfacesEPm
                0x0000838c       0x30 C:\Users\djneo\AppData\Local\Temp\VMBuilds\MegaDrumMachine\adafruit_adafruit_grandcentral_m4\Firmware/core.a(USBCore.cpp.o)
                0x0000838c                USBDeviceClass::SendInterfaces(unsigned long*)
 .text._ZN14USBDeviceClass14handleEndpointEh
                0x000083bc       0x3c C:\Users\djneo\AppData\Local\Temp\VMBuilds\MegaDrumMachine\adafruit_adafruit_grandcentral_m4\Firmware/core.a(USBCore.cpp.o)
                0x000083bc                USBDeviceClass::handleEndpoint(unsigned char)
 .text._ZN14USBDeviceClass4initEv
                0x000083f8      0x124 C:\Users\djneo\AppData\Local\Temp\VMBuilds\MegaDrumMachine\adafruit_adafruit_grandcentral_m4\Firmware/core.a(USBCore.cpp.o)
                0x000083f8                USBDeviceClass::init()
 .text._ZN14USBDeviceClass6attachEv
                0x0000851c       0x30 C:\Users\djneo\AppData\Local\Temp\VMBuilds\MegaDrumMachine\adafruit_adafruit_grandcentral_m4\Firmware/core.a(USBCore.cpp.o)
                0x0000851c                USBDeviceClass::attach()
 .text._ZN14USBDeviceClass10setAddressEm
                0x0000854c       0x40 C:\Users\djneo\AppData\Local\Temp\VMBuilds\MegaDrumMachine\adafruit_adafruit_grandcentral_m4\Firmware/core.a(USBCore.cpp.o)
                0x0000854c                USBDeviceClass::setAddress(unsigned long)
 .text._ZN14USBDeviceClass25handleClassInterfaceSetupER8USBSetup
                0x0000858c       0x40 C:\Users\djneo\AppData\Local\Temp\VMBuilds\MegaDrumMachine\adafruit_adafruit_grandcentral_m4\Firmware/core.a(USBCore.cpp.o)
                0x0000858c                USBDeviceClass::handleClassInterfaceSetup(USBSetup&)
 .text._ZN14USBDeviceClass6initEPEmm
                0x000085cc       0xe0 C:\Users\djneo\AppData\Local\Temp\VMBuilds\MegaDrumMachine\adafruit_adafruit_grandcentral_m4\Firmware/core.a(USBCore.cpp.o)
                0x000085cc                USBDeviceClass::initEP(unsigned long, unsigned long)
 .text._ZN14USBDeviceClass13initEndpointsEv
                0x000086ac       0x20 C:\Users\djneo\AppData\Local\Temp\VMBuilds\MegaDrumMachine\adafruit_adafruit_grandcentral_m4\Firmware/core.a(USBCore.cpp.o)
                0x000086ac                USBDeviceClass::initEndpoints()
 .text._ZN14USBDeviceClass9availableEm
                0x000086cc       0x28 C:\Users\djneo\AppData\Local\Temp\VMBuilds\MegaDrumMachine\adafruit_adafruit_grandcentral_m4\Firmware/core.a(USBCore.cpp.o)
                0x000086cc                USBDeviceClass::available(unsigned long)
 .text._ZN14USBDeviceClass5flushEm
                0x000086f4       0x28 C:\Users\djneo\AppData\Local\Temp\VMBuilds\MegaDrumMachine\adafruit_adafruit_grandcentral_m4\Firmware/core.a(USBCore.cpp.o)
                0x000086f4                USBDeviceClass::flush(unsigned long)
 .text._ZN14USBDeviceClass14armRecvCtrlOUTEm
                0x0000871c       0x54 C:\Users\djneo\AppData\Local\Temp\VMBuilds\MegaDrumMachine\adafruit_adafruit_grandcentral_m4\Firmware/core.a(USBCore.cpp.o)
                0x0000871c                USBDeviceClass::armRecvCtrlOUT(unsigned long)
 .text._ZN14USBDeviceClass11recvControlEPvm
                0x00008770       0x3c C:\Users\djneo\AppData\Local\Temp\VMBuilds\MegaDrumMachine\adafruit_adafruit_grandcentral_m4\Firmware/core.a(USBCore.cpp.o)
                0x00008770                USBDeviceClass::recvControl(void*, unsigned long)
 .text._ZN14USBDeviceClass7armRecvEm
                0x000087ac       0x34 C:\Users\djneo\AppData\Local\Temp\VMBuilds\MegaDrumMachine\adafruit_adafruit_grandcentral_m4\Firmware/core.a(USBCore.cpp.o)
                0x000087ac                USBDeviceClass::armRecv(unsigned long)
 .text._ZN14USBDeviceClass4recvEmPvm
                0x000087e0       0xd8 C:\Users\djneo\AppData\Local\Temp\VMBuilds\MegaDrumMachine\adafruit_adafruit_grandcentral_m4\Firmware/core.a(USBCore.cpp.o)
                0x000087e0                USBDeviceClass::recv(unsigned long, void*, unsigned long)
 .text._ZN14USBDeviceClass4recvEm
                0x000088b8       0x1e C:\Users\djneo\AppData\Local\Temp\VMBuilds\MegaDrumMachine\adafruit_adafruit_grandcentral_m4\Firmware/core.a(USBCore.cpp.o)
                0x000088b8                USBDeviceClass::recv(unsigned long)
 *fill*         0x000088d6        0x2 
 .text._ZN14USBDeviceClass4sendEmPKvm
                0x000088d8      0x108 C:\Users\djneo\AppData\Local\Temp\VMBuilds\MegaDrumMachine\adafruit_adafruit_grandcentral_m4\Firmware/core.a(USBCore.cpp.o)
                0x000088d8                USBDeviceClass::send(unsigned long, void const*, unsigned long)
 .text._ZN14USBDeviceClass7armSendEmPKvm
                0x000089e0       0x3c C:\Users\djneo\AppData\Local\Temp\VMBuilds\MegaDrumMachine\adafruit_adafruit_grandcentral_m4\Firmware/core.a(USBCore.cpp.o)
                0x000089e0                USBDeviceClass::armSend(unsigned long, void const*, unsigned long)
 .text._ZN14USBDeviceClass11sendControlEPKvm
                0x00008a1c       0x58 C:\Users\djneo\AppData\Local\Temp\VMBuilds\MegaDrumMachine\adafruit_adafruit_grandcentral_m4\Firmware/core.a(USBCore.cpp.o)
                0x00008a1c                USBDeviceClass::sendControl(void const*, unsigned long)
 .text._ZN14USBDeviceClass20sendStringDescriptorEPKhh
                0x00008a74       0x6c C:\Users\djneo\AppData\Local\Temp\VMBuilds\MegaDrumMachine\adafruit_adafruit_grandcentral_m4\Firmware/core.a(USBCore.cpp.o)
                0x00008a74                USBDeviceClass::sendStringDescriptor(unsigned char const*, unsigned char)
 .text._ZN14USBDeviceClass17sendConfigurationEm
                0x00008ae0       0xa0 C:\Users\djneo\AppData\Local\Temp\VMBuilds\MegaDrumMachine\adafruit_adafruit_grandcentral_m4\Firmware/core.a(USBCore.cpp.o)
                0x00008ae0                USBDeviceClass::sendConfiguration(unsigned long)
 .text._ZN14USBDeviceClass14sendDescriptorER8USBSetup
                0x00008b80       0xe8 C:\Users\djneo\AppData\Local\Temp\VMBuilds\MegaDrumMachine\adafruit_adafruit_grandcentral_m4\Firmware/core.a(USBCore.cpp.o)
                0x00008b80                USBDeviceClass::sendDescriptor(USBSetup&)
 .text._ZN14USBDeviceClass19handleStandardSetupER8USBSetup
                0x00008c68      0x114 C:\Users\djneo\AppData\Local\Temp\VMBuilds\MegaDrumMachine\adafruit_adafruit_grandcentral_m4\Firmware/core.a(USBCore.cpp.o)
                0x00008c68                USBDeviceClass::handleStandardSetup(USBSetup&)
 .text._ZN14USBDeviceClass10ISRHandlerEv
                0x00008d7c      0x158 C:\Users\djneo\AppData\Local\Temp\VMBuilds\MegaDrumMachine\adafruit_adafruit_grandcentral_m4\Firmware/core.a(USBCore.cpp.o)
                0x00008d7c                USBDeviceClass::ISRHandler()
 .text.UDD_Handler
                0x00008ed4        0xc C:\Users\djneo\AppData\Local\Temp\VMBuilds\MegaDrumMachine\adafruit_adafruit_grandcentral_m4\Firmware/core.a(USBCore.cpp.o)
                0x00008ed4                UDD_Handler
 .text.startup._GLOBAL__sub_I_usbd
                0x00008ee0       0x10 C:\Users\djneo\AppData\Local\Temp\VMBuilds\MegaDrumMachine\adafruit_adafruit_grandcentral_m4\Firmware/core.a(USBCore.cpp.o)
 .text.init     0x00008ef0      0x118 C:\Users\djneo\AppData\Local\Temp\VMBuilds\MegaDrumMachine\adafruit_adafruit_grandcentral_m4\Firmware/core.a(wiring.c.o)
                0x00008ef0                init
 .text.analogReference
                0x00009008       0xc8 C:\Users\djneo\AppData\Local\Temp\VMBuilds\MegaDrumMachine\adafruit_adafruit_grandcentral_m4\Firmware/core.a(wiring_analog.c.o)
                0x00009008                analogReference
 .text._Znwj    0x000090d0        0x4 C:\Users\djneo\AppData\Local\Temp\VMBuilds\MegaDrumMachine\adafruit_adafruit_grandcentral_m4\Firmware/core.a(new.cpp.o)
                0x000090d0                operator new(unsigned int)
 .text._ZdlPv   0x000090d4        0x4 C:\Users\djneo\AppData\Local\Temp\VMBuilds\MegaDrumMachine\adafruit_adafruit_grandcentral_m4\Firmware/core.a(new.cpp.o)
                0x000090d4                operator delete(void*)
 .text._ZN13PluggableUSB_12getInterfaceEPh
                0x000090d8       0x26 C:\Users\djneo\AppData\Local\Temp\VMBuilds\MegaDrumMachine\adafruit_adafruit_grandcentral_m4\Firmware/core.a(PluggableUSB.cpp.o)
                0x000090d8                PluggableUSB_::getInterface(unsigned char*)
 .text._ZN13PluggableUSB_13getDescriptorER8USBSetup
                0x000090fe       0x1c C:\Users\djneo\AppData\Local\Temp\VMBuilds\MegaDrumMachine\adafruit_adafruit_grandcentral_m4\Firmware/core.a(PluggableUSB.cpp.o)
                0x000090fe                PluggableUSB_::getDescriptor(USBSetup&)
 .text._ZN13PluggableUSB_5setupER8USBSetup
                0x0000911a       0x1c C:\Users\djneo\AppData\Local\Temp\VMBuilds\MegaDrumMachine\adafruit_adafruit_grandcentral_m4\Firmware/core.a(PluggableUSB.cpp.o)
                0x0000911a                PluggableUSB_::setup(USBSetup&)
 *fill*         0x00009136        0x2 
 .text._Z12PluggableUSBv
                0x00009138       0x24 C:\Users\djneo\AppData\Local\Temp\VMBuilds\MegaDrumMachine\adafruit_adafruit_grandcentral_m4\Firmware/core.a(PluggableUSB.cpp.o)
                0x00009138                PluggableUSB()
 .text._ZN20USBDevice_SAMD21G18x5resetEv
                0x0000915c       0x32 C:\Users\djneo\AppData\Local\Temp\VMBuilds\MegaDrumMachine\adafruit_adafruit_grandcentral_m4\Firmware/core.a(SAMD21_USBDevice.cpp.o)
                0x0000915c                USBDevice_SAMD21G18x::reset()
 *fill*         0x0000918e        0x2 
 .text._ZN20USBDevice_SAMD21G18x9calibrateEv
                0x00009190       0x48 C:\Users\djneo\AppData\Local\Temp\VMBuilds\MegaDrumMachine\adafruit_adafruit_grandcentral_m4\Firmware/core.a(SAMD21_USBDevice.cpp.o)
                0x00009190                USBDevice_SAMD21G18x::calibrate()
 .text.__aeabi_atexit
                0x000091d8        0xa c:/users/djneo/appdata/local/arduino15/packages/arduino/tools/arm-none-eabi-gcc/7-2017q4/bin/../lib/gcc/arm-none-eabi/7.2.1/../../../../arm-none-eabi/lib/thumb/v7e-m/fpv4-sp/hard\libstdc++_nano.a(atexit_arm.o)
                0x000091d8                __aeabi_atexit
 *fill*         0x000091e2        0x2 
 .text          0x000091e4      0x378 c:/users/djneo/appdata/local/arduino15/packages/arduino/tools/arm-none-eabi-gcc/7-2017q4/bin/../lib/gcc/arm-none-eabi/7.2.1/thumb/v7e-m/fpv4-sp/hard\libgcc.a(_arm_addsubdf3.o)
                0x000091e4                __aeabi_drsub
                0x000091ec                __aeabi_dsub
                0x000091ec                __subdf3
                0x000091f0                __aeabi_dadd
                0x000091f0                __adddf3
                0x00009468                __floatunsidf
                0x00009468                __aeabi_ui2d
                0x00009488                __floatsidf
                0x00009488                __aeabi_i2d
                0x000094ac                __aeabi_f2d
                0x000094ac                __extendsfdf2
                0x000094f0                __floatundidf
                0x000094f0                __aeabi_ul2d
                0x00009500                __floatdidf
                0x00009500                __aeabi_l2d
 .text          0x0000955c      0x424 c:/users/djneo/appdata/local/arduino15/packages/arduino/tools/arm-none-eabi-gcc/7-2017q4/bin/../lib/gcc/arm-none-eabi/7.2.1/thumb/v7e-m/fpv4-sp/hard\libgcc.a(_arm_muldivdf3.o)
                0x0000955c                __aeabi_dmul
                0x0000955c                __muldf3
                0x000097b0                __divdf3
                0x000097b0                __aeabi_ddiv
 .text          0x00009980      0x110 c:/users/djneo/appdata/local/arduino15/packages/arduino/tools/arm-none-eabi-gcc/7-2017q4/bin/../lib/gcc/arm-none-eabi/7.2.1/thumb/v7e-m/fpv4-sp/hard\libgcc.a(_arm_cmpdf2.o)
                0x00009980                __gtdf2
                0x00009980                __gedf2
                0x00009988                __ltdf2
                0x00009988                __ledf2
                0x00009990                __nedf2
                0x00009990                __eqdf2
                0x00009990                __cmpdf2
                0x00009a0c                __aeabi_cdrcmple
                0x00009a1c                __aeabi_cdcmpeq
                0x00009a1c                __aeabi_cdcmple
                0x00009a2c                __aeabi_dcmpeq
                0x00009a40                __aeabi_dcmplt
                0x00009a54                __aeabi_dcmple
                0x00009a68                __aeabi_dcmpge
                0x00009a7c                __aeabi_dcmpgt
 .text          0x00009a90       0x2c c:/users/djneo/appdata/local/arduino15/packages/arduino/tools/arm-none-eabi-gcc/7-2017q4/bin/../lib/gcc/arm-none-eabi/7.2.1/thumb/v7e-m/fpv4-sp/hard\libgcc.a(_arm_unorddf2.o)
                0x00009a90                __unorddf2
                0x00009a90                __aeabi_dcmpun
 .text          0x00009abc       0x50 c:/users/djneo/appdata/local/arduino15/packages/arduino/tools/arm-none-eabi-gcc/7-2017q4/bin/../lib/gcc/arm-none-eabi/7.2.1/thumb/v7e-m/fpv4-sp/hard\libgcc.a(_arm_fixdfsi.o)
                0x00009abc                __aeabi_d2iz
                0x00009abc                __fixdfsi
 .text.__assert_func
                0x00009b0c       0x3c c:/users/djneo/appdata/local/arduino15/packages/arduino/tools/arm-none-eabi-gcc/7-2017q4/bin/../lib/gcc/arm-none-eabi/7.2.1/../../../../arm-none-eabi/lib/thumb/v7e-m/fpv4-sp/hard\libc_nano.a(lib_a-assert.o)
                0x00009b0c                __assert_func
 .text.calloc   0x00009b48       0x10 c:/users/djneo/appdata/local/arduino15/packages/arduino/tools/arm-none-eabi-gcc/7-2017q4/bin/../lib/gcc/arm-none-eabi/7.2.1/../../../../arm-none-eabi/lib/thumb/v7e-m/fpv4-sp/hard\libc_nano.a(lib_a-calloc.o)
                0x00009b48                calloc
 .text.__cxa_atexit
                0x00009b58       0x1c c:/users/djneo/appdata/local/arduino15/packages/arduino/tools/arm-none-eabi-gcc/7-2017q4/bin/../lib/gcc/arm-none-eabi/7.2.1/../../../../arm-none-eabi/lib/thumb/v7e-m/fpv4-sp/hard\libc_nano.a(lib_a-cxa_atexit.o)
                0x00009b58                __cxa_atexit
 .text.fprintf  0x00009b74       0x24 c:/users/djneo/appdata/local/arduino15/packages/arduino/tools/arm-none-eabi-gcc/7-2017q4/bin/../lib/gcc/arm-none-eabi/7.2.1/../../../../arm-none-eabi/lib/thumb/v7e-m/fpv4-sp/hard\libc_nano.a(lib_a-fprintf.o)
                0x00009b74                fiprintf
                0x00009b74                fprintf
 .text.__libc_init_array
                0x00009b98       0x48 c:/users/djneo/appdata/local/arduino15/packages/arduino/tools/arm-none-eabi-gcc/7-2017q4/bin/../lib/gcc/arm-none-eabi/7.2.1/../../../../arm-none-eabi/lib/thumb/v7e-m/fpv4-sp/hard\libc_nano.a(lib_a-init.o)
                0x00009b98                __libc_init_array
 .text.malloc   0x00009be0       0x10 c:/users/djneo/appdata/local/arduino15/packages/arduino/tools/arm-none-eabi-gcc/7-2017q4/bin/../lib/gcc/arm-none-eabi/7.2.1/../../../../arm-none-eabi/lib/thumb/v7e-m/fpv4-sp/hard\libc_nano.a(lib_a-malloc.o)
                0x00009be0                malloc
 .text.free     0x00009bf0       0x10 c:/users/djneo/appdata/local/arduino15/packages/arduino/tools/arm-none-eabi-gcc/7-2017q4/bin/../lib/gcc/arm-none-eabi/7.2.1/../../../../arm-none-eabi/lib/thumb/v7e-m/fpv4-sp/hard\libc_nano.a(lib_a-malloc.o)
                0x00009bf0                free
 .text.__ascii_mbtowc
                0x00009c00       0x24 c:/users/djneo/appdata/local/arduino15/packages/arduino/tools/arm-none-eabi-gcc/7-2017q4/bin/../lib/gcc/arm-none-eabi/7.2.1/../../../../arm-none-eabi/lib/thumb/v7e-m/fpv4-sp/hard\libc_nano.a(lib_a-mbtowc_r.o)
                0x00009c00                __ascii_mbtowc
 .text.memcmp   0x00009c24       0x1e c:/users/djneo/appdata/local/arduino15/packages/arduino/tools/arm-none-eabi-gcc/7-2017q4/bin/../lib/gcc/arm-none-eabi/7.2.1/../../../../arm-none-eabi/lib/thumb/v7e-m/fpv4-sp/hard\libc_nano.a(lib_a-memcmp.o)
                0x00009c24                memcmp