Archive member included to satisfy reference by file (symbol)

C:\Users\djneo\AppData\Local\Temp\VMBuilds\MegaDrumMachine\adafruit_adafruit_grandcentral_m4\Firmware/core.a(cortex_handlers.c.o)
                              (Reset_Handler)
C:\Users\djneo\AppData\Local\Temp\VMBuilds\MegaDrumMachine\adafruit_adafruit_grandcentral_m4\Firmware/core.a(delay.c.o)
                              MegaDrumMachine.cpp.o (millis)
C:\Users\djneo\AppData\Local\Temp\VMBuilds\MegaDrumMachine\adafruit_adafruit_grandcentral_m4\Firmware/core.a(hooks.c.o)
                              C:\Users\djneo\AppData\Local\Temp\VMBuilds\MegaDrumMachine\adafruit_adafruit_grandcentral_m4\Firmware/core.a(delay.c.o) (yield)
C:\Users\djneo\AppData\Local\Temp\VMBuilds\MegaDrumMachine\adafruit_adafruit_grandcentral_m4\Firmware/core.a(startup.c.o)
                              C:\Users\djneo\AppData\Local\Temp\VMBuilds\MegaDrumMachine\adafruit_adafruit_grandcentral_m4\Firmware/core.a(cortex_handlers.c.o) (SystemInit)
C:\Users\djneo\AppData\Local\Temp\VMBuilds\MegaDrumMachine\adafruit_adafruit_grandcentral_m4\Firmware/core.a(wiring_digital.c.o)
                              BeatClock.cpp.o (pinMode)
C:\Users\djneo\AppData\Local\Temp\VMBuilds\MegaDrumMachine\adafruit_adafruit_grandcentral_m4\Firmware/core.a(wiring_private.c.o)
                              Wire\Wire.cpp.o (pinPeripheral)
C:\Users\djneo\AppData\Local\Temp\VMBuilds\MegaDrumMachine\adafruit_adafruit_grandcentral_m4\Firmware/core.a(main.cpp.o)
                              c:/users/djneo/appdata/local/arduino15/packages/arduino/tools/arm-none-eabi-gcc/7-2017q4/bin/../lib/gcc/arm-none-eabi/7.2.1/../../../../arm-none-eabi/lib/thumb/v7e-m/fpv4-sp/hard/crt0.o (main)
C:\Users\djneo\AppData\Local\Temp\VMBuilds\MegaDrumMachine\adafruit_adafruit_grandcentral_m4\Firmware/core.a(new.cpp.o)
                              MegaDrumMachine.cpp.o (operator new(unsigned int))
C:\Users\djneo\AppData\Local\Temp\VMBuilds\MegaDrumMachine\adafruit_adafruit_grandcentral_m4\Firmware/core.a(Print.cpp.o)
                              LiquidCrystal_I2C\LiquidCrystal_I2C.cpp.o (Print::write(unsigned char const*, unsigned int))
C:\Users\djneo\AppData\Local\Temp\VMBuilds\MegaDrumMachine\adafruit_adafruit_grandcentral_m4\Firmware/core.a(Reset.cpp.o)
                              C:\Users\djneo\AppData\Local\Temp\VMBuilds\MegaDrumMachine\adafruit_adafruit_grandcentral_m4\Firmware/core.a(delay.c.o) (tickReset)
C:\Users\djneo\AppData\Local\Temp\VMBuilds\MegaDrumMachine\adafruit_adafruit_grandcentral_m4\Firmware/core.a(SERCOM.cpp.o)
                              C:\Users\djneo\AppData\Local\Temp\VMBCore\arduino16x\9c68673ebfce96ce038e39692a3550a3\variant\variant.cpp.o (SERCOM::SERCOM(Sercom*))
C:\Users\djneo\AppData\Local\Temp\VMBuilds\MegaDrumMachine\adafruit_adafruit_grandcentral_m4\Firmware/core.a(Stream.cpp.o)
                              MegaDrumMachine.cpp.o (Stream::readBytes(char*, unsigned int))
C:\Users\djneo\AppData\Local\Temp\VMBuilds\MegaDrumMachine\adafruit_adafruit_grandcentral_m4\Firmware/core.a(Uart.cpp.o)
                              WAV-Trigger-Arduino-Serial-Library-master\wavTrigger.cpp.o (Uart::begin(unsigned long))
C:\Users\djneo\AppData\Local\Temp\VMBuilds\MegaDrumMachine\adafruit_adafruit_grandcentral_m4\Firmware/core.a(WString.cpp.o)
                              MegaDrumMachine.cpp.o (String::~String())
C:\Users\djneo\AppData\Local\Temp\VMBuilds\MegaDrumMachine\adafruit_adafruit_grandcentral_m4\Firmware/core.a(CDC.cpp.o)
                              SD\utility\SdFile.cpp.o (Serial_::write(unsigned char))
C:\Users\djneo\AppData\Local\Temp\VMBuilds\MegaDrumMachine\adafruit_adafruit_grandcentral_m4\Firmware/core.a(USBCore.cpp.o)
                              C:\Users\djneo\AppData\Local\Temp\VMBuilds\MegaDrumMachine\adafruit_adafruit_grandcentral_m4\Firmware/core.a(main.cpp.o) (USBDeviceClass::init())
C:\Users\djneo\AppData\Local\Temp\VMBuilds\MegaDrumMachine\adafruit_adafruit_grandcentral_m4\Firmware/core.a(itoa.c.o)
                              C:\Users\djneo\AppData\Local\Temp\VMBuilds\MegaDrumMachine\adafruit_adafruit_grandcentral_m4\Firmware/core.a(WString.cpp.o) (ltoa)
C:\Users\djneo\AppData\Local\Temp\VMBuilds\MegaDrumMachine\adafruit_adafruit_grandcentral_m4\Firmware/core.a(wiring.c.o)
                              C:\Users\djneo\AppData\Local\Temp\VMBuilds\MegaDrumMachine\adafruit_adafruit_grandcentral_m4\Firmware/core.a(main.cpp.o) (init)
C:\Users\djneo\AppData\Local\Temp\VMBuilds\MegaDrumMachine\adafruit_adafruit_grandcentral_m4\Firmware/core.a(wiring_analog.c.o)
                              C:\Users\djneo\AppData\Local\Temp\VMBuilds\MegaDrumMachine\adafruit_adafruit_grandcentral_m4\Firmware/core.a(wiring.c.o) (analogReference)
C:\Users\djneo\AppData\Local\Temp\VMBuilds\MegaDrumMachine\adafruit_adafruit_grandcentral_m4\Firmware/core.a(dtostrf.c.o)
[...]
Memory Configuration

Name             Origin             Length             Attributes
FLASH            0x00004000         0x000fc000         xr
RAM              0x20000000         0x00040000         xrw
*default*        0x00000000         0xffffffff

Linker script and memory map

LOAD c:/users/djneo/appdata/local/arduino15/packages/arduino/tools/arm-none-eabi-gcc/7-2017q4/bin/../lib/gcc/arm-none-eabi/7.2.1/thumb/v7e-m/fpv4-sp/hard/crti.o
LOAD c:/users/djneo/appdata/local/arduino15/packages/arduino/tools/arm-none-eabi-gcc/7-2017q4/bin/../lib/gcc/arm-none-eabi/7.2.1/thumb/v7e-m/fpv4-sp/hard/crtbegin.o
LOAD c:/users/djneo/appdata/local/arduino15/packages/arduino/tools/arm-none-eabi-gcc/7-2017q4/bin/../lib/gcc/arm-none-eabi/7.2.1/../../../../arm-none-eabi/lib/thumb/v7e-m/fpv4-sp/hard/crt0.o
LOAD MegaDrumMachine.cpp.o
LOAD BeatClock.cpp.o
LOAD BtnPad.cpp.o
LOAD ButtonReader.cpp.o
LOAD ButtonsSimple.cpp.o
LOAD ByteWidget.cpp.o
LOAD DrumKit.cpp.o
LOAD DrumPattern.cpp.o
LOAD IconIndicator.cpp.o
LOAD IntWidget.cpp.o
LOAD IVisibleWidget.cpp.o
LOAD LCDView.cpp.o
LOAD LCDWidget.cpp.o
LOAD LCDWidgets.cpp.o
LOAD MenuVar.cpp.o
LOAD PatternBank.cpp.o
LOAD PatternPositionIndicator.cpp.o
LOAD Sequencer.cpp.o
LOAD StepTriggerIndicator.cpp.o
LOAD UIntWidget.cpp.o
LOAD ValueControl.cpp.o
LOAD WidgetData.cpp.o
LOAD Bounce2\Bounce2.cpp.o
LOAD LiquidCrystal_I2C\LiquidCrystal_I2C.cpp.o
LOAD Wire\Wire.cpp.o
LOAD SPI\SPI.cpp.o
LOAD Adafruit_ZeroDMA\Adafruit_ZeroDMA.cpp.o
LOAD RotaryEncoder\RotaryEncoder.cpp.o
LOAD LiquidCrystal\LiquidCrystal.cpp.o
LOAD WAV-Trigger-Arduino-Serial-Library-master\wavTrigger.cpp.o
LOAD SD\File.cpp.o
LOAD SD\SD.cpp.o
LOAD SD\utility\Sd2Card.cpp.o
LOAD SD\utility\SdFile.cpp.o
LOAD SD\utility\SdVolume.cpp.o
LOAD Metro\Metro.cpp.o
LOAD C:\Users\djneo\AppData\Local\Temp\VMBCore\arduino16x\9c68673ebfce96ce038e39692a3550a3\variant\variant.cpp.o
START GROUP
LOAD C:\Users\djneo\AppData\Local\arduino15\packages\arduino\tools\CMSIS\4.5.0/CMSIS/Lib/GCC/\libarm_cortexM4lf_math.a
LOAD C:\Users\djneo\AppData\Local\Temp\VMBuilds\MegaDrumMachine\adafruit_adafruit_grandcentral_m4\Firmware/core.a
END GROUP
LOAD c:/users/djneo/appdata/local/arduino15/packages/arduino/tools/arm-none-eabi-gcc/7-2017q4/bin/../lib/gcc/arm-none-eabi/7.2.1/../../../../arm-none-eabi/lib/thumb/v7e-m/fpv4-sp/hard\libstdc++_nano.a
LOAD c:/users/djneo/appdata/local/arduino15/packages/arduino/tools/arm-none-eabi-gcc/7-2017q4/bin/../lib/gcc/arm-none-eabi/7.2.1/../../../../arm-none-eabi/lib/thumb/v7e-m/fpv4-sp/hard\libm.a
START GROUP
LOAD c:/users/djneo/appdata/local/arduino15/packages/arduino/tools/arm-none-eabi-gcc/7-2017q4/bin/../lib/gcc/arm-none-eabi/7.2.1/thumb/v7e-m/fpv4-sp/hard\libgcc.a
LOAD c:/users/djneo/appdata/local/arduino15/packages/arduino/tools/arm-none-eabi-gcc/7-2017q4/bin/../lib/gcc/arm-none-eabi/7.2.1/../../../../arm-none-eabi/lib/thumb/v7e-m/fpv4-sp/hard\libc_nano.a
END GROUP
START GROUP
LOAD c:/users/djneo/appdata/local/arduino15/packages/arduino/tools/arm-none-eabi-gcc/7-2017q4/bin/../lib/gcc/arm-none-eabi/7.2.1/thumb/v7e-m/fpv4-sp/hard\libgcc.a
LOAD c:/users/djneo/appdata/local/arduino15/packages/arduino/tools/arm-none-eabi-gcc/7-2017q4/bin/../lib/gcc/arm-none-eabi/7.2.1/../../../../arm-none-eabi/lib/thumb/v7e-m/fpv4-sp/hard\libc_nano.a
LOAD c:/users/djneo/appdata/local/arduino15/packages/arduino/tools/arm-none-eabi-gcc/7-2017q4/bin/../lib/gcc/arm-none-eabi/7.2.1/../../../../arm-none-eabi/lib/thumb/v7e-m/fpv4-sp/hard\libnosys.a
END GROUP
START GROUP
LOAD c:/users/djneo/appdata/local/arduino15/packages/arduino/tools/arm-none-eabi-gcc/7-2017q4/bin/../lib/gcc/arm-none-eabi/7.2.1/thumb/v7e-m/fpv4-sp/hard\libgcc.a
LOAD c:/users/djneo/appdata/local/arduino15/packages/arduino/tools/arm-none-eabi-gcc/7-2017q4/bin/../lib/gcc/arm-none-eabi/7.2.1/../../../../arm-none-eabi/lib/thumb/v7e-m/fpv4-sp/hard\libc_nano.a
LOAD c:/users/djneo/appdata/local/arduino15/packages/arduino/tools/arm-none-eabi-gcc/7-2017q4/bin/../lib/gcc/arm-none-eabi/7.2.1/../../../../arm-none-eabi/lib/thumb/v7e-m/fpv4-sp/hard\libnosys.a
END GROUP
LOAD c:/users/djneo/appdata/local/arduino15/packages/arduino/tools/arm-none-eabi-gcc/7-2017q4/bin/../lib/gcc/arm-none-eabi/7.2.1/thumb/v7e-m/fpv4-sp/hard/crtend.o
LOAD c:/users/djneo/appdata/local/arduino15/packages/arduino/tools/arm-none-eabi-gcc/7-2017q4/bin/../lib/gcc/arm-none-eabi/7.2.1/thumb/v7e-m/fpv4-sp/hard/crtn.o

.text           0x00004000     0x8670
                0x00004000                __text_start__ = .
 *(.sketch_boot)
                0x00004000                . = ALIGN (0x4000)
 *(.isr_vector)
 .isr_vector    0x00004000      0x264 C:\Users\djneo\AppData\Local\Temp\VMBuilds\MegaDrumMachine\adafruit_adafruit_grandcentral_m4\Firmware/core.a(cortex_handlers.c.o)
                0x00004000                exception_table
 *(.text*)
 .text          0x00004264       0x40 c:/users/djneo/appdata/local/arduino15/packages/arduino/tools/arm-none-eabi-gcc/7-2017q4/bin/../lib/gcc/arm-none-eabi/7.2.1/thumb/v7e-m/fpv4-sp/hard/crtbegin.o
 .text._ZN5Print17availableForWriteEv
                0x000042a4        0x4 MegaDrumMachine.cpp.o
                0x000042a4                Print::availableForWrite()
 .text._ZN5Print5flushEv
                0x000042a8        0x2 MegaDrumMachine.cpp.o
                0x000042a8                Print::flush()
 .text._ZN10wavTriggerD2Ev
                0x000042aa        0x2 MegaDrumMachine.cpp.o
                0x000042aa                wavTrigger::~wavTrigger()
                0x000042aa                wavTrigger::~wavTrigger()
 .text.setup    0x000042ac       0xac MegaDrumMachine.cpp.o
                0x000042ac                setup
 .text.loop     0x00004358       0xb8 MegaDrumMachine.cpp.o
                0x00004358                loop
 .text.startup._GLOBAL__sub_I_encoder
                0x00004410      0x30c MegaDrumMachine.cpp.o
 .text._ZN9BeatClockC2Ev
                0x0000471c       0x40 BeatClock.cpp.o
                0x0000471c                BeatClock::BeatClock()
                0x0000471c                BeatClock::BeatClock()
 .text._ZN12ButtonReader5beginEb
                0x0000475c       0x2c ButtonReader.cpp.o
                0x0000475c                ButtonReader::begin(bool)
 .text._ZN13ButtonsSimpleC2Ev
                0x00004788        0xe ButtonsSimple.cpp.o
                0x00004788                ButtonsSimple::ButtonsSimple()
                0x00004788                ButtonsSimple::ButtonsSimple()
 .text._ZN13ButtonsSimple3AddEii
                0x00004796       0x2c ButtonsSimple.cpp.o
                0x00004796                ButtonsSimple::Add(int, int)
 .text._ZN13ButtonsSimple5StartEv
                0x000047c2        0x8 ButtonsSimple.cpp.o
                0x000047c2                ButtonsSimple::Start()
 .text._ZN13ButtonsSimple4ReadEv
                0x000047ca       0x40 ButtonsSimple.cpp.o
                0x000047ca                ButtonsSimple::Read()
 .text._ZN9LCDWidget10isReadOnlyEv
                0x0000480a        0x4 ByteWidget.cpp.o
                0x0000480a                LCDWidget::isReadOnly()
 .text._ZN9LCDWidget11setReadOnlyEb
                0x0000480e        0x4 ByteWidget.cpp.o
                0x0000480e                LCDWidget::setReadOnly(bool)
 .text._ZN9LCDWidget11setOnSubmitEPFvvE
                0x00004812        0x8 ByteWidget.cpp.o
                0x00004812                LCDWidget::setOnSubmit(void (*)())
 .text._ZN10ByteWidget11SubmitValueEv
                0x0000481a        0xa ByteWidget.cpp.o
                0x0000481a                ByteWidget::SubmitValue()
 .text._ZN10ByteWidget11setSelectedEb
                0x00004824        0x4 ByteWidget.cpp.o
                0x00004824                ByteWidget::setSelected(bool)
 .text._ZN10ByteWidget7setEditEb
                0x00004828        0x4 ByteWidget.cpp.o
                0x00004828                ByteWidget::setEdit(bool)
 .text._ZN10ByteWidget8drawSelfEP17LiquidCrystal_I2C
                0x0000482c       0xac ByteWidget.cpp.o
                0x0000482c                ByteWidget::drawSelf(LiquidCrystal_I2C*)
 .text._ZThn8_N10ByteWidget8drawSelfEP17LiquidCrystal_I2C
                0x000048d8        0x8 ByteWidget.cpp.o
                0x000048d8                non-virtual thunk to ByteWidget::drawSelf(LiquidCrystal_I2C*)
 .text._ZN10ByteWidget10updateSelfEP17LiquidCrystal_I2C
                0x000048e0       0x80 ByteWidget.cpp.o
                0x000048e0                ByteWidget::updateSelf(LiquidCrystal_I2C*)
 .text._ZThn8_N10ByteWidget10updateSelfEP17LiquidCrystal_I2C
                0x00004960        0x8 ByteWidget.cpp.o
                0x00004960                non-virtual thunk to ByteWidget::updateSelf(LiquidCrystal_I2C*)
 .text._ZN10ByteWidget9NextValueEv
                0x00004968       0x14 ByteWidget.cpp.o
                0x00004968                ByteWidget::NextValue()
 .text._ZN10ByteWidget13PreviousValueEv
                0x0000497c       0x12 ByteWidget.cpp.o
                0x0000497c                ByteWidget::PreviousValue()
 *fill*         0x0000498e        0x2 
 .text._ZN10ByteWidgetC2EP6StringhhPh
                0x00004990       0x34 ByteWidget.cpp.o
                0x00004990                ByteWidget::ByteWidget(String*, unsigned char, unsigned char, unsigned char*)
                0x00004990                ByteWidget::ByteWidget(String*, unsigned char, unsigned char, unsigned char*)
 .text._ZN7DrumKit9getSampleEh
                0x000049c4        0x8 DrumKit.cpp.o
                0x000049c4                DrumKit::getSample(unsigned char)
 .text._ZN7DrumKit9setSampleEht
                0x000049cc        0x8 DrumKit.cpp.o
                0x000049cc                DrumKit::setSample(unsigned char, unsigned short)
 .text._ZN7DrumKit7getGainEh
                0x000049d4        0x6 DrumKit.cpp.o
                0x000049d4                DrumKit::getGain(unsigned char)
 .text._ZN7DrumKit11setKickGainEht
                0x000049da        0x6 DrumKit.cpp.o
                0x000049da                DrumKit::setKickGain(unsigned char, unsigned short)
 .text._ZN7DrumKit10getSampPtrEv
                0x000049e0        0x4 DrumKit.cpp.o
                0x000049e0                DrumKit::getSampPtr()
 .text._ZN7DrumKit10getGainPtrEv
                0x000049e4        0x4 DrumKit.cpp.o
                0x000049e4                DrumKit::getGainPtr()
 .text._ZN7DrumKitC2Ev
                0x000049e8       0x14 DrumKit.cpp.o
                0x000049e8                DrumKit::DrumKit()
                0x000049e8                DrumKit::DrumKit()
 .text._ZN13IconIndicator8drawSelfEP17LiquidCrystal_I2C
                0x000049fc       0x26 IconIndicator.cpp.o
                0x000049fc                IconIndicator::updateSelf(LiquidCrystal_I2C*)
                0x000049fc                IconIndicator::drawSelf(LiquidCrystal_I2C*)
 *fill*         0x00004a22        0x2 
 .text._ZN13IconIndicatorC2EiicPb
                0x00004a24       0x18 IconIndicator.cpp.o
                0x00004a24                IconIndicator::IconIndicator(int, int, char, bool*)
                0x00004a24                IconIndicator::IconIndicator(int, int, char, bool*)
 .text._ZN7LCDViewC2Ehh6StringiPP9LCDWidgetP17LiquidCrystal_I2C
                0x00004a3c       0x50 LCDView.cpp.o
                0x00004a3c                LCDView::LCDView(unsigned char, unsigned char, String, int, LCDWidget**, LiquidCrystal_I2C*)
                0x00004a3c                LCDView::LCDView(unsigned char, unsigned char, String, int, LCDWidget**, LiquidCrystal_I2C*)
 .text._ZN7LCDViewC2Ehh6StringiPP9LCDWidgetiPP14IVisibleWidgetP17LiquidCrystal_I2C
                0x00004a8c       0x64 LCDView.cpp.o
                0x00004a8c                LCDView::LCDView(unsigned char, unsigned char, String, int, LCDWidget**, int, IVisibleWidget**, LiquidCrystal_I2C*)
                0x00004a8c                LCDView::LCDView(unsigned char, unsigned char, String, int, LCDWidget**, int, IVisibleWidget**, LiquidCrystal_I2C*)
 .text._ZN24PatternPositionIndicator8drawSelfEP17LiquidCrystal_I2C
                0x00004af0       0x7c PatternPositionIndicator.cpp.o
                0x00004af0                PatternPositionIndicator::drawSelf(LiquidCrystal_I2C*)
 .text._ZN24PatternPositionIndicator10updateSelfEP17LiquidCrystal_I2C
                0x00004b6c       0x58 PatternPositionIndicator.cpp.o
                0x00004b6c                PatternPositionIndicator::updateSelf(LiquidCrystal_I2C*)
 .text._ZN24PatternPositionIndicatorC2EiiPj
                0x00004bc4       0x14 PatternPositionIndicator.cpp.o
                0x00004bc4                PatternPositionIndicator::PatternPositionIndicator(int, int, unsigned int*)
                0x00004bc4                PatternPositionIndicator::PatternPositionIndicator(int, int, unsigned int*)
 .text._ZN10UIntWidget11SubmitValueEv
                0x00004bd8       0x10 UIntWidget.cpp.o
                0x00004bd8                UIntWidget::SubmitValue()
 .text._ZN10UIntWidget11setSelectedEb
                0x00004be8        0x4 UIntWidget.cpp.o
                0x00004be8                UIntWidget::setSelected(bool)
 .text._ZN10UIntWidget7setEditEb
                0x00004bec        0x4 UIntWidget.cpp.o
                0x00004bec                UIntWidget::setEdit(bool)
 .text._ZN10UIntWidget10updateSelfEP17LiquidCrystal_I2C
                0x00004bf0       0x78 UIntWidget.cpp.o
                0x00004bf0                UIntWidget::updateSelf(LiquidCrystal_I2C*)
 .text._ZThn8_N10UIntWidget10updateSelfEP17LiquidCrystal_I2C
                0x00004c68        0x8 UIntWidget.cpp.o
                0x00004c68                non-virtual thunk to UIntWidget::updateSelf(LiquidCrystal_I2C*)
 .text._ZN10UIntWidget8drawSelfEP17LiquidCrystal_I2C
                0x00004c70       0xa8 UIntWidget.cpp.o
                0x00004c70                UIntWidget::drawSelf(LiquidCrystal_I2C*)
 .text._ZThn8_N10UIntWidget8drawSelfEP17LiquidCrystal_I2C
                0x00004d18        0x8 UIntWidget.cpp.o
                0x00004d18                non-virtual thunk to UIntWidget::drawSelf(LiquidCrystal_I2C*)
 .text._ZN10UIntWidget9NextValueEv
                0x00004d20       0x12 UIntWidget.cpp.o
                0x00004d20                UIntWidget::NextValue()
 .text._ZN10UIntWidget13PreviousValueEv
                0x00004d32       0x14 UIntWidget.cpp.o
                0x00004d32                UIntWidget::PreviousValue()
 *fill*         0x00004d46        0x2 
 .text._ZN10UIntWidgetC2EP6StringhhPjb
                0x00004d48       0x3c UIntWidget.cpp.o
                0x00004d48                UIntWidget::UIntWidget(String*, unsigned char, unsigned char, unsigned int*, bool)
                0x00004d48                UIntWidget::UIntWidget(String*, unsigned char, unsigned char, unsigned int*, bool)
 .text._ZN6Bounce10setPinModeEii
                0x00004d84        0x8 Bounce2\Bounce2.cpp.o
                0x00004d84                Bounce::setPinMode(int, int)
 .text._ZN6Bounce16readCurrentStateEv
                0x00004d8c       0x10 Bounce2\Bounce2.cpp.o
                0x00004d8c                Bounce::readCurrentState()
 .text._ZN6BounceC2Ev
                0x00004d9c       0x14 Bounce2\Bounce2.cpp.o
                0x00004d9c                Bounce::Bounce()
                0x00004d9c                Bounce::Bounce()
 .text._ZN6Bounce6attachEi
                0x00004db0       0x22 Bounce2\Bounce2.cpp.o
                0x00004db0                Bounce::attach(int)
 .text._ZN6Bounce6attachEii
                0x00004dd2       0x18 Bounce2\Bounce2.cpp.o
                0x00004dd2                Bounce::attach(int, int)
 .text._ZN6Bounce8intervalEt
                0x00004dea        0x4 Bounce2\Bounce2.cpp.o
                0x00004dea                Bounce::interval(unsigned short)
 *fill*         0x00004dee        0x2 
 .text._ZN17LiquidCrystal_I2CC2Ehhh
                0x00004df0       0x18 LiquidCrystal_I2C\LiquidCrystal_I2C.cpp.o
                0x00004df0                LiquidCrystal_I2C::LiquidCrystal_I2C(unsigned char, unsigned char, unsigned char)
                0x00004df0                LiquidCrystal_I2C::LiquidCrystal_I2C(unsigned char, unsigned char, unsigned char)
 .text._ZN17LiquidCrystal_I2C13expanderWriteEh
                0x00004e08       0x28 LiquidCrystal_I2C\LiquidCrystal_I2C.cpp.o
                0x00004e08                LiquidCrystal_I2C::expanderWrite(unsigned char)
 .text._ZN17LiquidCrystal_I2C9backlightEv
                0x00004e30        0xa LiquidCrystal_I2C\LiquidCrystal_I2C.cpp.o
                0x00004e30                LiquidCrystal_I2C::backlight()
 .text._ZN17LiquidCrystal_I2C11pulseEnableEh
                0x00004e3a       0x28 LiquidCrystal_I2C\LiquidCrystal_I2C.cpp.o
                0x00004e3a                LiquidCrystal_I2C::pulseEnable(unsigned char)
 .text._ZN17LiquidCrystal_I2C10write4bitsEh
                0x00004e62       0x16 LiquidCrystal_I2C\LiquidCrystal_I2C.cpp.o
                0x00004e62                LiquidCrystal_I2C::write4bits(unsigned char)
 .text._ZN17LiquidCrystal_I2C4sendEhh
                0x00004e78       0x22 LiquidCrystal_I2C\LiquidCrystal_I2C.cpp.o
                0x00004e78                LiquidCrystal_I2C::send(unsigned char, unsigned char)
 .text._ZN17LiquidCrystal_I2C5writeEh
                0x00004e9a        0xc LiquidCrystal_I2C\LiquidCrystal_I2C.cpp.o
                0x00004e9a                LiquidCrystal_I2C::write(unsigned char)
 .text._ZN17LiquidCrystal_I2C7commandEh
                0x00004ea6        0x6 LiquidCrystal_I2C\LiquidCrystal_I2C.cpp.o
                0x00004ea6                LiquidCrystal_I2C::command(unsigned char)
 .text._ZN17LiquidCrystal_I2C5clearEv
                0x00004eac       0x14 LiquidCrystal_I2C\LiquidCrystal_I2C.cpp.o
                0x00004eac                LiquidCrystal_I2C::clear()
 .text._ZN17LiquidCrystal_I2C4homeEv
                0x00004ec0       0x14 LiquidCrystal_I2C\LiquidCrystal_I2C.cpp.o
                0x00004ec0                LiquidCrystal_I2C::home()
 .text._ZN17LiquidCrystal_I2C9setCursorEhh
                0x00004ed4       0x40 LiquidCrystal_I2C\LiquidCrystal_I2C.cpp.o
                0x00004ed4                LiquidCrystal_I2C::setCursor(unsigned char, unsigned char)
 .text._ZN17LiquidCrystal_I2C7displayEv
                0x00004f14       0x14 LiquidCrystal_I2C\LiquidCrystal_I2C.cpp.o
                0x00004f14                LiquidCrystal_I2C::display()
 .text._ZN17LiquidCrystal_I2C8noCursorEv
                0x00004f28       0x14 LiquidCrystal_I2C\LiquidCrystal_I2C.cpp.o
                0x00004f28                LiquidCrystal_I2C::noCursor()
 .text._ZN17LiquidCrystal_I2C7noBlinkEv
                0x00004f3c       0x14 LiquidCrystal_I2C\LiquidCrystal_I2C.cpp.o
                0x00004f3c                LiquidCrystal_I2C::noBlink()
 .text._ZN17LiquidCrystal_I2C12noAutoscrollEv
                0x00004f50       0x14 LiquidCrystal_I2C\LiquidCrystal_I2C.cpp.o
                0x00004f50                LiquidCrystal_I2C::noAutoscroll()
 .text._ZN17LiquidCrystal_I2C5beginEhhh
                0x00004f64       0xa2 LiquidCrystal_I2C\LiquidCrystal_I2C.cpp.o
                0x00004f64                LiquidCrystal_I2C::begin(unsigned char, unsigned char, unsigned char)
 *fill*         0x00005006        0x2 
 .text._ZN17LiquidCrystal_I2C9init_privEv
                0x00005008       0x20 LiquidCrystal_I2C\LiquidCrystal_I2C.cpp.o
                0x00005008                LiquidCrystal_I2C::init_priv()
 .text._ZN17LiquidCrystal_I2C4initEv
                0x00005028        0x4 LiquidCrystal_I2C\LiquidCrystal_I2C.cpp.o
                0x00005028                LiquidCrystal_I2C::init()
 .text._ZN7TwoWire5writeEPKhj
                0x0000502c       0x34 Wire\Wire.cpp.o
                0x0000502c                TwoWire::write(unsigned char const*, unsigned int)
 .text._ZN7TwoWire5flushEv
                0x00005060        0x2 Wire\Wire.cpp.o
                0x00005060                TwoWire::flush()
 .text._ZN7TwoWire4peekEv
                0x00005062       0x1a Wire\Wire.cpp.o
                0x00005062                TwoWire::peek()
 .text._ZN7TwoWire9availableEv
                0x0000507c       0x12 Wire\Wire.cpp.o
                0x0000507c                TwoWire::available()
 *fill*         0x0000508e        0x2 
 .text._ZN7TwoWireC2EP6SERCOMhh
                0x00005090       0x5c Wire\Wire.cpp.o
                0x00005090                TwoWire::TwoWire(SERCOM*, unsigned char, unsigned char)
                0x00005090                TwoWire::TwoWire(SERCOM*, unsigned char, unsigned char)
 .text._ZN7TwoWire5beginEv
                0x000050ec       0x40 Wire\Wire.cpp.o
                0x000050ec                TwoWire::begin()
 .text._ZN7TwoWire17beginTransmissionEh
                0x0000512c       0x14 Wire\Wire.cpp.o
                0x0000512c                TwoWire::beginTransmission(unsigned char)
 .text._ZN11RingBufferNILi256EE10store_charEh
                0x00005140       0x1c Wire\Wire.cpp.o
                0x00005140                RingBufferN<256>::store_char(unsigned char)
 .text._ZN7TwoWire5writeEh
                0x0000515c       0x26 Wire\Wire.cpp.o
                0x0000515c                TwoWire::write(unsigned char)
 .text._ZN11RingBufferNILi256EE9read_charEv
                0x00005182       0x28 Wire\Wire.cpp.o
                0x00005182                RingBufferN<256>::read_char()
 .text._ZN7TwoWire15endTransmissionEb
                0x000051aa       0x6a Wire\Wire.cpp.o
                0x000051aa                TwoWire::endTransmission(bool)
 .text._ZN7TwoWire15endTransmissionEv
                0x00005214        0x6 Wire\Wire.cpp.o
                0x00005214                TwoWire::endTransmission()
 .text._ZN7TwoWire4readEv
                0x0000521a        0xa Wire\Wire.cpp.o
                0x0000521a                TwoWire::read()
 .text._ZN7TwoWire9onServiceEv
                0x00005224      0x10e Wire\Wire.cpp.o
                0x00005224                TwoWire::onService()
 *fill*         0x00005332        0x2 
 .text.SERCOM3_0_Handler
                0x00005334        0xc Wire\Wire.cpp.o
                0x00005334                SERCOM3_0_Handler
 .text.SERCOM3_1_Handler
                0x00005340        0x4 Wire\Wire.cpp.o
                0x00005340                SERCOM3_1_Handler
 .text.SERCOM3_2_Handler
                0x00005344        0x4 Wire\Wire.cpp.o
                0x00005344                SERCOM3_2_Handler
 .text.SERCOM3_3_Handler
                0x00005348        0x4 Wire\Wire.cpp.o
                0x00005348                SERCOM3_3_Handler
 .text.SERCOM6_0_Handler
                0x0000534c        0xc Wire\Wire.cpp.o
                0x0000534c                SERCOM6_0_Handler
 .text.SERCOM6_1_Handler
                0x00005358        0x4 Wire\Wire.cpp.o
                0x00005358                SERCOM6_1_Handler
 .text.SERCOM6_2_Handler
                0x0000535c        0x4 Wire\Wire.cpp.o
                0x0000535c                SERCOM6_2_Handler
 .text.SERCOM6_3_Handler
                0x00005360        0x4 Wire\Wire.cpp.o
                0x00005360                SERCOM6_3_Handler
 .text.startup._GLOBAL__sub_I__ZN7TwoWireC2EP6SERCOMhh
                0x00005364       0x30 Wire\Wire.cpp.o
 .text._ZN8SPIClassC2EP6SERCOMhhh14SercomSpiTXPad11SercomRXPad
                0x00005394       0x5c SPI\SPI.cpp.o
                0x00005394                SPIClass::SPIClass(SERCOM*, unsigned char, unsigned char, unsigned char, SercomSpiTXPad, SercomRXPad)
                0x00005394                SPIClass::SPIClass(SERCOM*, unsigned char, unsigned char, unsigned char, SercomSpiTXPad, SercomRXPad)
 .text._ZN8SPIClass6configE11SPISettings
                0x000053f0       0x3a SPI\SPI.cpp.o
                0x000053f0                SPIClass::config(SPISettings)
 *fill*         0x0000542a        0x2 
 .text._ZN8SPIClass16beginTransactionE11SPISettings
                0x0000542c       0x3c SPI\SPI.cpp.o
                0x0000542c                SPIClass::beginTransaction(SPISettings)
 .text._ZN8SPIClass14endTransactionEv
                0x00005468       0x20 SPI\SPI.cpp.o
                0x00005468                SPIClass::endTransaction()
 .text._ZN8SPIClass8transferEh
                0x00005488        0x6 SPI\SPI.cpp.o
                0x00005488                SPIClass::transfer(unsigned char)
 *fill*         0x0000548e        0x2 
 .text.startup._GLOBAL__sub_I__ZN8SPIClassC2EP6SERCOMhhh14SercomSpiTXPad11SercomRXPad
                0x00005490       0x58 SPI\SPI.cpp.o
 .text._ZL22cpu_irq_enter_criticalv
                0x000054e8       0x2c Adafruit_ZeroDMA\Adafruit_ZeroDMA.cpp.o
 .text._ZL22cpu_irq_leave_criticalv
                0x00005514       0x28 Adafruit_ZeroDMA\Adafruit_ZeroDMA.cpp.o
 .text._ZN16Adafruit_ZeroDMAC2Ev
                0x0000553c       0x1a Adafruit_ZeroDMA\Adafruit_ZeroDMA.cpp.o
                0x0000553c                Adafruit_ZeroDMA::Adafruit_ZeroDMA()
                0x0000553c                Adafruit_ZeroDMA::Adafruit_ZeroDMA()
 *fill*         0x00005556        0x2 
 .text._ZN16Adafruit_ZeroDMA11_IRQhandlerEh
                0x00005558       0x68 Adafruit_ZeroDMA\Adafruit_ZeroDMA.cpp.o
                0x00005558                Adafruit_ZeroDMA::_IRQhandler(unsigned char)
 .text.DMAC_0_Handler
                0x000055c0       0x2c Adafruit_ZeroDMA\Adafruit_ZeroDMA.cpp.o
                0x000055c0                DMAC_4_Handler
                0x000055c0                DMAC_2_Handler
                0x000055c0                DMAC_1_Handler
                0x000055c0                DMAC_3_Handler
                0x000055c0                DMAC_0_Handler
 .text._ZN13RotaryEncoderC2Eii
                0x000055ec       0x2a RotaryEncoder\RotaryEncoder.cpp.o
                0x000055ec                RotaryEncoder::RotaryEncoder(int, int)
                0x000055ec                RotaryEncoder::RotaryEncoder(int, int)
 *fill*         0x00005616        0x2 
 .text.startup._GLOBAL__sub_I__ZN5SDLib20getNextPathComponentEPKcPjPc
                0x00005618       0x28 SD\SD.cpp.o
 .text._ZL7spiSendh
                0x00005640        0xc SD\utility\Sd2Card.cpp.o
 .text._ZL6spiRecv
                0x0000564c        0xc SD\utility\Sd2Card.cpp.o
 .text._ZN7Sd2Card14chipSelectHighEv
                0x00005658       0x28 SD\utility\Sd2Card.cpp.o
                0x00005658                Sd2Card::chipSelectHigh()
 .text._ZN7Sd2Card13chipSelectLowEv
                0x00005680       0x34 SD\utility\Sd2Card.cpp.o
                0x00005680                Sd2Card::chipSelectLow()
 .text._ZN7Sd2Card7readEndEv
                0x000056b4       0x28 SD\utility\Sd2Card.cpp.o
                0x000056b4                Sd2Card::readEnd()
 .text._ZN7Sd2Card11waitNotBusyEj
                0x000056dc       0x24 SD\utility\Sd2Card.cpp.o
                0x000056dc                Sd2Card::waitNotBusy(unsigned int)
 .text._ZN7Sd2Card11cardCommandEhm
                0x00005700       0x60 SD\utility\Sd2Card.cpp.o
                0x00005700                Sd2Card::cardCommand(unsigned char, unsigned long)
 .text._ZN7Sd2Card14waitStartBlockEv
                0x00005760       0x3a SD\utility\Sd2Card.cpp.o
                0x00005760                Sd2Card::waitStartBlock()
 .text._ZN7Sd2Card8readDataEmttPh.part.6
                0x0000579a       0x98 SD\utility\Sd2Card.cpp.o
 .text._ZN7Sd2Card9readBlockEmPh
                0x00005832       0x14 SD\utility\Sd2Card.cpp.o
                0x00005832                Sd2Card::readBlock(unsigned long, unsigned char*)
 .text._ZN7Sd2Card9writeDataEhPKh
                0x00005846       0x4a SD\utility\Sd2Card.cpp.o
                0x00005846                Sd2Card::writeData(unsigned char, unsigned char const*)
 .text._ZN7Sd2Card10writeBlockEmPKhh
                0x00005890       0x72 SD\utility\Sd2Card.cpp.o
                0x00005890                Sd2Card::writeBlock(unsigned long, unsigned char const*, unsigned char)
 .text._ZN7Sd2Card6isBusyEv
                0x00005902       0x1e SD\utility\Sd2Card.cpp.o
                0x00005902                Sd2Card::isBusy()
 .text.startup._GLOBAL__sub_I__ZN7Sd2Card11cardCommandEhm
                0x00005920       0x18 SD\utility\Sd2Card.cpp.o
 .text._ZN6SdFile10addClusterEv
                0x00005938       0x2e SD\utility\SdFile.cpp.o
                0x00005938                SdFile::addCluster()
 *fill*         0x00005966        0x2 
 .text._ZN6SdFile13cacheDirEntryEh
                0x00005968       0x1c SD\utility\SdFile.cpp.o
                0x00005968                SdFile::cacheDirEntry(unsigned char)
 .text._ZN6SdFile7seekSetEm
                0x00005984       0x5e SD\utility\SdFile.cpp.o
                0x00005984                SdFile::seekSet(unsigned long)
 *fill*         0x000059e2        0x2 
 .text._ZN6SdFile4syncEh
                0x000059e4       0x64 SD\utility\SdFile.cpp.o
                0x000059e4                SdFile::sync(unsigned char)
 .text._ZN6SdFile17availableForWriteEv
                0x00005a48       0x78 SD\utility\SdFile.cpp.o
                0x00005a48                SdFile::availableForWrite()
 .text._ZN6SdFile5writeEPKvt
                0x00005ac0      0x19c SD\utility\SdFile.cpp.o
                0x00005ac0                SdFile::write(void const*, unsigned short)
 .text._ZN6SdFile5writeEh
                0x00005c5c       0x16 SD\utility\SdFile.cpp.o
                0x00005c5c                SdFile::write(unsigned char)
 *fill*         0x00005c72        0x2 
 .text._ZN8SdVolume21cacheMirrorBlockFlushEh
                0x00005c74       0x2c SD\utility\SdVolume.cpp.o
                0x00005c74                SdVolume::cacheMirrorBlockFlush(unsigned char)
 .text._ZN8SdVolume10cacheFlushEh
                0x00005ca0       0x48 SD\utility\SdVolume.cpp.o
                0x00005ca0                SdVolume::cacheFlush(unsigned char)
 .text._ZN8SdVolume13cacheRawBlockEmh
                0x00005ce8       0x48 SD\utility\SdVolume.cpp.o
                0x00005ce8                SdVolume::cacheRawBlock(unsigned long, unsigned char)
 .text._ZNK8SdVolume6fatGetEmPm
                0x00005d30       0x64 SD\utility\SdVolume.cpp.o
                0x00005d30                SdVolume::fatGet(unsigned long, unsigned long*) const
 .text._ZN8SdVolume6fatPutEmm
                0x00005d94       0x88 SD\utility\SdVolume.cpp.o
                0x00005d94                SdVolume::fatPut(unsigned long, unsigned long)
 .text._ZN8SdVolume15allocContiguousEmPm
                0x00005e1c       0xac SD\utility\SdVolume.cpp.o
                0x00005e1c                SdVolume::allocContiguous(unsigned long, unsigned long*)
 .text.SERCOM0_0_Handler
                0x00005ec8        0xc C:\Users\djneo\AppData\Local\Temp\VMBCore\arduino16x\9c68673ebfce96ce038e39692a3550a3\variant\variant.cpp.o
                0x00005ec8                SERCOM0_0_Handler
 .text.SERCOM0_1_Handler
                0x00005ed4        0x4 C:\Users\djneo\AppData\Local\Temp\VMBCore\arduino16x\9c68673ebfce96ce038e39692a3550a3\variant\variant.cpp.o
                0x00005ed4                SERCOM0_1_Handler
 .text.SERCOM0_2_Handler
                0x00005ed8        0x4 C:\Users\djneo\AppData\Local\Temp\VMBCore\arduino16x\9c68673ebfce96ce038e39692a3550a3\variant\variant.cpp.o
                0x00005ed8                SERCOM0_2_Handler
 .text.SERCOM0_3_Handler
                0x00005edc        0x4 C:\Users\djneo\AppData\Local\Temp\VMBCore\arduino16x\9c68673ebfce96ce038e39692a3550a3\variant\variant.cpp.o
                0x00005edc                SERCOM0_3_Handler
 .text.startup._GLOBAL__sub_I_g_APinDescription
                0x00005ee0       0x9c C:\Users\djneo\AppData\Local\Temp\VMBCore\arduino16x\9c68673ebfce96ce038e39692a3550a3\variant\variant.cpp.o
 .text.Dummy_Handler
                0x00005f7c        0x2 C:\Users\djneo\AppData\Local\Temp\VMBuilds\MegaDrumMachine\adafruit_adafruit_grandcentral_m4\Firmware/core.a(cortex_handlers.c.o)
                0x00005f7c                EIC_5_Handler
                0x00005f7c                DebugMon_Handler
                0x00005f7c                EIC_13_Handler
                0x00005f7c                EVSYS_0_Handler
                0x00005f7c                TCC1_3_Handler
                0x00005f7c                DAC_3_Handler
                0x00005f7c                TRNG_Handler
                0x00005f7c                HardFault_Handler
                0x00005f7c                PDEC_2_Handler
                0x00005f7c                EIC_4_Handler
                0x00005f7c                AC_Handler
                0x00005f7c                TCC2_3_Handler
                0x00005f7c                PendSV_Handler
                0x00005f7c                NMI_Handler
                0x00005f7c                TC7_Handler
                0x00005f7c                ADC1_1_Handler
                0x00005f7c                EVSYS_3_Handler
                0x00005f7c                PDEC_0_Handler
                0x00005f7c                QSPI_Handler
                0x00005f7c                TCC0_0_Handler
                0x00005f7c                EIC_3_Handler
                0x00005f7c                TAL_0_Handler
                0x00005f7c                DAC_2_Handler
                0x00005f7c                RTC_Handler
                0x00005f7c                UsageFault_Handler
                0x00005f7c                SERCOM4_0_Handler
                0x00005f7c                EIC_10_Handler
                0x00005f7c                EIC_11_Handler
                0x00005f7c                EIC_9_Handler
                0x00005f7c                OSC32KCTRL_Handler
                0x00005f7c                TCC2_1_Handler
                0x00005f7c                SUPC_1_Handler
                0x00005f7c                TCC0_5_Handler
                0x00005f7c                TCC0_6_Handler
                0x00005f7c                EVSYS_1_Handler
                0x00005f7c                TCC1_4_Handler
                0x00005f7c                TC6_Handler
                0x00005f7c                WDT_Handler
                0x00005f7c                EIC_8_Handler
                0x00005f7c                EIC_15_Handler
                0x00005f7c                SERCOM5_0_Handler
                0x00005f7c                TC4_Handler
                0x00005f7c                TC1_Handler
                0x00005f7c                OSCCTRL_4_Handler
                0x00005f7c                SERCOM4_3_Handler
                0x00005f7c                EIC_12_Handler
                0x00005f7c                TCC4_2_Handler
                0x00005f7c                PAC_Handler
                0x00005f7c                TCC1_0_Handler
                0x00005f7c                OSCCTRL_0_Handler
                0x00005f7c                EIC_0_Handler
                0x00005f7c                OSCCTRL_3_Handler
                0x00005f7c                SERCOM4_1_Handler
                0x00005f7c                TC3_Handler
                0x00005f7c                Dummy_Handler
                0x00005f7c                TCC3_0_Handler
                0x00005f7c                TCC2_2_Handler
                0x00005f7c                SERCOM5_1_Handler
                0x00005f7c                TCC1_1_Handler
                0x00005f7c                ADC0_0_Handler
                0x00005f7c                OSCCTRL_2_Handler
                0x00005f7c                ADC1_0_Handler
                0x00005f7c                TCC1_2_Handler
                0x00005f7c                SERCOM7_1_Handler
                0x00005f7c                PM_Handler
                0x00005f7c                SERCOM2_3_Handler
                0x00005f7c                DAC_4_Handler
                0x00005f7c                TCC3_2_Handler
                0x00005f7c                SERCOM7_0_Handler
                0x00005f7c                TCC0_2_Handler
                0x00005f7c                TCC4_0_Handler
                0x00005f7c                SERCOM7_3_Handler
                0x00005f7c                SDHC1_Handler
                0x00005f7c                SERCOM7_2_Handler
                0x00005f7c                TCC2_0_Handler
                0x00005f7c                PDEC_1_Handler
                0x00005f7c                MemManage_Handler
                0x00005f7c                TCC4_1_Handler
                0x00005f7c                SERCOM5_3_Handler
                0x00005f7c                SVC_Handler
                0x00005f7c                SDHC0_Handler
                0x00005f7c                SERCOM1_1_Handler
                0x00005f7c                I2S_Handler
                0x00005f7c                EIC_2_Handler
                0x00005f7c                PCC_Handler
                0x00005f7c                DAC_0_Handler
                0x00005f7c                TCC0_1_Handler
                0x00005f7c                SERCOM1_3_Handler
                0x00005f7c                EIC_6_Handler
                0x00005f7c                OSCCTRL_1_Handler
                0x00005f7c                SERCOM1_0_Handler
                0x00005f7c                PUKCC_Handler
                0x00005f7c                SERCOM2_1_Handler
                0x00005f7c                SERCOM1_2_Handler
                0x00005f7c                EIC_1_Handler
                0x00005f7c                SERCOM4_2_Handler
                0x00005f7c                EVSYS_4_Handler
                0x00005f7c                EIC_7_Handler
                0x00005f7c                NVMCTRL_1_Handler
                0x00005f7c                SERCOM5_2_Handler
                0x00005f7c                ADC0_1_Handler
                0x00005f7c                SERCOM2_2_Handler
                0x00005f7c                TCC3_1_Handler
                0x00005f7c                EIC_14_Handler
                0x00005f7c                DAC_1_Handler
                0x00005f7c                NVMCTRL_0_Handler
                0x00005f7c                TAL_1_Handler
                0x00005f7c                MCLK_Handler
                0x00005f7c                EVSYS_2_Handler
                0x00005f7c                SUPC_0_Handler
                0x00005f7c                BusFault_Handler
                0x00005f7c                FREQM_Handler
                0x00005f7c                TC0_Handler
                0x00005f7c                TCC0_3_Handler
                0x00005f7c                TCC0_4_Handler
                0x00005f7c                RAMECC_Handler
                0x00005f7c                TC5_Handler
                0x00005f7c                SERCOM2_0_Handler
                0x00005f7c                AES_Handler
                0x00005f7c                ICM_Handler
 *fill*         0x00005f7e        0x2 
 .text.USB_0_Handler
                0x00005f80       0x10 C:\Users\djneo\AppData\Local\Temp\VMBuilds\MegaDrumMachine\adafruit_adafruit_grandcentral_m4\Firmware/core.a(cortex_handlers.c.o)
                0x00005f80                USB_0_Handler
 .text.Reset_Handler
                0x00005f90       0x70 C:\Users\djneo\AppData\Local\Temp\VMBuilds\MegaDrumMachine\adafruit_adafruit_grandcentral_m4\Firmware/core.a(cortex_handlers.c.o)
                0x00005f90                Reset_Handler
 .text.SysTick_Handler
                0x00006000       0x12 C:\Users\djneo\AppData\Local\Temp\VMBuilds\MegaDrumMachine\adafruit_adafruit_grandcentral_m4\Firmware/core.a(cortex_handlers.c.o)
                0x00006000                SysTick_Handler
 .text.USB_1_Handler
                0x00006012        0x4 C:\Users\djneo\AppData\Local\Temp\VMBuilds\MegaDrumMachine\adafruit_adafruit_grandcentral_m4\Firmware/core.a(cortex_handlers.c.o)
                0x00006012                USB_1_Handler
 .text.USB_2_Handler
                0x00006016        0x4 C:\Users\djneo\AppData\Local\Temp\VMBuilds\MegaDrumMachine\adafruit_adafruit_grandcentral_m4\Firmware/core.a(cortex_handlers.c.o)
                0x00006016                USB_2_Handler
 .text.USB_3_Handler
                0x0000601a        0x4 C:\Users\djneo\AppData\Local\Temp\VMBuilds\MegaDrumMachine\adafruit_adafruit_grandcentral_m4\Firmware/core.a(cortex_handlers.c.o)
                0x0000601a                USB_3_Handler
 *fill*         0x0000601e        0x2 
 .text.USB_SetHandler
                0x00006020        0xc C:\Users\djneo\AppData\Local\Temp\VMBuilds\MegaDrumMachine\adafruit_adafruit_grandcentral_m4\Firmware/core.a(cortex_handlers.c.o)
                0x00006020                USB_SetHandler
 .text.millis   0x0000602c        0xc C:\Users\djneo\AppData\Local\Temp\VMBuilds\MegaDrumMachine\adafruit_adafruit_grandcentral_m4\Firmware/core.a(delay.c.o)
                0x0000602c                millis
 .text.micros   0x00006038       0x58 C:\Users\djneo\AppData\Local\Temp\VMBuilds\MegaDrumMachine\adafruit_adafruit_grandcentral_m4\Firmware/core.a(delay.c.o)
                0x00006038                micros
 .text.delayMicroseconds
                0x00006090       0x1c C:\Users\djneo\AppData\Local\Temp\VMBuilds\MegaDrumMachine\adafruit_adafruit_grandcentral_m4\Firmware/core.a(delay.c.o)
                0x00006090                delayMicroseconds
 .text.delay    0x000060ac       0x26 C:\Users\djneo\AppData\Local\Temp\VMBuilds\MegaDrumMachine\adafruit_adafruit_grandcentral_m4\Firmware/core.a(delay.c.o)
                0x000060ac                delay
 *fill*         0x000060d2        0x2 
 .text.SysTick_DefaultHandler
                0x000060d4       0x10 C:\Users\djneo\AppData\Local\Temp\VMBuilds\MegaDrumMachine\adafruit_adafruit_grandcentral_m4\Firmware/core.a(delay.c.o)
                0x000060d4                SysTick_DefaultHandler
 .text.__empty  0x000060e4        0x2 C:\Users\djneo\AppData\Local\Temp\VMBuilds\MegaDrumMachine\adafruit_adafruit_grandcentral_m4\Firmware/core.a(hooks.c.o)
                0x000060e4                yield
 .text.__false  0x000060e6        0x4 C:\Users\djneo\AppData\Local\Temp\VMBuilds\MegaDrumMachine\adafruit_adafruit_grandcentral_m4\Firmware/core.a(hooks.c.o)
                0x000060e6                sysTickHook
 *fill*         0x000060ea        0x2 
 .text.SystemInit
                0x000060ec      0x1f8 C:\Users\djneo\AppData\Local\Temp\VMBuilds\MegaDrumMachine\adafruit_adafruit_grandcentral_m4\Firmware/core.a(startup.c.o)
                0x000060ec                SystemInit
 .text.pinMode  0x000062e4       0x88 C:\Users\djneo\AppData\Local\Temp\VMBuilds\MegaDrumMachine\adafruit_adafruit_grandcentral_m4\Firmware/core.a(wiring_digital.c.o)
                0x000062e4                pinMode
 .text.digitalWrite
                0x0000636c       0x54 C:\Users\djneo\AppData\Local\Temp\VMBuilds\MegaDrumMachine\adafruit_adafruit_grandcentral_m4\Firmware/core.a(wiring_digital.c.o)
                0x0000636c                digitalWrite
 .text.digitalRead
                0x000063c0       0x30 C:\Users\djneo\AppData\Local\Temp\VMBuilds\MegaDrumMachine\adafruit_adafruit_grandcentral_m4\Firmware/core.a(wiring_digital.c.o)
                0x000063c0                digitalRead
 .text.pinPeripheral
                0x000063f0       0xac C:\Users\djneo\AppData\Local\Temp\VMBuilds\MegaDrumMachine\adafruit_adafruit_grandcentral_m4\Firmware/core.a(wiring_private.c.o)
                0x000063f0                pinPeripheral
 .text._Z11initVariantv
                0x0000649c        0x2 C:\Users\djneo\AppData\Local\Temp\VMBuilds\MegaDrumMachine\adafruit_adafruit_grandcentral_m4\Firmware/core.a(main.cpp.o)
                0x0000649c                initVariant()
 *fill*         0x0000649e        0x2 
 .text.startup.main
                0x000064a0       0x40 C:\Users\djneo\AppData\Local\Temp\VMBuilds\MegaDrumMachine\adafruit_adafruit_grandcentral_m4\Firmware/core.a(main.cpp.o)
                0x000064a0                main
 .text._Znwj    0x000064e0        0x4 C:\Users\djneo\AppData\Local\Temp\VMBuilds\MegaDrumMachine\adafruit_adafruit_grandcentral_m4\Firmware/core.a(new.cpp.o)
                0x000064e0                operator new(unsigned int)
 .text._ZdlPv   0x000064e4        0x4 C:\Users\djneo\AppData\Local\Temp\VMBuilds\MegaDrumMachine\adafruit_adafruit_grandcentral_m4\Firmware/core.a(new.cpp.o)
                0x000064e4                operator delete(void*)
 .text._ZN5Print5writeEPKhj
                0x000064e8       0x2c C:\Users\djneo\AppData\Local\Temp\VMBuilds\MegaDrumMachine\adafruit_adafruit_grandcentral_m4\Firmware/core.a(Print.cpp.o)
                0x000064e8                Print::write(unsigned char const*, unsigned int)
 .text._ZN5Print5writeEPKc.part.2
                0x00006514       0x1c C:\Users\djneo\AppData\Local\Temp\VMBuilds\MegaDrumMachine\adafruit_adafruit_grandcentral_m4\Firmware/core.a(Print.cpp.o)
 .text._ZN5Print5writeEPKc
                0x00006530        0xa C:\Users\djneo\AppData\Local\Temp\VMBuilds\MegaDrumMachine\adafruit_adafruit_grandcentral_m4\Firmware/core.a(Print.cpp.o)
                0x00006530                Print::write(char const*)
 .text._ZN5Print5printERK6String
                0x0000653a        0xa C:\Users\djneo\AppData\Local\Temp\VMBuilds\MegaDrumMachine\adafruit_adafruit_grandcentral_m4\Firmware/core.a(Print.cpp.o)
                0x0000653a                Print::print(String const&)
 .text._ZN5Print5printEPKc
                0x00006544        0x8 C:\Users\djneo\AppData\Local\Temp\VMBuilds\MegaDrumMachine\adafruit_adafruit_grandcentral_m4\Firmware/core.a(Print.cpp.o)
                0x00006544                Print::print(char const*)
 .text._ZN5Print5printEc
                0x0000654c        0x6 C:\Users\djneo\AppData\Local\Temp\VMBuilds\MegaDrumMachine\adafruit_adafruit_grandcentral_m4\Firmware/core.a(Print.cpp.o)
                0x0000654c                Print::print(char)
 .text._ZN5Print11printNumberEmh
                0x00006552       0x3a C:\Users\djneo\AppData\Local\Temp\VMBuilds\MegaDrumMachine\adafruit_adafruit_grandcentral_m4\Firmware/core.a(Print.cpp.o)
                0x00006552                Print::printNumber(unsigned long, unsigned char)
 .text._ZN5Print5printEli
                0x0000658c       0x44 C:\Users\djneo\AppData\Local\Temp\VMBuilds\MegaDrumMachine\adafruit_adafruit_grandcentral_m4\Firmware/core.a(Print.cpp.o)
                0x0000658c                Print::print(long, int)
 .text._ZN5Print5printEii
                0x000065d0        0x4 C:\Users\djneo\AppData\Local\Temp\VMBuilds\MegaDrumMachine\adafruit_adafruit_grandcentral_m4\Firmware/core.a(Print.cpp.o)
                0x000065d0                Print::print(int, int)
 .text._ZN5Print5printEmi
                0x000065d4       0x1a C:\Users\djneo\AppData\Local\Temp\VMBuilds\MegaDrumMachine\adafruit_adafruit_grandcentral_m4\Firmware/core.a(Print.cpp.o)
                0x000065d4                Print::print(unsigned long, int)
 .text._ZN5Print5printEhi
                0x000065ee        0x4 C:\Users\djneo\AppData\Local\Temp\VMBuilds\MegaDrumMachine\adafruit_adafruit_grandcentral_m4\Firmware/core.a(Print.cpp.o)
                0x000065ee                Print::print(unsigned char, int)
 .text._ZN5Print5printEji
                0x000065f2        0x4 C:\Users\djneo\AppData\Local\Temp\VMBuilds\MegaDrumMachine\adafruit_adafruit_grandcentral_m4\Firmware/core.a(Print.cpp.o)
                0x000065f2                Print::print(unsigned int, int)
 *fill*         0x000065f6        0x2 
 .text.initiateReset
                0x000065f8        0xc C:\Users\djneo\AppData\Local\Temp\VMBuilds\MegaDrumMachine\adafruit_adafruit_grandcentral_m4\Firmware/core.a(Reset.cpp.o)
                0x000065f8                initiateReset
 .text.cancelReset
                0x00006604       0x10 C:\Users\djneo\AppData\Local\Temp\VMBuilds\MegaDrumMachine\adafruit_adafruit_grandcentral_m4\Firmware/core.a(Reset.cpp.o)
                0x00006604                cancelReset
 .text.tickReset
                0x00006614       0x48 C:\Users\djneo\AppData\Local\Temp\VMBuilds\MegaDrumMachine\adafruit_adafruit_grandcentral_m4\Firmware/core.a(Reset.cpp.o)
                0x00006614                tickReset
 .text._ZN6SERCOMC2EP6Sercom
                0x0000665c        0x8 C:\Users\djneo\AppData\Local\Temp\VMBuilds\MegaDrumMachine\adafruit_adafruit_grandcentral_m4\Firmware/core.a(SERCOM.cpp.o)
                0x0000665c                SERCOM::SERCOM(Sercom*)
                0x0000665c                SERCOM::SERCOM(Sercom*)
 .text._ZN6SERCOM9initFrameE18SercomUartCharSize15SercomDataOrder16SercomParityMode19SercomNumberStopBit
                0x00006664       0x38 C:\Users\djneo\AppData\Local\Temp\VMBuilds\MegaDrumMachine\adafruit_adafruit_grandcentral_m4\Firmware/core.a(SERCOM.cpp.o)
                0x00006664                SERCOM::initFrame(SercomUartCharSize, SercomDataOrder, SercomParityMode, SercomNumberStopBit)
 .text._ZN6SERCOM8initPadsE15SercomUartTXPad11SercomRXPad
                0x0000669c       0x24 C:\Users\djneo\AppData\Local\Temp\VMBuilds\MegaDrumMachine\adafruit_adafruit_grandcentral_m4\Firmware/core.a(SERCOM.cpp.o)
                0x0000669c                SERCOM::initPads(SercomUartTXPad, SercomRXPad)
 .text._ZN6SERCOM9resetUARTEv
                0x000066c0       0x1a C:\Users\djneo\AppData\Local\Temp\VMBuilds\MegaDrumMachine\adafruit_adafruit_grandcentral_m4\Firmware/core.a(SERCOM.cpp.o)
                0x000066c0                SERCOM::resetUART()
 .text._ZN6SERCOM10enableUARTEv
                0x000066da       0x14 C:\Users\djneo\AppData\Local\Temp\VMBuilds\MegaDrumMachine\adafruit_adafruit_grandcentral_m4\Firmware/core.a(SERCOM.cpp.o)
                0x000066da                SERCOM::enableUART()
 .text._ZN6SERCOM9flushUARTEv
                0x000066ee       0x14 C:\Users\djneo\AppData\Local\Temp\VMBuilds\MegaDrumMachine\adafruit_adafruit_grandcentral_m4\Firmware/core.a(SERCOM.cpp.o)
                0x000066ee                SERCOM::flushUART()
 .text._ZN6SERCOM15clearStatusUARTEv
                0x00006702        0x8 C:\Users\djneo\AppData\Local\Temp\VMBuilds\MegaDrumMachine\adafruit_adafruit_grandcentral_m4\Firmware/core.a(SERCOM.cpp.o)
                0x00006702                SERCOM::clearStatusUART()
 .text._ZN6SERCOM17availableDataUARTEv
                0x0000670a        0xa C:\Users\djneo\AppData\Local\Temp\VMBuilds\MegaDrumMachine\adafruit_adafruit_grandcentral_m4\Firmware/core.a(SERCOM.cpp.o)
                0x0000670a                SERCOM::availableDataUART()
 .text._ZN6SERCOM11isUARTErrorEv
                0x00006714        0x8 C:\Users\djneo\AppData\Local\Temp\VMBuilds\MegaDrumMachine\adafruit_adafruit_grandcentral_m4\Firmware/core.a(SERCOM.cpp.o)
                0x00006714                SERCOM::isUARTError()
 .text._ZN6SERCOM20acknowledgeUARTErrorEv
                0x0000671c        0xc C:\Users\djneo\AppData\Local\Temp\VMBuilds\MegaDrumMachine\adafruit_adafruit_grandcentral_m4\Firmware/core.a(SERCOM.cpp.o)
                0x0000671c                SERCOM::acknowledgeUARTError()
 .text._ZN6SERCOM16isFrameErrorUARTEv
                0x00006728        0xa C:\Users\djneo\AppData\Local\Temp\VMBuilds\MegaDrumMachine\adafruit_adafruit_grandcentral_m4\Firmware/core.a(SERCOM.cpp.o)
                0x00006728                SERCOM::isFrameErrorUART()
 .text._ZN6SERCOM19clearFrameErrorUARTEv
                0x00006732        0xc C:\Users\djneo\AppData\Local\Temp\VMBuilds\MegaDrumMachine\adafruit_adafruit_grandcentral_m4\Firmware/core.a(SERCOM.cpp.o)
                0x00006732                SERCOM::clearFrameErrorUART()
 .text._ZN6SERCOM23isDataRegisterEmptyUARTEv
                0x0000673e        0xa C:\Users\djneo\AppData\Local\Temp\VMBuilds\MegaDrumMachine\adafruit_adafruit_grandcentral_m4\Firmware/core.a(SERCOM.cpp.o)
                0x0000673e                SERCOM::isDataRegisterEmptyUART()
 .text._ZN6SERCOM12readDataUARTEv
                0x00006748        0x8 C:\Users\djneo\AppData\Local\Temp\VMBuilds\MegaDrumMachine\adafruit_adafruit_grandcentral_m4\Firmware/core.a(SERCOM.cpp.o)
                0x00006748                SERCOM::readDataUART()
 .text._ZN6SERCOM13writeDataUARTEh
                0x00006750        0xe C:\Users\djneo\AppData\Local\Temp\VMBuilds\MegaDrumMachine\adafruit_adafruit_grandcentral_m4\Firmware/core.a(SERCOM.cpp.o)
                0x00006750                SERCOM::writeDataUART(unsigned char)
 .text._ZN6SERCOM36enableDataRegisterEmptyInterruptUARTEv
                0x0000675e        0x8 C:\Users\djneo\AppData\Local\Temp\VMBuilds\MegaDrumMachine\adafruit_adafruit_grandcentral_m4\Firmware/core.a(SERCOM.cpp.o)
                0x0000675e                SERCOM::enableDataRegisterEmptyInterruptUART()
 .text._ZN6SERCOM37disableDataRegisterEmptyInterruptUARTEv
                0x00006766        0x8 C:\Users\djneo\AppData\Local\Temp\VMBuilds\MegaDrumMachine\adafruit_adafruit_grandcentral_m4\Firmware/core.a(SERCOM.cpp.o)
                0x00006766                SERCOM::disableDataRegisterEmptyInterruptUART()
 .text._ZN6SERCOM8resetSPIEv
                0x0000676e       0x1a C:\Users\djneo\AppData\Local\Temp\VMBuilds\MegaDrumMachine\adafruit_adafruit_grandcentral_m4\Firmware/core.a(SERCOM.cpp.o)
                0x0000676e                SERCOM::resetSPI()
 .text._ZN6SERCOM9enableSPIEv
                0x00006788       0x14 C:\Users\djneo\AppData\Local\Temp\VMBuilds\MegaDrumMachine\adafruit_adafruit_grandcentral_m4\Firmware/core.a(SERCOM.cpp.o)
                0x00006788                SERCOM::enableSPI()
 .text._ZN6SERCOM10disableSPIEv
                0x0000679c       0x16 C:\Users\djneo\AppData\Local\Temp\VMBuilds\MegaDrumMachine\adafruit_adafruit_grandcentral_m4\Firmware/core.a(SERCOM.cpp.o)
                0x0000679c                SERCOM::disableSPI()
 .text._ZN6SERCOM15transferDataSPIEh
                0x000067b2       0x12 C:\Users\djneo\AppData\Local\Temp\VMBuilds\MegaDrumMachine\adafruit_adafruit_grandcentral_m4\Firmware/core.a(SERCOM.cpp.o)
                0x000067b2                SERCOM::transferDataSPI(unsigned char)
 .text._ZN6SERCOM28calculateBaudrateSynchronousEm
                0x000067c4       0x14 C:\Users\djneo\AppData\Local\Temp\VMBuilds\MegaDrumMachine\adafruit_adafruit_grandcentral_m4\Firmware/core.a(SERCOM.cpp.o)
                0x000067c4                SERCOM::calculateBaudrateSynchronous(unsigned long)
 .text._ZN6SERCOM12initSPIClockE18SercomSpiClockModem
                0x000067d8       0x24 C:\Users\djneo\AppData\Local\Temp\VMBuilds\MegaDrumMachine\adafruit_adafruit_grandcentral_m4\Firmware/core.a(SERCOM.cpp.o)
                0x000067d8                SERCOM::initSPIClock(SercomSpiClockMode, unsigned long)
 .text._ZN6SERCOM9resetWIREEv
                0x000067fc       0x1a C:\Users\djneo\AppData\Local\Temp\VMBuilds\MegaDrumMachine\adafruit_adafruit_grandcentral_m4\Firmware/core.a(SERCOM.cpp.o)
                0x000067fc                SERCOM::resetWIRE()
 .text._ZN6SERCOM10enableWIREEv
                0x00006816       0x26 C:\Users\djneo\AppData\Local\Temp\VMBuilds\MegaDrumMachine\adafruit_adafruit_grandcentral_m4\Firmware/core.a(SERCOM.cpp.o)
                0x00006816                SERCOM::enableWIRE()
 .text._ZN6SERCOM18prepareNackBitWIREEv
                0x0000683c        0xe C:\Users\djneo\AppData\Local\Temp\VMBuilds\MegaDrumMachine\adafruit_adafruit_grandcentral_m4\Firmware/core.a(SERCOM.cpp.o)
                0x0000683c                SERCOM::prepareNackBitWIRE()
 .text._ZN6SERCOM17prepareAckBitWIREEv
                0x0000684a        0xe C:\Users\djneo\AppData\Local\Temp\VMBuilds\MegaDrumMachine\adafruit_adafruit_grandcentral_m4\Firmware/core.a(SERCOM.cpp.o)
                0x0000684a                SERCOM::prepareAckBitWIRE()
 .text._ZN6SERCOM22prepareCommandBitsWireEh
                0x00006858       0x24 C:\Users\djneo\AppData\Local\Temp\VMBuilds\MegaDrumMachine\adafruit_adafruit_grandcentral_m4\Firmware/core.a(SERCOM.cpp.o)
                0x00006858                SERCOM::prepareCommandBitsWire(unsigned char)
 .text._ZN6SERCOM21startTransmissionWIREEh23SercomWireReadWriteFlag
                0x0000687c       0x56 C:\Users\djneo\AppData\Local\Temp\VMBuilds\MegaDrumMachine\adafruit_adafruit_grandcentral_m4\Firmware/core.a(SERCOM.cpp.o)
                0x0000687c                SERCOM::startTransmissionWIRE(unsigned char, SercomWireReadWriteFlag)
 .text._ZN6SERCOM18sendDataMasterWIREEh
                0x000068d2       0x22 C:\Users\djneo\AppData\Local\Temp\VMBuilds\MegaDrumMachine\adafruit_adafruit_grandcentral_m4\Firmware/core.a(SERCOM.cpp.o)
                0x000068d2                SERCOM::sendDataMasterWIRE(unsigned char)
 .text._ZN6SERCOM17sendDataSlaveWIREEh
                0x000068f4       0x1a C:\Users\djneo\AppData\Local\Temp\VMBuilds\MegaDrumMachine\adafruit_adafruit_grandcentral_m4\Firmware/core.a(SERCOM.cpp.o)
                0x000068f4                SERCOM::sendDataSlaveWIRE(unsigned char)
 .text._ZN6SERCOM11isSlaveWIREEv
                0x0000690e       0x10 C:\Users\djneo\AppData\Local\Temp\VMBuilds\MegaDrumMachine\adafruit_adafruit_grandcentral_m4\Firmware/core.a(SERCOM.cpp.o)
                0x0000690e                SERCOM::isSlaveWIRE()
 .text._ZN6SERCOM15isDataReadyWIREEv
                0x0000691e        0xa C:\Users\djneo\AppData\Local\Temp\VMBuilds\MegaDrumMachine\adafruit_adafruit_grandcentral_m4\Firmware/core.a(SERCOM.cpp.o)
                0x0000691e                SERCOM::isDataReadyWIRE()
 .text._ZN6SERCOM18isStopDetectedWIREEv
                0x00006928        0xa C:\Users\djneo\AppData\Local\Temp\VMBuilds\MegaDrumMachine\adafruit_adafruit_grandcentral_m4\Firmware/core.a(SERCOM.cpp.o)
                0x00006928                SERCOM::isStopDetectedWIRE()
 .text._ZN6SERCOM21isRestartDetectedWIREEv
                0x00006932        0xa C:\Users\djneo\AppData\Local\Temp\VMBuilds\MegaDrumMachine\adafruit_adafruit_grandcentral_m4\Firmware/core.a(SERCOM.cpp.o)
                0x00006932                SERCOM::isRestartDetectedWIRE()
 .text._ZN6SERCOM14isAddressMatchEv
                0x0000693c        0xa C:\Users\djneo\AppData\Local\Temp\VMBuilds\MegaDrumMachine\adafruit_adafruit_grandcentral_m4\Firmware/core.a(SERCOM.cpp.o)
                0x0000693c                SERCOM::isAddressMatch()
 .text._ZN6SERCOM25isMasterReadOperationWIREEv
                0x00006946        0xa C:\Users\djneo\AppData\Local\Temp\VMBuilds\MegaDrumMachine\adafruit_adafruit_grandcentral_m4\Firmware/core.a(SERCOM.cpp.o)
                0x00006946                SERCOM::isMasterReadOperationWIRE()
 .text._ZN6SERCOM12readDataWIREEv
                0x00006950       0x18 C:\Users\djneo\AppData\Local\Temp\VMBuilds\MegaDrumMachine\adafruit_adafruit_grandcentral_m4\Firmware/core.a(SERCOM.cpp.o)
                0x00006950                SERCOM::readDataWIRE()
 .text._ZN6SERCOM14getSercomIndexEv
                0x00006968       0x24 C:\Users\djneo\AppData\Local\Temp\VMBuilds\MegaDrumMachine\adafruit_adafruit_grandcentral_m4\Firmware/core.a(SERCOM.cpp.o)
                0x00006968                SERCOM::getSercomIndex()
 .text._ZN6SERCOM14setClockSourceEa17SercomClockSourceb
                0x0000698c       0xc0 C:\Users\djneo\AppData\Local\Temp\VMBuilds\MegaDrumMachine\adafruit_adafruit_grandcentral_m4\Firmware/core.a(SERCOM.cpp.o)
                0x0000698c                SERCOM::setClockSource(signed char, SercomClockSource, bool)
 .text._ZN6SERCOM13initClockNVICEv
                0x00006a4c       0x98 C:\Users\djneo\AppData\Local\Temp\VMBuilds\MegaDrumMachine\adafruit_adafruit_grandcentral_m4\Firmware/core.a(SERCOM.cpp.o)
                0x00006a4c                SERCOM::initClockNVIC()
 .text._ZN6SERCOM8initUARTE14SercomUartMode20SercomUartSampleRatem
                0x00006ae4       0x64 C:\Users\djneo\AppData\Local\Temp\VMBuilds\MegaDrumMachine\adafruit_adafruit_grandcentral_m4\Firmware/core.a(SERCOM.cpp.o)
                0x00006ae4                SERCOM::initUART(SercomUartMode, SercomUartSampleRate, unsigned long)
 .text._ZN6SERCOM7initSPIE14SercomSpiTXPad11SercomRXPad17SercomSpiCharSize15SercomDataOrder
                0x00006b48       0x46 C:\Users\djneo\AppData\Local\Temp\VMBuilds\MegaDrumMachine\adafruit_adafruit_grandcentral_m4\Firmware/core.a(SERCOM.cpp.o)
                0x00006b48                SERCOM::initSPI(SercomSpiTXPad, SercomRXPad, SercomSpiCharSize, SercomDataOrder)
 *fill*         0x00006b8e        0x2 
 .text._ZN6SERCOM14initMasterWIREEm
                0x00006b90       0x34 C:\Users\djneo\AppData\Local\Temp\VMBuilds\MegaDrumMachine\adafruit_adafruit_grandcentral_m4\Firmware/core.a(SERCOM.cpp.o)
                0x00006b90                SERCOM::initMasterWIRE(unsigned long)
 .text._ZN4UartcvbEv
                0x00006bc4        0x4 C:\Users\djneo\AppData\Local\Temp\VMBuilds\MegaDrumMachine\adafruit_adafruit_grandcentral_m4\Firmware/core.a(Uart.cpp.o)
                0x00006bc4                Uart::operator bool()
 .text._ZN4Uart5beginEm
                0x00006bc8        0xa C:\Users\djneo\AppData\Local\Temp\VMBuilds\MegaDrumMachine\adafruit_adafruit_grandcentral_m4\Firmware/core.a(Uart.cpp.o)
                0x00006bc8                Uart::begin(unsigned long)
 .text._ZN4Uart4peekEv
                0x00006bd2       0x1a C:\Users\djneo\AppData\Local\Temp\VMBuilds\MegaDrumMachine\adafruit_adafruit_grandcentral_m4\Firmware/core.a(Uart.cpp.o)
                0x00006bd2                Uart::peek()
 .text._ZN4Uart3endEv
                0x00006bec       0x1e C:\Users\djneo\AppData\Local\Temp\VMBuilds\MegaDrumMachine\adafruit_adafruit_grandcentral_m4\Firmware/core.a(Uart.cpp.o)
                0x00006bec                Uart::end()
 .text._ZN4Uart16extractNbStopBitEt
                0x00006c0a        0xe C:\Users\djneo\AppData\Local\Temp\VMBuilds\MegaDrumMachine\adafruit_adafruit_grandcentral_m4\Firmware/core.a(Uart.cpp.o)
                0x00006c0a                Uart::extractNbStopBit(unsigned short)
 .text._ZN4Uart15extractCharSizeEt
                0x00006c18       0x24 C:\Users\djneo\AppData\Local\Temp\VMBuilds\MegaDrumMachine\adafruit_adafruit_grandcentral_m4\Firmware/core.a(Uart.cpp.o)
                0x00006c18                Uart::extractCharSize(unsigned short)
 .text._ZN4Uart13extractParityEt
                0x00006c3c       0x16 C:\Users\djneo\AppData\Local\Temp\VMBuilds\MegaDrumMachine\adafruit_adafruit_grandcentral_m4\Firmware/core.a(Uart.cpp.o)
                0x00006c3c                Uart::extractParity(unsigned short)
 *fill*         0x00006c52        0x2 
 .text._ZN4Uart5beginEmt
                0x00006c54       0xe0 C:\Users\djneo\AppData\Local\Temp\VMBuilds\MegaDrumMachine\adafruit_adafruit_grandcentral_m4\Firmware/core.a(Uart.cpp.o)
                0x00006c54                Uart::begin(unsigned long, unsigned short)
 .text._ZN11RingBufferNILi256EEC2Ev
                0x00006d34       0x18 C:\Users\djneo\AppData\Local\Temp\VMBuilds\MegaDrumMachine\adafruit_adafruit_grandcentral_m4\Firmware/core.a(Uart.cpp.o)
                0x00006d34                RingBufferN<256>::RingBufferN()
                0x00006d34                RingBufferN<256>::RingBufferN()
 .text._ZN4UartC2EP6SERCOMhh11SercomRXPad15SercomUartTXPad
                0x00006d4c       0x54 C:\Users\djneo\AppData\Local\Temp\VMBuilds\MegaDrumMachine\adafruit_adafruit_grandcentral_m4\Firmware/core.a(Uart.cpp.o)
                0x00006d4c                Uart::Uart(SERCOM*, unsigned char, unsigned char, SercomRXPad, SercomUartTXPad)
                0x00006d4c                Uart::Uart(SERCOM*, unsigned char, unsigned char, SercomRXPad, SercomUartTXPad)
 .text._ZN11RingBufferNILi256EE9availableEv
                0x00006da0       0x12 C:\Users\djneo\AppData\Local\Temp\VMBuilds\MegaDrumMachine\adafruit_adafruit_grandcentral_m4\Firmware/core.a(Uart.cpp.o)
                0x00006da0                RingBufferN<256>::available()
 .text._ZN4Uart5flushEv
                0x00006db2       0x1c C:\Users\djneo\AppData\Local\Temp\VMBuilds\MegaDrumMachine\adafruit_adafruit_grandcentral_m4\Firmware/core.a(Uart.cpp.o)
                0x00006db2                Uart::flush()
 .text._ZN4Uart9availableEv
                0x00006dce        0xa C:\Users\djneo\AppData\Local\Temp\VMBuilds\MegaDrumMachine\adafruit_adafruit_grandcentral_m4\Firmware/core.a(Uart.cpp.o)
                0x00006dce                Uart::available()
 .text._ZN11RingBufferNILi256EE17availableForStoreEv
                0x00006dd8       0x2c C:\Users\djneo\AppData\Local\Temp\VMBuilds\MegaDrumMachine\adafruit_adafruit_grandcentral_m4\Firmware/core.a(Uart.cpp.o)
                0x00006dd8                RingBufferN<256>::availableForStore()
 .text._ZN4Uart17availableForWriteEv
                0x00006e04        0xc C:\Users\djneo\AppData\Local\Temp\VMBuilds\MegaDrumMachine\adafruit_adafruit_grandcentral_m4\Firmware/core.a(Uart.cpp.o)
                0x00006e04                Uart::availableForWrite()
 .text._ZN4Uart10IrqHandlerEv
                0x00006e10       0xc4 C:\Users\djneo\AppData\Local\Temp\VMBuilds\MegaDrumMachine\adafruit_adafruit_grandcentral_m4\Firmware/core.a(Uart.cpp.o)
                0x00006e10                Uart::IrqHandler()
 .text._ZN4Uart5writeEh
                0x00006ed4       0xac C:\Users\djneo\AppData\Local\Temp\VMBuilds\MegaDrumMachine\adafruit_adafruit_grandcentral_m4\Firmware/core.a(Uart.cpp.o)
                0x00006ed4                Uart::write(unsigned char)
 .text._ZN4Uart4readEv
                0x00006f80       0x4a C:\Users\djneo\AppData\Local\Temp\VMBuilds\MegaDrumMachine\adafruit_adafruit_grandcentral_m4\Firmware/core.a(Uart.cpp.o)
                0x00006f80                Uart::read()
 .text._ZN6StringD2Ev
                0x00006fca        0xe C:\Users\djneo\AppData\Local\Temp\VMBuilds\MegaDrumMachine\adafruit_adafruit_grandcentral_m4\Firmware/core.a(WString.cpp.o)
                0x00006fca                String::~String()
                0x00006fca                String::~String()
 .text._ZN6String10invalidateEv
                0x00006fd8       0x16 C:\Users\djneo\AppData\Local\Temp\VMBuilds\MegaDrumMachine\adafruit_adafruit_grandcentral_m4\Firmware/core.a(WString.cpp.o)
                0x00006fd8                String::invalidate()
 .text._ZN6String12changeBufferEj
                0x00006fee       0x18 C:\Users\djneo\AppData\Local\Temp\VMBuilds\MegaDrumMachine\adafruit_adafruit_grandcentral_m4\Firmware/core.a(WString.cpp.o)
                0x00006fee                String::changeBuffer(unsigned int)
 .text._ZN6String7reserveEj
                0x00007006       0x28 C:\Users\djneo\AppData\Local\Temp\VMBuilds\MegaDrumMachine\adafruit_adafruit_grandcentral_m4\Firmware/core.a(WString.cpp.o)
                0x00007006                String::reserve(unsigned int)
 .text._ZN6String4copyEPKcj
                0x0000702e       0x26 C:\Users\djneo\AppData\Local\Temp\VMBuilds\MegaDrumMachine\adafruit_adafruit_grandcentral_m4\Firmware/core.a(WString.cpp.o)
                0x0000702e                String::copy(char const*, unsigned int)
 .text._ZN6StringC2EPKc
                0x00007054       0x24 C:\Users\djneo\AppData\Local\Temp\VMBuilds\MegaDrumMachine\adafruit_adafruit_grandcentral_m4\Firmware/core.a(WString.cpp.o)
                0x00007054                String::String(char const*)
                0x00007054                String::String(char const*)
 .text._ZN6StringaSEPKc.part.3
                0x00007078       0x1a C:\Users\djneo\AppData\Local\Temp\VMBuilds\MegaDrumMachine\adafruit_adafruit_grandcentral_m4\Firmware/core.a(WString.cpp.o)
 .text._ZN6StringaSERKS_
                0x00007092       0x1e C:\Users\djneo\AppData\Local\Temp\VMBuilds\MegaDrumMachine\adafruit_adafruit_grandcentral_m4\Firmware/core.a(WString.cpp.o)
                0x00007092                String::operator=(String const&)
 .text._ZN6StringC2ERKS_
                0x000070b0       0x14 C:\Users\djneo\AppData\Local\Temp\VMBuilds\MegaDrumMachine\adafruit_adafruit_grandcentral_m4\Firmware/core.a(WString.cpp.o)
                0x000070b0                String::String(String const&)
                0x000070b0                String::String(String const&)
 .text._ZN6StringaSEPKc
                0x000070c4       0x14 C:\Users\djneo\AppData\Local\Temp\VMBuilds\MegaDrumMachine\adafruit_adafruit_grandcentral_m4\Firmware/core.a(WString.cpp.o)
                0x000070c4                String::operator=(char const*)
 .text._ZNK6String9substringEjj
                0x000070d8       0x4c C:\Users\djneo\AppData\Local\Temp\VMBuilds\MegaDrumMachine\adafruit_adafruit_grandcentral_m4\Firmware/core.a(WString.cpp.o)
                0x000070d8                String::substring(unsigned int, unsigned int) const
 .text._ZN7Serial_17availableForWriteEv
                0x00007124        0x4 C:\Users\djneo\AppData\Local\Temp\VMBuilds\MegaDrumMachine\adafruit_adafruit_grandcentral_m4\Firmware/core.a(CDC.cpp.o)
                0x00007124                Serial_::availableForWrite()
 .text._ZN7Serial_5writeEh
                0x00007128       0x16 C:\Users\djneo\AppData\Local\Temp\VMBuilds\MegaDrumMachine\adafruit_adafruit_grandcentral_m4\Firmware/core.a(CDC.cpp.o)
                0x00007128                Serial_::write(unsigned char)
 .text._ZN7Serial_9availableEv
                0x0000713e        0x8 C:\Users\djneo\AppData\Local\Temp\VMBuilds\MegaDrumMachine\adafruit_adafruit_grandcentral_m4\Firmware/core.a(CDC.cpp.o)
                0x0000713e                Serial_::available()
 .text._ZN7Serial_5flushEv
                0x00007146        0x8 C:\Users\djneo\AppData\Local\Temp\VMBuilds\MegaDrumMachine\adafruit_adafruit_grandcentral_m4\Firmware/core.a(CDC.cpp.o)
                0x00007146                Serial_::flush()
 *fill*         0x0000714e        0x2 
 .text._ZN7Serial_5writeEPKhj
                0x00007150       0x28 C:\Users\djneo\AppData\Local\Temp\VMBuilds\MegaDrumMachine\adafruit_adafruit_grandcentral_m4\Firmware/core.a(CDC.cpp.o)
                0x00007150                Serial_::write(unsigned char const*, unsigned int)
 .text._ZN7Serial_4peekEv
                0x00007178       0x1c C:\Users\djneo\AppData\Local\Temp\VMBuilds\MegaDrumMachine\adafruit_adafruit_grandcentral_m4\Firmware/core.a(CDC.cpp.o)
                0x00007178                Serial_::peek()
 .text._ZN7Serial_4readEv
                0x00007194       0x20 C:\Users\djneo\AppData\Local\Temp\VMBuilds\MegaDrumMachine\adafruit_adafruit_grandcentral_m4\Firmware/core.a(CDC.cpp.o)
                0x00007194                Serial_::read()
 .text._Z16CDC_GetInterfacePh
                0x000071b4       0x18 C:\Users\djneo\AppData\Local\Temp\VMBuilds\MegaDrumMachine\adafruit_adafruit_grandcentral_m4\Firmware/core.a(CDC.cpp.o)
                0x000071b4                CDC_GetInterface(unsigned char*)
 .text._Z9CDC_SetupR8USBSetup
                0x000071cc       0x74 C:\Users\djneo\AppData\Local\Temp\VMBuilds\MegaDrumMachine\adafruit_adafruit_grandcentral_m4\Firmware/core.a(CDC.cpp.o)
                0x000071cc                CDC_Setup(USBSetup&)
 .text._ZN7Serial_5beginEm
                0x00007240        0x2 C:\Users\djneo\AppData\Local\Temp\VMBuilds\MegaDrumMachine\adafruit_adafruit_grandcentral_m4\Firmware/core.a(CDC.cpp.o)
                0x00007240                Serial_::begin(unsigned long)
 *fill*         0x00007242        0x2 
 .text.startup._GLOBAL__sub_I__Z17_CDC_GetInterfacev
                0x00007244       0x24 C:\Users\djneo\AppData\Local\Temp\VMBuilds\MegaDrumMachine\adafruit_adafruit_grandcentral_m4\Firmware/core.a(CDC.cpp.o)
 .text._ZN26DoubleBufferedEPOutHandler4initEv
                0x00007268        0x2 C:\Users\djneo\AppData\Local\Temp\VMBuilds\MegaDrumMachine\adafruit_adafruit_grandcentral_m4\Firmware/core.a(USBCore.cpp.o)
                0x00007268                DoubleBufferedEPOutHandler::init()
 .text._ZL5utox8mPc
                0x0000726a       0x22 C:\Users\djneo\AppData\Local\Temp\VMBuilds\MegaDrumMachine\adafruit_adafruit_grandcentral_m4\Firmware/core.a(USBCore.cpp.o)
 .text._ZN26DoubleBufferedEPOutHandlerD2Ev
                0x0000728c       0x14 C:\Users\djneo\AppData\Local\Temp\VMBuilds\MegaDrumMachine\adafruit_adafruit_grandcentral_m4\Firmware/core.a(USBCore.cpp.o)
                0x0000728c                DoubleBufferedEPOutHandler::~DoubleBufferedEPOutHandler()
                0x0000728c                DoubleBufferedEPOutHandler::~DoubleBufferedEPOutHandler()
 .text._ZN26DoubleBufferedEPOutHandlerD0Ev
                0x000072a0       0x12 C:\Users\djneo\AppData\Local\Temp\VMBuilds\MegaDrumMachine\adafruit_adafruit_grandcentral_m4\Firmware/core.a(USBCore.cpp.o)
                0x000072a0                DoubleBufferedEPOutHandler::~DoubleBufferedEPOutHandler()
 *fill*         0x000072b2        0x2 
 .text._ZN14USBDeviceClass6initEPEmm.part.5
                0x000072b4       0xc4 C:\Users\djneo\AppData\Local\Temp\VMBuilds\MegaDrumMachine\adafruit_adafruit_grandcentral_m4\Firmware/core.a(USBCore.cpp.o)
 .text._ZN7__GuardC2Ev
                0x00007378        0xe C:\Users\djneo\AppData\Local\Temp\VMBuilds\MegaDrumMachine\adafruit_adafruit_grandcentral_m4\Firmware/core.a(USBCore.cpp.o)
                0x00007378                __Guard::__Guard()
                0x00007378                __Guard::__Guard()
 .text._ZN7__GuardD2Ev
                0x00007386        0xc C:\Users\djneo\AppData\Local\Temp\VMBuilds\MegaDrumMachine\adafruit_adafruit_grandcentral_m4\Firmware/core.a(USBCore.cpp.o)
                0x00007386                __Guard::~__Guard()
                0x00007386                __Guard::~__Guard()
 .text._ZNK26DoubleBufferedEPOutHandler9availableEv
                0x00007392       0x5e C:\Users\djneo\AppData\Local\Temp\VMBuilds\MegaDrumMachine\adafruit_adafruit_grandcentral_m4\Firmware/core.a(USBCore.cpp.o)
                0x00007392                DoubleBufferedEPOutHandler::available() const
 .text._ZN26DoubleBufferedEPOutHandler7releaseEv
                0x000073f0       0x4e C:\Users\djneo\AppData\Local\Temp\VMBuilds\MegaDrumMachine\adafruit_adafruit_grandcentral_m4\Firmware/core.a(USBCore.cpp.o)
                0x000073f0                DoubleBufferedEPOutHandler::release()
 .text._ZN26DoubleBufferedEPOutHandler4recvEPvm
                0x0000743e      0x116 C:\Users\djneo\AppData\Local\Temp\VMBuilds\MegaDrumMachine\adafruit_adafruit_grandcentral_m4\Firmware/core.a(USBCore.cpp.o)
                0x0000743e                DoubleBufferedEPOutHandler::recv(void*, unsigned long)
 .text._ZN26DoubleBufferedEPOutHandler14handleEndpointEv
                0x00007554       0xb8 C:\Users\djneo\AppData\Local\Temp\VMBuilds\MegaDrumMachine\adafruit_adafruit_grandcentral_m4\Firmware/core.a(USBCore.cpp.o)
                0x00007554                DoubleBufferedEPOutHandler::handleEndpoint()
 .text._ZN14USBDeviceClass14SendInterfacesEPm
                0x0000760c       0x30 C:\Users\djneo\AppData\Local\Temp\VMBuilds\MegaDrumMachine\adafruit_adafruit_grandcentral_m4\Firmware/core.a(USBCore.cpp.o)
                0x0000760c                USBDeviceClass::SendInterfaces(unsigned long*)
 .text._ZN14USBDeviceClass14handleEndpointEh
                0x0000763c       0x3c C:\Users\djneo\AppData\Local\Temp\VMBuilds\MegaDrumMachine\adafruit_adafruit_grandcentral_m4\Firmware/core.a(USBCore.cpp.o)
                0x0000763c                USBDeviceClass::handleEndpoint(unsigned char)
 .text._ZN14USBDeviceClass4initEv
                0x00007678      0x124 C:\Users\djneo\AppData\Local\Temp\VMBuilds\MegaDrumMachine\adafruit_adafruit_grandcentral_m4\Firmware/core.a(USBCore.cpp.o)
                0x00007678                USBDeviceClass::init()
 .text._ZN14USBDeviceClass6attachEv
                0x0000779c       0x30 C:\Users\djneo\AppData\Local\Temp\VMBuilds\MegaDrumMachine\adafruit_adafruit_grandcentral_m4\Firmware/core.a(USBCore.cpp.o)
                0x0000779c                USBDeviceClass::attach()
 .text._ZN14USBDeviceClass10setAddressEm
                0x000077cc       0x40 C:\Users\djneo\AppData\Local\Temp\VMBuilds\MegaDrumMachine\adafruit_adafruit_grandcentral_m4\Firmware/core.a(USBCore.cpp.o)
                0x000077cc                USBDeviceClass::setAddress(unsigned long)
 .text._ZN14USBDeviceClass25handleClassInterfaceSetupER8USBSetup
                0x0000780c       0x40 C:\Users\djneo\AppData\Local\Temp\VMBuilds\MegaDrumMachine\adafruit_adafruit_grandcentral_m4\Firmware/core.a(USBCore.cpp.o)
                0x0000780c                USBDeviceClass::handleClassInterfaceSetup(USBSetup&)
 .text._ZN14USBDeviceClass6initEPEmm
                0x0000784c       0xe0 C:\Users\djneo\AppData\Local\Temp\VMBuilds\MegaDrumMachine\adafruit_adafruit_grandcentral_m4\Firmware/core.a(USBCore.cpp.o)
                0x0000784c                USBDeviceClass::initEP(unsigned long, unsigned long)
 .text._ZN14USBDeviceClass13initEndpointsEv
                0x0000792c       0x20 C:\Users\djneo\AppData\Local\Temp\VMBuilds\MegaDrumMachine\adafruit_adafruit_grandcentral_m4\Firmware/core.a(USBCore.cpp.o)
                0x0000792c                USBDeviceClass::initEndpoints()
 .text._ZN14USBDeviceClass9availableEm
                0x0000794c       0x28 C:\Users\djneo\AppData\Local\Temp\VMBuilds\MegaDrumMachine\adafruit_adafruit_grandcentral_m4\Firmware/core.a(USBCore.cpp.o)
                0x0000794c                USBDeviceClass::available(unsigned long)
 .text._ZN14USBDeviceClass5flushEm
                0x00007974       0x28 C:\Users\djneo\AppData\Local\Temp\VMBuilds\MegaDrumMachine\adafruit_adafruit_grandcentral_m4\Firmware/core.a(USBCore.cpp.o)
                0x00007974                USBDeviceClass::flush(unsigned long)
 .text._ZN14USBDeviceClass14armRecvCtrlOUTEm
                0x0000799c       0x54 C:\Users\djneo\AppData\Local\Temp\VMBuilds\MegaDrumMachine\adafruit_adafruit_grandcentral_m4\Firmware/core.a(USBCore.cpp.o)
                0x0000799c                USBDeviceClass::armRecvCtrlOUT(unsigned long)
 .text._ZN14USBDeviceClass11recvControlEPvm
                0x000079f0       0x3c C:\Users\djneo\AppData\Local\Temp\VMBuilds\MegaDrumMachine\adafruit_adafruit_grandcentral_m4\Firmware/core.a(USBCore.cpp.o)
                0x000079f0                USBDeviceClass::recvControl(void*, unsigned long)
 .text._ZN14USBDeviceClass7armRecvEm
                0x00007a2c       0x34 C:\Users\djneo\AppData\Local\Temp\VMBuilds\MegaDrumMachine\adafruit_adafruit_grandcentral_m4\Firmware/core.a(USBCore.cpp.o)
                0x00007a2c                USBDeviceClass::armRecv(unsigned long)
 .text._ZN14USBDeviceClass4recvEmPvm
                0x00007a60       0xd8 C:\Users\djneo\AppData\Local\Temp\VMBuilds\MegaDrumMachine\adafruit_adafruit_grandcentral_m4\Firmware/core.a(USBCore.cpp.o)
                0x00007a60                USBDeviceClass::recv(unsigned long, void*, unsigned long)
 .text._ZN14USBDeviceClass4recvEm
                0x00007b38       0x1e C:\Users\djneo\AppData\Local\Temp\VMBuilds\MegaDrumMachine\adafruit_adafruit_grandcentral_m4\Firmware/core.a(USBCore.cpp.o)
                0x00007b38                USBDeviceClass::recv(unsigned long)
 *fill*         0x00007b56        0x2 
 .text._ZN14USBDeviceClass4sendEmPKvm
                0x00007b58      0x108 C:\Users\djneo\AppData\Local\Temp\VMBuilds\MegaDrumMachine\adafruit_adafruit_grandcentral_m4\Firmware/core.a(USBCore.cpp.o)
                0x00007b58                USBDeviceClass::send(unsigned long, void const*, unsigned long)
 .text._ZN14USBDeviceClass7armSendEmPKvm
                0x00007c60       0x3c C:\Users\djneo\AppData\Local\Temp\VMBuilds\MegaDrumMachine\adafruit_adafruit_grandcentral_m4\Firmware/core.a(USBCore.cpp.o)
                0x00007c60                USBDeviceClass::armSend(unsigned long, void const*, unsigned long)
 .text._ZN14USBDeviceClass11sendControlEPKvm
                0x00007c9c       0x58 C:\Users\djneo\AppData\Local\Temp\VMBuilds\MegaDrumMachine\adafruit_adafruit_grandcentral_m4\Firmware/core.a(USBCore.cpp.o)
                0x00007c9c                USBDeviceClass::sendControl(void const*, unsigned long)
 .text._ZN14USBDeviceClass20sendStringDescriptorEPKhh
                0x00007cf4       0x6c C:\Users\djneo\AppData\Local\Temp\VMBuilds\MegaDrumMachine\adafruit_adafruit_grandcentral_m4\Firmware/core.a(USBCore.cpp.o)
                0x00007cf4                USBDeviceClass::sendStringDescriptor(unsigned char const*, unsigned char)
 .text._ZN14USBDeviceClass17sendConfigurationEm
                0x00007d60       0xa0 C:\Users\djneo\AppData\Local\Temp\VMBuilds\MegaDrumMachine\adafruit_adafruit_grandcentral_m4\Firmware/core.a(USBCore.cpp.o)
                0x00007d60                USBDeviceClass::sendConfiguration(unsigned long)
 .text._ZN14USBDeviceClass14sendDescriptorER8USBSetup
                0x00007e00       0xe8 C:\Users\djneo\AppData\Local\Temp\VMBuilds\MegaDrumMachine\adafruit_adafruit_grandcentral_m4\Firmware/core.a(USBCore.cpp.o)
                0x00007e00                USBDeviceClass::sendDescriptor(USBSetup&)
 .text._ZN14USBDeviceClass19handleStandardSetupER8USBSetup
                0x00007ee8      0x114 C:\Users\djneo\AppData\Local\Temp\VMBuilds\MegaDrumMachine\adafruit_adafruit_grandcentral_m4\Firmware/core.a(USBCore.cpp.o)
                0x00007ee8                USBDeviceClass::handleStandardSetup(USBSetup&)
 .text._ZN14USBDeviceClass10ISRHandlerEv
                0x00007ffc      0x158 C:\Users\djneo\AppData\Local\Temp\VMBuilds\MegaDrumMachine\adafruit_adafruit_grandcentral_m4\Firmware/core.a(USBCore.cpp.o)
                0x00007ffc                USBDeviceClass::ISRHandler()
 .text.UDD_Handler
                0x00008154        0xc C:\Users\djneo\AppData\Local\Temp\VMBuilds\MegaDrumMachine\adafruit_adafruit_grandcentral_m4\Firmware/core.a(USBCore.cpp.o)
                0x00008154                UDD_Handler
 .text.startup._GLOBAL__sub_I_usbd
                0x00008160       0x10 C:\Users\djneo\AppData\Local\Temp\VMBuilds\MegaDrumMachine\adafruit_adafruit_grandcentral_m4\Firmware/core.a(USBCore.cpp.o)
 .text.init     0x00008170      0x118 C:\Users\djneo\AppData\Local\Temp\VMBuilds\MegaDrumMachine\adafruit_adafruit_grandcentral_m4\Firmware/core.a(wiring.c.o)
                0x00008170                init
 .text.analogReference
                0x00008288       0xc8 C:\Users\djneo\AppData\Local\Temp\VMBuilds\MegaDrumMachine\adafruit_adafruit_grandcentral_m4\Firmware/core.a(wiring_analog.c.o)
                0x00008288                analogReference
 .text._ZN13PluggableUSB_12getInterfaceEPh
                0x00008350       0x26 C:\Users\djneo\AppData\Local\Temp\VMBuilds\MegaDrumMachine\adafruit_adafruit_grandcentral_m4\Firmware/core.a(PluggableUSB.cpp.o)
                0x00008350                PluggableUSB_::getInterface(unsigned char*)
 .text._ZN13PluggableUSB_13getDescriptorER8USBSetup
                0x00008376       0x1c C:\Users\djneo\AppData\Local\Temp\VMBuilds\MegaDrumMachine\adafruit_adafruit_grandcentral_m4\Firmware/core.a(PluggableUSB.cpp.o)
                0x00008376                PluggableUSB_::getDescriptor(USBSetup&)
 .text._ZN13PluggableUSB_5setupER8USBSetup
                0x00008392       0x1c C:\Users\djneo\AppData\Local\Temp\VMBuilds\MegaDrumMachine\adafruit_adafruit_grandcentral_m4\Firmware/core.a(PluggableUSB.cpp.o)
                0x00008392                PluggableUSB_::setup(USBSetup&)
 *fill*         0x000083ae        0x2 
 .text._Z12PluggableUSBv
                0x000083b0       0x24 C:\Users\djneo\AppData\Local\Temp\VMBuilds\MegaDrumMachine\adafruit_adafruit_grandcentral_m4\Firmware/core.a(PluggableUSB.cpp.o)
                0x000083b0                PluggableUSB()
 .text._ZN20USBDevice_SAMD21G18x5resetEv
                0x000083d4       0x32 C:\Users\djneo\AppData\Local\Temp\VMBuilds\MegaDrumMachine\adafruit_adafruit_grandcentral_m4\Firmware/core.a(SAMD21_USBDevice.cpp.o)
                0x000083d4                USBDevice_SAMD21G18x::reset()
 *fill*         0x00008406        0x2 
 .text._ZN20USBDevice_SAMD21G18x9calibrateEv
                0x00008408       0x48 C:\Users\djneo\AppData\Local\Temp\VMBuilds\MegaDrumMachine\adafruit_adafruit_grandcentral_m4\Firmware/core.a(SAMD21_USBDevice.cpp.o)
                0x00008408                USBDevice_SAMD21G18x::calibrate()
 .text.__aeabi_atexit
                0x00008450        0xa c:/users/djneo/appdata/local/arduino15/packages/arduino/tools/arm-none-eabi-gcc/7-2017q4/bin/../lib/gcc/arm-none-eabi/7.2.1/../../../../arm-none-eabi/lib/thumb/v7e-m/fpv4-sp/hard\libstdc++_nano.a(atexit_arm.o)
                0x00008450                __aeabi_atexit
 *fill*         0x0000845a        0x2 
 .text          0x0000845c      0x378 c:/users/djneo/appdata/local/arduino15/packages/arduino/tools/arm-none-eabi-gcc/7-2017q4/bin/../lib/gcc/arm-none-eabi/7.2.1/thumb/v7e-m/fpv4-sp/hard\libgcc.a(_arm_addsubdf3.o)
                0x0000845c                __aeabi_drsub
                0x00008464                __aeabi_dsub
                0x00008464                __subdf3
                0x00008468                __aeabi_dadd
                0x00008468                __adddf3
                0x000086e0                __floatunsidf
                0x000086e0                __aeabi_ui2d
                0x00008700                __floatsidf
                0x00008700                __aeabi_i2d
                0x00008724                __aeabi_f2d
                0x00008724                __extendsfdf2
                0x00008768                __floatundidf
                0x00008768                __aeabi_ul2d
                0x00008778                __floatdidf
                0x00008778                __aeabi_l2d
 .text          0x000087d4      0x424 c:/users/djneo/appdata/local/arduino15/packages/arduino/tools/arm-none-eabi-gcc/7-2017q4/bin/../lib/gcc/arm-none-eabi/7.2.1/thumb/v7e-m/fpv4-sp/hard\libgcc.a(_arm_muldivdf3.o)
                0x000087d4                __aeabi_dmul
                0x000087d4                __muldf3
                0x00008a28                __divdf3
                0x00008a28                __aeabi_ddiv
 .text          0x00008bf8      0x110 c:/users/djneo/appdata/local/arduino15/packages/arduino/tools/arm-none-eabi-gcc/7-2017q4/bin/../lib/gcc/arm-none-eabi/7.2.1/thumb/v7e-m/fpv4-sp/hard\libgcc.a(_arm_cmpdf2.o)
                0x00008bf8                __gtdf2
                0x00008bf8                __gedf2
                0x00008c00                __ltdf2
                0x00008c00                __ledf2
                0x00008c08                __nedf2
                0x00008c08                __eqdf2
                0x00008c08                __cmpdf2
                0x00008c84                __aeabi_cdrcmple
                0x00008c94                __aeabi_cdcmpeq
                0x00008c94                __aeabi_cdcmple
                0x00008ca4                __aeabi_dcmpeq
                0x00008cb8                __aeabi_dcmplt
                0x00008ccc                __aeabi_dcmple
                0x00008ce0                __aeabi_dcmpge
                0x00008cf4                __aeabi_dcmpgt
 .text          0x00008d08       0x2c c:/users/djneo/appdata/local/arduino15/packages/arduino/tools/arm-none-eabi-gcc/7-2017q4/bin/../lib/gcc/arm-none-eabi/7.2.1/thumb/v7e-m/fpv4-sp/hard\libgcc.a(_arm_unorddf2.o)
                0x00008d08                __unorddf2
                0x00008d08                __aeabi_dcmpun
 .text          0x00008d34       0x50 c:/users/djneo/appdata/local/arduino15/packages/arduino/tools/arm-none-eabi-gcc/7-2017q4/bin/../lib/gcc/arm-none-eabi/7.2.1/thumb/v7e-m/fpv4-sp/hard\libgcc.a(_arm_fixdfsi.o)
                0x00008d34                __aeabi_d2iz
                0x00008d34                __fixdfsi
 .text.__assert_func
                0x00008d84       0x3c c:/users/djneo/appdata/local/arduino15/packages/arduino/tools/arm-none-eabi-gcc/7-2017q4/bin/../lib/gcc/arm-none-eabi/7.2.1/../../../../arm-none-eabi/lib/thumb/v7e-m/fpv4-sp/hard\libc_nano.a(lib_a-assert.o)
                0x00008d84                __assert_func
 .text.__cxa_atexit
                0x00008dc0       0x1c c:/users/djneo/appdata/local/arduino15/packages/arduino/tools/arm-none-eabi-gcc/7-2017q4/bin/../lib/gcc/arm-none-eabi/7.2.1/../../../../arm-none-eabi/lib/thumb/v7e-m/fpv4-sp/hard\libc_nano.a(lib_a-cxa_atexit.o)
                0x00008dc0                __cxa_atexit
 .text.fprintf  0x00008ddc       0x24 c:/users/djneo/appdata/local/arduino15/packages/arduino/tools/arm-none-eabi-gcc/7-2017q4/bin/../lib/gcc/arm-none-eabi/7.2.1/../../../../arm-none-eabi/lib/thumb/v7e-m/fpv4-sp/hard\libc_nano.a(lib_a-fprintf.o)
                0x00008ddc                fiprintf
                0x00008ddc                fprintf
 .text.__libc_init_array
                0x00008e00       0x48 c:/users/djneo/appdata/local/arduino15/packages/arduino/tools/arm-none-eabi-gcc/7-2017q4/bin/../lib/gcc/arm-none-eabi/7.2.1/../../../../arm-none-eabi/lib/thumb/v7e-m/fpv4-sp/hard\libc_nano.a(lib_a-init.o)
                0x00008e00                __libc_init_array
 .text.malloc   0x00008e48       0x10 c:/users/djneo/appdata/local/arduino15/packages/arduino/tools/arm-none-eabi-gcc/7-2017q4/bin/../lib/gcc/arm-none-eabi/7.2.1/../../../../arm-none-eabi/lib/thumb/v7e-m/fpv4-sp/hard\libc_nano.a(lib_a-malloc.o)
                0x00008e48                malloc
 .text.free     0x00008e58       0x10 c:/users/djneo/appdata/local/arduino15/packages/arduino/tools/arm-none-eabi-gcc/7-2017q4/bin/../lib/gcc/arm-none-eabi/7.2.1/../../../../arm-none-eabi/lib/thumb/v7e-m/fpv4-sp/hard\libc_nano.a(lib_a-malloc.o)
                0x00008e58                free
 .text.__ascii_mbtowc
                0x00008e68       0x24 c:/users/djneo/appdata/local/arduino15/packages/arduino/tools/arm-none-eabi-gcc/7-2017q4/bin/../lib/gcc/arm-none-eabi/7.2.1/../../../../arm-none-eabi/lib/thumb/v7e-m/fpv4-sp/hard\libc_nano.a(lib_a-mbtowc_r.o)
                0x00008e68                __ascii_mbtowc
 .text.memcpy   0x00008e8c       0x16 c:/users/djneo/appdata/local/arduino15/packages/arduino/tools/arm-none-eabi-gcc/7-2017q4/bin/../lib/gcc/arm-none-eabi/7.2.1/../../../../arm-none-eabi/lib/thumb/v7e-m/fpv4-sp/hard\libc_nano.a(lib_a-memcpy-stub.o)
                0x00008e8c                memcpy
 .text.memset   0x00008ea2       0x10 c:/users/djneo/appdata/local/arduino15/packages/arduino/tools/arm-none-eabi-gcc/7-2017q4/bin/../lib/gcc/arm-none-eabi/7.2.1/../../../../arm-none-eabi/lib/thumb/v7e-m/fpv4-sp/hard\libc_nano.a(lib_a-memset.o)
                0x00008ea2                memset
 *fill*         0x00008eb2        0x2 
 .text._free_r  0x00008eb4       0x9c c:/users/djneo/appdata/local/arduino15/packages/arduino/tools/arm-none-eabi-gcc/7-2017q4/bin/../lib/gcc/arm-none-eabi/7.2.1/../../../../arm-none-eabi/lib/thumb/v7e-m/fpv4-sp/hard\libc_nano.a(lib_a-nano-freer.o)
                0x00008eb4                _free_r
 .text._malloc_r
                0x00008f50       0xb4 c:/users/djneo/appdata/local/arduino15/packages/arduino/tools/arm-none-eabi-gcc/7-2017q4/bin/../lib/gcc/arm-none-eabi/7.2.1/../../../../arm-none-eabi/lib/thumb/v7e-m/fpv4-sp/hard\libc_nano.a(lib_a-nano-mallocr.o)
                0x00008f50                _malloc_r
 .text.__sfputc_r
                0x00009004       0x2e c:/users/djneo/appdata/local/arduino15/packages/arduino/tools/arm-none-eabi-gcc/7-2017q4/bin/../lib/gcc/arm-none-eabi/7.2.1/../../../../arm-none-eabi/lib/thumb/v7e-m/fpv4-sp/hard\libc_nano.a(lib_a-nano-vfprintf.o)
 .text.__sfputs_r
                0x00009032       0x24 c:/users/djneo/appdata/local/arduino15/packages/arduino/tools/arm-none-eabi-gcc/7-2017q4/bin/../lib/gcc/arm-none-eabi/7.2.1/../../../../arm-none-eabi/lib/thumb/v7e-m/fpv4-sp/hard\libc_nano.a(lib_a-nano-vfprintf.o)
                0x00009032                __sfputs_r
 *fill*         0x00009056        0x2 
 .text._vfprintf_r
                0x00009058      0x228 c:/users/djneo/appdata/local/arduino15/packages/arduino/tools/arm-none-eabi-gcc/7-2017q4/bin/../lib/gcc/arm-none-eabi/7.2.1/../../../../arm-none-eabi/lib/thumb/v7e-m/fpv4-sp/hard\libc_nano.a(lib_a-nano-vfprintf.o)
                0x00009058                _vfprintf_r
                0x00009058                _vfiprintf_r
 .text.__cvt    0x00009280       0xc2 c:/users/djneo/appdata/local/arduino15/packages/arduino/tools/arm-none-eabi-gcc/7-2017q4/bin/../lib/gcc/arm-none-eabi/7.2.1/../../../../arm-none-eabi/lib/thumb/v7e-m/fpv4-sp/hard\libc_nano.a(lib_a-nano-vfprintf_float.o)
                0x00009280                __cvt
 .text.__exponent
                0x00009342       0x66 c:/users/djneo/appdata/local/arduino15/packages/arduino/tools/arm-none-eabi-gcc/7-2017q4/bin/../lib/gcc/arm-none-eabi/7.2.1/../../../../arm-none-eabi/lib/thumb/v7e-m/fpv4-sp/hard\libc_nano.a(lib_a-nano-vfprintf_float.o)
                0x00009342                __exponent
 .text._printf_float
                0x000093a8      0x480 c:/users/djneo/appdata/local/arduino15/packages/arduino/tools/arm-none-eabi-gcc/7-2017q4/bin/../lib/gcc/arm-none-eabi/7.2.1/../../../../arm-none-eabi/lib/thumb/v7e-m/fpv4-sp/hard\libc_nano.a(lib_a-nano-vfprintf_float.o)
                0x000093a8                _printf_float
 .text._printf_common
                0x00009828       0xea c:/users/djneo/appdata/local/arduino15/packages/arduino/tools/arm-none-eabi-gcc/7-2017q4/bin/../lib/gcc/arm-none-eabi/7.2.1/../../../../arm-none-eabi/lib/thumb/v7e-m/fpv4-sp/hard\libc_nano.a(lib_a-nano-vfprintf_i.o)
                0x00009828                _printf_common
 *fill*         0x00009912        0x2 
 .text._printf_i
                0x00009914      0x224 c:/users/djneo/appdata/local/arduino15/packages/arduino/tools/arm-none-eabi-gcc/7-2017q4/bin/../lib/gcc/arm-none-eabi/7.2.1/../../../../arm-none-eabi/lib/thumb/v7e-m/fpv4-sp/hard\libc_nano.a(lib_a-nano-vfprintf_i.o)
                0x00009914                _printf_i
 .text.realloc  0x00009b38       0x10 c:/users/djneo/appdata/local/arduino15/packages/arduino/tools/arm-none-eabi-gcc/7-2017q4/bin/../lib/gcc/arm-none-eabi/7.2.1/../../../../arm-none-eabi/lib/thumb/v7e-m/fpv4-sp/hard\libc_nano.a(lib_a-realloc.o)
                0x00009b38                realloc
 .text._sbrk_r  0x00009b48       0x20 c:/users/djneo/appdata/local/arduino15/packages/arduino/tools/arm-none-eabi-gcc/7-2017q4/bin/../lib/gcc/arm-none-eabi/7.2.1/../../../../arm-none-eabi/lib/thumb/v7e-m/fpv4-sp/hard\libc_nano.a(lib_a-sbrkr.o)
                0x00009b48                _sbrk_r
 .text.strcpy   0x00009b68       0x10 c:/users/djneo/appdata/local/arduino15/packages/arduino/tools/arm-none-eabi-gcc/7-2017q4/bin/../lib/gcc/arm-none-eabi/7.2.1/../../../../arm-none-eabi/lib/thumb/v7e-m/fpv4-sp/hard\libc_nano.a(lib_a-strcpy.o)
                0x00009b68                strcpy