Archive member included to satisfy reference by file (symbol)

C:\Users\djneo\AppData\Local\Temp\VMBuilds\MegaDrumMachine\adafruit_adafruit_grandcentral_m4\Firmware/core.a(cortex_handlers.c.o)
                              (Reset_Handler)
C:\Users\djneo\AppData\Local\Temp\VMBuilds\MegaDrumMachine\adafruit_adafruit_grandcentral_m4\Firmware/core.a(delay.c.o)
                              RotaryEncoder\RotaryEncoder.cpp.o (millis)
C:\Users\djneo\AppData\Local\Temp\VMBuilds\MegaDrumMachine\adafruit_adafruit_grandcentral_m4\Firmware/core.a(hooks.c.o)
                              C:\Users\djneo\AppData\Local\Temp\VMBuilds\MegaDrumMachine\adafruit_adafruit_grandcentral_m4\Firmware/core.a(delay.c.o) (yield)
C:\Users\djneo\AppData\Local\Temp\VMBuilds\MegaDrumMachine\adafruit_adafruit_grandcentral_m4\Firmware/core.a(startup.c.o)
                              C:\Users\djneo\AppData\Local\Temp\VMBuilds\MegaDrumMachine\adafruit_adafruit_grandcentral_m4\Firmware/core.a(cortex_handlers.c.o) (SystemInit)
C:\Users\djneo\AppData\Local\Temp\VMBuilds\MegaDrumMachine\adafruit_adafruit_grandcentral_m4\Firmware/core.a(wiring_digital.c.o)
                              BeatClock.cpp.o (pinMode)
C:\Users\djneo\AppData\Local\Temp\VMBuilds\MegaDrumMachine\adafruit_adafruit_grandcentral_m4\Firmware/core.a(wiring_private.c.o)
                              Wire\Wire.cpp.o (pinPeripheral)
C:\Users\djneo\AppData\Local\Temp\VMBuilds\MegaDrumMachine\adafruit_adafruit_grandcentral_m4\Firmware/core.a(main.cpp.o)
                              c:/users/djneo/appdata/local/arduino15/packages/arduino/tools/arm-none-eabi-gcc/7-2017q4/bin/../lib/gcc/arm-none-eabi/7.2.1/../../../../arm-none-eabi/lib/thumb/v7e-m/fpv4-sp/hard/crt0.o (main)
C:\Users\djneo\AppData\Local\Temp\VMBuilds\MegaDrumMachine\adafruit_adafruit_grandcentral_m4\Firmware/core.a(new.cpp.o)
                              MegaDrumMachine.cpp.o (operator new(unsigned int))
C:\Users\djneo\AppData\Local\Temp\VMBuilds\MegaDrumMachine\adafruit_adafruit_grandcentral_m4\Firmware/core.a(Print.cpp.o)
                              LiquidCrystal_I2C\LiquidCrystal_I2C.cpp.o (Print::write(unsigned char const*, unsigned int))
C:\Users\djneo\AppData\Local\Temp\VMBuilds\MegaDrumMachine\adafruit_adafruit_grandcentral_m4\Firmware/core.a(Reset.cpp.o)
                              C:\Users\djneo\AppData\Local\Temp\VMBuilds\MegaDrumMachine\adafruit_adafruit_grandcentral_m4\Firmware/core.a(delay.c.o) (tickReset)
C:\Users\djneo\AppData\Local\Temp\VMBuilds\MegaDrumMachine\adafruit_adafruit_grandcentral_m4\Firmware/core.a(SERCOM.cpp.o)
                              C:\Users\djneo\AppData\Local\Temp\VMBCore\arduino16x\9c68673ebfce96ce038e39692a3550a3\variant\variant.cpp.o (SERCOM::SERCOM(Sercom*))
C:\Users\djneo\AppData\Local\Temp\VMBuilds\MegaDrumMachine\adafruit_adafruit_grandcentral_m4\Firmware/core.a(Stream.cpp.o)
                              MegaDrumMachine.cpp.o (Stream::readBytes(char*, unsigned int))
C:\Users\djneo\AppData\Local\Temp\VMBuilds\MegaDrumMachine\adafruit_adafruit_grandcentral_m4\Firmware/core.a(Uart.cpp.o)
                              WAV-Trigger-Arduino-Serial-Library-master\wavTrigger.cpp.o (Uart::begin(unsigned long))
C:\Users\djneo\AppData\Local\Temp\VMBuilds\MegaDrumMachine\adafruit_adafruit_grandcentral_m4\Firmware/core.a(WString.cpp.o)
                              MegaDrumMachine.cpp.o (String::~String())
C:\Users\djneo\AppData\Local\Temp\VMBuilds\MegaDrumMachine\adafruit_adafruit_grandcentral_m4\Firmware/core.a(CDC.cpp.o)
                              SD\utility\SdFile.cpp.o (Serial_::write(unsigned char))
C:\Users\djneo\AppData\Local\Temp\VMBuilds\MegaDrumMachine\adafruit_adafruit_grandcentral_m4\Firmware/core.a(USBCore.cpp.o)
                              C:\Users\djneo\AppData\Local\Temp\VMBuilds\MegaDrumMachine\adafruit_adafruit_grandcentral_m4\Firmware/core.a(main.cpp.o) (USBDeviceClass::init())
C:\Users\djneo\AppData\Local\Temp\VMBuilds\MegaDrumMachine\adafruit_adafruit_grandcentral_m4\Firmware/core.a(itoa.c.o)
                              C:\Users\djneo\AppData\Local\Temp\VMBuilds\MegaDrumMachine\adafruit_adafruit_grandcentral_m4\Firmware/core.a(WString.cpp.o) (ltoa)
C:\Users\djneo\AppData\Local\Temp\VMBuilds\MegaDrumMachine\adafruit_adafruit_grandcentral_m4\Firmware/core.a(wiring.c.o)
                              C:\Users\djneo\AppData\Local\Temp\VMBuilds\MegaDrumMachine\adafruit_adafruit_grandcentral_m4\Firmware/core.a(main.cpp.o) (init)
C:\Users\djneo\AppData\Local\Temp\VMBuilds\MegaDrumMachine\adafruit_adafruit_grandcentral_m4\Firmware/core.a(wiring_analog.c.o)
                              C:\Users\djneo\AppData\Local\Temp\VMBuilds\MegaDrumMachine\adafruit_adafruit_grandcentral_m4\Firmware/core.a(wiring.c.o) (analogReference)
C:\Users\djneo\AppData\Local\Temp\VMBuilds\MegaDrumMachine\adafruit_adafruit_grandcentral_m4\Firmware/core.a(dtostrf.c.o)
[...]
Memory Configuration

Name             Origin             Length             Attributes
FLASH            0x00004000         0x000fc000         xr
RAM              0x20000000         0x00040000         xrw
*default*        0x00000000         0xffffffff

Linker script and memory map

LOAD c:/users/djneo/appdata/local/arduino15/packages/arduino/tools/arm-none-eabi-gcc/7-2017q4/bin/../lib/gcc/arm-none-eabi/7.2.1/thumb/v7e-m/fpv4-sp/hard/crti.o
LOAD c:/users/djneo/appdata/local/arduino15/packages/arduino/tools/arm-none-eabi-gcc/7-2017q4/bin/../lib/gcc/arm-none-eabi/7.2.1/thumb/v7e-m/fpv4-sp/hard/crtbegin.o
LOAD c:/users/djneo/appdata/local/arduino15/packages/arduino/tools/arm-none-eabi-gcc/7-2017q4/bin/../lib/gcc/arm-none-eabi/7.2.1/../../../../arm-none-eabi/lib/thumb/v7e-m/fpv4-sp/hard/crt0.o
LOAD MegaDrumMachine.cpp.o
LOAD BeatClock.cpp.o
LOAD BtnPad.cpp.o
LOAD ButtonReader.cpp.o
LOAD ButtonsSimple.cpp.o
LOAD ByteWidget.cpp.o
LOAD DrumKit.cpp.o
LOAD DrumPattern.cpp.o
LOAD IconIndicator.cpp.o
LOAD IntWidget.cpp.o
LOAD IVisibleWidget.cpp.o
LOAD LCDView.cpp.o
LOAD LCDWidget.cpp.o
LOAD LCDWidgets.cpp.o
LOAD MenuVar.cpp.o
LOAD PatternBank.cpp.o
LOAD PatternPositionIndicator.cpp.o
LOAD Sequencer.cpp.o
LOAD StepTriggerIndicator.cpp.o
LOAD UIntWidget.cpp.o
LOAD ValueControl.cpp.o
LOAD WidgetData.cpp.o
LOAD LiquidCrystal_I2C\LiquidCrystal_I2C.cpp.o
LOAD Wire\Wire.cpp.o
LOAD SPI\SPI.cpp.o
LOAD Adafruit_ZeroDMA\Adafruit_ZeroDMA.cpp.o
LOAD RotaryEncoder\RotaryEncoder.cpp.o
LOAD LiquidCrystal\LiquidCrystal.cpp.o
LOAD WAV-Trigger-Arduino-Serial-Library-master\wavTrigger.cpp.o
LOAD Bounce2\Bounce2.cpp.o
LOAD SD\File.cpp.o
LOAD SD\SD.cpp.o
LOAD SD\utility\Sd2Card.cpp.o
LOAD SD\utility\SdFile.cpp.o
LOAD SD\utility\SdVolume.cpp.o
LOAD Metro\Metro.cpp.o
LOAD C:\Users\djneo\AppData\Local\Temp\VMBCore\arduino16x\9c68673ebfce96ce038e39692a3550a3\variant\variant.cpp.o
START GROUP
LOAD C:\Users\djneo\AppData\Local\arduino15\packages\arduino\tools\CMSIS\4.5.0/CMSIS/Lib/GCC/\libarm_cortexM4lf_math.a
LOAD C:\Users\djneo\AppData\Local\Temp\VMBuilds\MegaDrumMachine\adafruit_adafruit_grandcentral_m4\Firmware/core.a
END GROUP
LOAD c:/users/djneo/appdata/local/arduino15/packages/arduino/tools/arm-none-eabi-gcc/7-2017q4/bin/../lib/gcc/arm-none-eabi/7.2.1/../../../../arm-none-eabi/lib/thumb/v7e-m/fpv4-sp/hard\libstdc++_nano.a
LOAD c:/users/djneo/appdata/local/arduino15/packages/arduino/tools/arm-none-eabi-gcc/7-2017q4/bin/../lib/gcc/arm-none-eabi/7.2.1/../../../../arm-none-eabi/lib/thumb/v7e-m/fpv4-sp/hard\libm.a
START GROUP
LOAD c:/users/djneo/appdata/local/arduino15/packages/arduino/tools/arm-none-eabi-gcc/7-2017q4/bin/../lib/gcc/arm-none-eabi/7.2.1/thumb/v7e-m/fpv4-sp/hard\libgcc.a
LOAD c:/users/djneo/appdata/local/arduino15/packages/arduino/tools/arm-none-eabi-gcc/7-2017q4/bin/../lib/gcc/arm-none-eabi/7.2.1/../../../../arm-none-eabi/lib/thumb/v7e-m/fpv4-sp/hard\libc_nano.a
END GROUP
START GROUP
LOAD c:/users/djneo/appdata/local/arduino15/packages/arduino/tools/arm-none-eabi-gcc/7-2017q4/bin/../lib/gcc/arm-none-eabi/7.2.1/thumb/v7e-m/fpv4-sp/hard\libgcc.a
LOAD c:/users/djneo/appdata/local/arduino15/packages/arduino/tools/arm-none-eabi-gcc/7-2017q4/bin/../lib/gcc/arm-none-eabi/7.2.1/../../../../arm-none-eabi/lib/thumb/v7e-m/fpv4-sp/hard\libc_nano.a
LOAD c:/users/djneo/appdata/local/arduino15/packages/arduino/tools/arm-none-eabi-gcc/7-2017q4/bin/../lib/gcc/arm-none-eabi/7.2.1/../../../../arm-none-eabi/lib/thumb/v7e-m/fpv4-sp/hard\libnosys.a
END GROUP
START GROUP
LOAD c:/users/djneo/appdata/local/arduino15/packages/arduino/tools/arm-none-eabi-gcc/7-2017q4/bin/../lib/gcc/arm-none-eabi/7.2.1/thumb/v7e-m/fpv4-sp/hard\libgcc.a
LOAD c:/users/djneo/appdata/local/arduino15/packages/arduino/tools/arm-none-eabi-gcc/7-2017q4/bin/../lib/gcc/arm-none-eabi/7.2.1/../../../../arm-none-eabi/lib/thumb/v7e-m/fpv4-sp/hard\libc_nano.a
LOAD c:/users/djneo/appdata/local/arduino15/packages/arduino/tools/arm-none-eabi-gcc/7-2017q4/bin/../lib/gcc/arm-none-eabi/7.2.1/../../../../arm-none-eabi/lib/thumb/v7e-m/fpv4-sp/hard\libnosys.a
END GROUP
LOAD c:/users/djneo/appdata/local/arduino15/packages/arduino/tools/arm-none-eabi-gcc/7-2017q4/bin/../lib/gcc/arm-none-eabi/7.2.1/thumb/v7e-m/fpv4-sp/hard/crtend.o
LOAD c:/users/djneo/appdata/local/arduino15/packages/arduino/tools/arm-none-eabi-gcc/7-2017q4/bin/../lib/gcc/arm-none-eabi/7.2.1/thumb/v7e-m/fpv4-sp/hard/crtn.o

.text           0x00004000     0x8580
                0x00004000                __text_start__ = .
 *(.sketch_boot)
                0x00004000                . = ALIGN (0x4000)
 *(.isr_vector)
 .isr_vector    0x00004000      0x264 C:\Users\djneo\AppData\Local\Temp\VMBuilds\MegaDrumMachine\adafruit_adafruit_grandcentral_m4\Firmware/core.a(cortex_handlers.c.o)
                0x00004000                exception_table
 *(.text*)
 .text          0x00004264       0x40 c:/users/djneo/appdata/local/arduino15/packages/arduino/tools/arm-none-eabi-gcc/7-2017q4/bin/../lib/gcc/arm-none-eabi/7.2.1/thumb/v7e-m/fpv4-sp/hard/crtbegin.o
 .text._ZN5Print17availableForWriteEv
                0x000042a4        0x4 MegaDrumMachine.cpp.o
                0x000042a4                Print::availableForWrite()
 .text._ZN5Print5flushEv
                0x000042a8        0x2 MegaDrumMachine.cpp.o
                0x000042a8                Print::flush()
 .text._ZN10wavTriggerD2Ev
                0x000042aa        0x2 MegaDrumMachine.cpp.o
                0x000042aa                wavTrigger::~wavTrigger()
                0x000042aa                wavTrigger::~wavTrigger()
 .text.setup    0x000042ac       0x80 MegaDrumMachine.cpp.o
                0x000042ac                setup
 .text.loop     0x0000432c       0x3c MegaDrumMachine.cpp.o
                0x0000432c                loop
 .text.startup._GLOBAL__sub_I_FunctionPins
                0x00004368      0x300 MegaDrumMachine.cpp.o
 .text._ZN9BeatClockC2Ev
                0x00004668       0x40 BeatClock.cpp.o
                0x00004668                BeatClock::BeatClock()
                0x00004668                BeatClock::BeatClock()
 .text._ZN12ButtonReader5beginEb
                0x000046a8       0x2c ButtonReader.cpp.o
                0x000046a8                ButtonReader::begin(bool)
 .text._ZN9LCDWidget10isReadOnlyEv
                0x000046d4        0x4 ByteWidget.cpp.o
                0x000046d4                LCDWidget::isReadOnly()
 .text._ZN9LCDWidget11setReadOnlyEb
                0x000046d8        0x4 ByteWidget.cpp.o
                0x000046d8                LCDWidget::setReadOnly(bool)
 .text._ZN9LCDWidget11setOnSubmitEPFvvE
                0x000046dc        0x8 ByteWidget.cpp.o
                0x000046dc                LCDWidget::setOnSubmit(void (*)())
 .text._ZN10ByteWidget11SubmitValueEv
                0x000046e4        0xa ByteWidget.cpp.o
                0x000046e4                ByteWidget::SubmitValue()
 .text._ZN10ByteWidget11setSelectedEb
                0x000046ee        0x4 ByteWidget.cpp.o
                0x000046ee                ByteWidget::setSelected(bool)
 .text._ZN10ByteWidget7setEditEb
                0x000046f2        0x4 ByteWidget.cpp.o
                0x000046f2                ByteWidget::setEdit(bool)
 *fill*         0x000046f6        0x2 
 .text._ZN10ByteWidget8drawSelfEP17LiquidCrystal_I2C
                0x000046f8       0xac ByteWidget.cpp.o
                0x000046f8                ByteWidget::drawSelf(LiquidCrystal_I2C*)
 .text._ZThn8_N10ByteWidget8drawSelfEP17LiquidCrystal_I2C
                0x000047a4        0x8 ByteWidget.cpp.o
                0x000047a4                non-virtual thunk to ByteWidget::drawSelf(LiquidCrystal_I2C*)
 .text._ZN10ByteWidget10updateSelfEP17LiquidCrystal_I2C
                0x000047ac       0x80 ByteWidget.cpp.o
                0x000047ac                ByteWidget::updateSelf(LiquidCrystal_I2C*)
 .text._ZThn8_N10ByteWidget10updateSelfEP17LiquidCrystal_I2C
                0x0000482c        0x8 ByteWidget.cpp.o
                0x0000482c                non-virtual thunk to ByteWidget::updateSelf(LiquidCrystal_I2C*)
 .text._ZN10ByteWidget9NextValueEv
                0x00004834       0x14 ByteWidget.cpp.o
                0x00004834                ByteWidget::NextValue()
 .text._ZN10ByteWidget13PreviousValueEv
                0x00004848       0x12 ByteWidget.cpp.o
                0x00004848                ByteWidget::PreviousValue()
 *fill*         0x0000485a        0x2 
 .text._ZN10ByteWidgetC2EP6StringhhPh
                0x0000485c       0x34 ByteWidget.cpp.o
                0x0000485c                ByteWidget::ByteWidget(String*, unsigned char, unsigned char, unsigned char*)
                0x0000485c                ByteWidget::ByteWidget(String*, unsigned char, unsigned char, unsigned char*)
 .text._ZN7DrumKit9getSampleEh
                0x00004890        0x8 DrumKit.cpp.o
                0x00004890                DrumKit::getSample(unsigned char)
 .text._ZN7DrumKit9setSampleEht
                0x00004898        0x8 DrumKit.cpp.o
                0x00004898                DrumKit::setSample(unsigned char, unsigned short)
 .text._ZN7DrumKit7getGainEh
                0x000048a0        0x6 DrumKit.cpp.o
                0x000048a0                DrumKit::getGain(unsigned char)
 .text._ZN7DrumKit11setKickGainEht
                0x000048a6        0x6 DrumKit.cpp.o
                0x000048a6                DrumKit::setKickGain(unsigned char, unsigned short)
 .text._ZN7DrumKit10getSampPtrEv
                0x000048ac        0x4 DrumKit.cpp.o
                0x000048ac                DrumKit::getSampPtr()
 .text._ZN7DrumKit10getGainPtrEv
                0x000048b0        0x4 DrumKit.cpp.o
                0x000048b0                DrumKit::getGainPtr()
 .text._ZN7DrumKitC2Ev
                0x000048b4       0x14 DrumKit.cpp.o
                0x000048b4                DrumKit::DrumKit()
                0x000048b4                DrumKit::DrumKit()
 .text._ZN13IconIndicator8drawSelfEP17LiquidCrystal_I2C
                0x000048c8       0x26 IconIndicator.cpp.o
                0x000048c8                IconIndicator::updateSelf(LiquidCrystal_I2C*)
                0x000048c8                IconIndicator::drawSelf(LiquidCrystal_I2C*)
 *fill*         0x000048ee        0x2 
 .text._ZN13IconIndicatorC2EiicPb
                0x000048f0       0x18 IconIndicator.cpp.o
                0x000048f0                IconIndicator::IconIndicator(int, int, char, bool*)
                0x000048f0                IconIndicator::IconIndicator(int, int, char, bool*)
 .text._ZN7LCDViewC2Ehh6StringiPP9LCDWidgetP17LiquidCrystal_I2C
                0x00004908       0x50 LCDView.cpp.o
                0x00004908                LCDView::LCDView(unsigned char, unsigned char, String, int, LCDWidget**, LiquidCrystal_I2C*)
                0x00004908                LCDView::LCDView(unsigned char, unsigned char, String, int, LCDWidget**, LiquidCrystal_I2C*)
 .text._ZN7LCDViewC2Ehh6StringiPP9LCDWidgetiPP14IVisibleWidgetP17LiquidCrystal_I2C
                0x00004958       0x64 LCDView.cpp.o
                0x00004958                LCDView::LCDView(unsigned char, unsigned char, String, int, LCDWidget**, int, IVisibleWidget**, LiquidCrystal_I2C*)
                0x00004958                LCDView::LCDView(unsigned char, unsigned char, String, int, LCDWidget**, int, IVisibleWidget**, LiquidCrystal_I2C*)
 .text._ZN24PatternPositionIndicator8drawSelfEP17LiquidCrystal_I2C
                0x000049bc       0x7c PatternPositionIndicator.cpp.o
                0x000049bc                PatternPositionIndicator::drawSelf(LiquidCrystal_I2C*)
 .text._ZN24PatternPositionIndicator10updateSelfEP17LiquidCrystal_I2C
                0x00004a38       0x58 PatternPositionIndicator.cpp.o
                0x00004a38                PatternPositionIndicator::updateSelf(LiquidCrystal_I2C*)
 .text._ZN24PatternPositionIndicatorC2EiiPj
                0x00004a90       0x14 PatternPositionIndicator.cpp.o
                0x00004a90                PatternPositionIndicator::PatternPositionIndicator(int, int, unsigned int*)
                0x00004a90                PatternPositionIndicator::PatternPositionIndicator(int, int, unsigned int*)
 .text._ZN10UIntWidget11SubmitValueEv
                0x00004aa4       0x10 UIntWidget.cpp.o
                0x00004aa4                UIntWidget::SubmitValue()
 .text._ZN10UIntWidget11setSelectedEb
                0x00004ab4        0x4 UIntWidget.cpp.o
                0x00004ab4                UIntWidget::setSelected(bool)
 .text._ZN10UIntWidget7setEditEb
                0x00004ab8        0x4 UIntWidget.cpp.o
                0x00004ab8                UIntWidget::setEdit(bool)
 .text._ZN10UIntWidget10updateSelfEP17LiquidCrystal_I2C
                0x00004abc       0x78 UIntWidget.cpp.o
                0x00004abc                UIntWidget::updateSelf(LiquidCrystal_I2C*)
 .text._ZThn8_N10UIntWidget10updateSelfEP17LiquidCrystal_I2C
                0x00004b34        0x8 UIntWidget.cpp.o
                0x00004b34                non-virtual thunk to UIntWidget::updateSelf(LiquidCrystal_I2C*)
 .text._ZN10UIntWidget8drawSelfEP17LiquidCrystal_I2C
                0x00004b3c       0xa8 UIntWidget.cpp.o
                0x00004b3c                UIntWidget::drawSelf(LiquidCrystal_I2C*)
 .text._ZThn8_N10UIntWidget8drawSelfEP17LiquidCrystal_I2C
                0x00004be4        0x8 UIntWidget.cpp.o
                0x00004be4                non-virtual thunk to UIntWidget::drawSelf(LiquidCrystal_I2C*)
 .text._ZN10UIntWidget9NextValueEv
                0x00004bec       0x12 UIntWidget.cpp.o
                0x00004bec                UIntWidget::NextValue()
 .text._ZN10UIntWidget13PreviousValueEv
                0x00004bfe       0x14 UIntWidget.cpp.o
                0x00004bfe                UIntWidget::PreviousValue()
 *fill*         0x00004c12        0x2 
 .text._ZN10UIntWidgetC2EP6StringhhPjb
                0x00004c14       0x3c UIntWidget.cpp.o
                0x00004c14                UIntWidget::UIntWidget(String*, unsigned char, unsigned char, unsigned int*, bool)
                0x00004c14                UIntWidget::UIntWidget(String*, unsigned char, unsigned char, unsigned int*, bool)
 .text._ZN17LiquidCrystal_I2CC2Ehhh
                0x00004c50       0x18 LiquidCrystal_I2C\LiquidCrystal_I2C.cpp.o
                0x00004c50                LiquidCrystal_I2C::LiquidCrystal_I2C(unsigned char, unsigned char, unsigned char)
                0x00004c50                LiquidCrystal_I2C::LiquidCrystal_I2C(unsigned char, unsigned char, unsigned char)
 .text._ZN17LiquidCrystal_I2C13expanderWriteEh
                0x00004c68       0x28 LiquidCrystal_I2C\LiquidCrystal_I2C.cpp.o
                0x00004c68                LiquidCrystal_I2C::expanderWrite(unsigned char)
 .text._ZN17LiquidCrystal_I2C9backlightEv
                0x00004c90        0xa LiquidCrystal_I2C\LiquidCrystal_I2C.cpp.o
                0x00004c90                LiquidCrystal_I2C::backlight()
 .text._ZN17LiquidCrystal_I2C11pulseEnableEh
                0x00004c9a       0x28 LiquidCrystal_I2C\LiquidCrystal_I2C.cpp.o
                0x00004c9a                LiquidCrystal_I2C::pulseEnable(unsigned char)
 .text._ZN17LiquidCrystal_I2C10write4bitsEh
                0x00004cc2       0x16 LiquidCrystal_I2C\LiquidCrystal_I2C.cpp.o
                0x00004cc2                LiquidCrystal_I2C::write4bits(unsigned char)
 .text._ZN17LiquidCrystal_I2C4sendEhh
                0x00004cd8       0x22 LiquidCrystal_I2C\LiquidCrystal_I2C.cpp.o
                0x00004cd8                LiquidCrystal_I2C::send(unsigned char, unsigned char)
 .text._ZN17LiquidCrystal_I2C5writeEh
                0x00004cfa        0xc LiquidCrystal_I2C\LiquidCrystal_I2C.cpp.o
                0x00004cfa                LiquidCrystal_I2C::write(unsigned char)
 .text._ZN17LiquidCrystal_I2C7commandEh
                0x00004d06        0x6 LiquidCrystal_I2C\LiquidCrystal_I2C.cpp.o
                0x00004d06                LiquidCrystal_I2C::command(unsigned char)
 .text._ZN17LiquidCrystal_I2C5clearEv
                0x00004d0c       0x14 LiquidCrystal_I2C\LiquidCrystal_I2C.cpp.o
                0x00004d0c                LiquidCrystal_I2C::clear()
 .text._ZN17LiquidCrystal_I2C4homeEv
                0x00004d20       0x14 LiquidCrystal_I2C\LiquidCrystal_I2C.cpp.o
                0x00004d20                LiquidCrystal_I2C::home()
 .text._ZN17LiquidCrystal_I2C9setCursorEhh
                0x00004d34       0x40 LiquidCrystal_I2C\LiquidCrystal_I2C.cpp.o
                0x00004d34                LiquidCrystal_I2C::setCursor(unsigned char, unsigned char)
 .text._ZN17LiquidCrystal_I2C7displayEv
                0x00004d74       0x14 LiquidCrystal_I2C\LiquidCrystal_I2C.cpp.o
                0x00004d74                LiquidCrystal_I2C::display()
 .text._ZN17LiquidCrystal_I2C8noCursorEv
                0x00004d88       0x14 LiquidCrystal_I2C\LiquidCrystal_I2C.cpp.o
                0x00004d88                LiquidCrystal_I2C::noCursor()
 .text._ZN17LiquidCrystal_I2C7noBlinkEv
                0x00004d9c       0x14 LiquidCrystal_I2C\LiquidCrystal_I2C.cpp.o
                0x00004d9c                LiquidCrystal_I2C::noBlink()
 .text._ZN17LiquidCrystal_I2C12noAutoscrollEv
                0x00004db0       0x14 LiquidCrystal_I2C\LiquidCrystal_I2C.cpp.o
                0x00004db0                LiquidCrystal_I2C::noAutoscroll()
 .text._ZN17LiquidCrystal_I2C5beginEhhh
                0x00004dc4       0xa2 LiquidCrystal_I2C\LiquidCrystal_I2C.cpp.o
                0x00004dc4                LiquidCrystal_I2C::begin(unsigned char, unsigned char, unsigned char)
 *fill*         0x00004e66        0x2 
 .text._ZN17LiquidCrystal_I2C9init_privEv
                0x00004e68       0x20 LiquidCrystal_I2C\LiquidCrystal_I2C.cpp.o
                0x00004e68                LiquidCrystal_I2C::init_priv()
 .text._ZN17LiquidCrystal_I2C4initEv
                0x00004e88        0x4 LiquidCrystal_I2C\LiquidCrystal_I2C.cpp.o
                0x00004e88                LiquidCrystal_I2C::init()
 .text._ZN7TwoWire5writeEPKhj
                0x00004e8c       0x34 Wire\Wire.cpp.o
                0x00004e8c                TwoWire::write(unsigned char const*, unsigned int)
 .text._ZN7TwoWire5flushEv
                0x00004ec0        0x2 Wire\Wire.cpp.o
                0x00004ec0                TwoWire::flush()
 .text._ZN7TwoWire4peekEv
                0x00004ec2       0x1a Wire\Wire.cpp.o
                0x00004ec2                TwoWire::peek()
 .text._ZN7TwoWire9availableEv
                0x00004edc       0x12 Wire\Wire.cpp.o
                0x00004edc                TwoWire::available()
 *fill*         0x00004eee        0x2 
 .text._ZN7TwoWireC2EP6SERCOMhh
                0x00004ef0       0x5c Wire\Wire.cpp.o
                0x00004ef0                TwoWire::TwoWire(SERCOM*, unsigned char, unsigned char)
                0x00004ef0                TwoWire::TwoWire(SERCOM*, unsigned char, unsigned char)
 .text._ZN7TwoWire5beginEv
                0x00004f4c       0x40 Wire\Wire.cpp.o
                0x00004f4c                TwoWire::begin()
 .text._ZN7TwoWire17beginTransmissionEh
                0x00004f8c       0x14 Wire\Wire.cpp.o
                0x00004f8c                TwoWire::beginTransmission(unsigned char)
 .text._ZN11RingBufferNILi256EE10store_charEh
                0x00004fa0       0x1c Wire\Wire.cpp.o
                0x00004fa0                RingBufferN<256>::store_char(unsigned char)
 .text._ZN7TwoWire5writeEh
                0x00004fbc       0x26 Wire\Wire.cpp.o
                0x00004fbc                TwoWire::write(unsigned char)
 .text._ZN11RingBufferNILi256EE9read_charEv
                0x00004fe2       0x28 Wire\Wire.cpp.o
                0x00004fe2                RingBufferN<256>::read_char()
 .text._ZN7TwoWire15endTransmissionEb
                0x0000500a       0x6a Wire\Wire.cpp.o
                0x0000500a                TwoWire::endTransmission(bool)
 .text._ZN7TwoWire15endTransmissionEv
                0x00005074        0x6 Wire\Wire.cpp.o
                0x00005074                TwoWire::endTransmission()
 .text._ZN7TwoWire4readEv
                0x0000507a        0xa Wire\Wire.cpp.o
                0x0000507a                TwoWire::read()
 .text._ZN7TwoWire9onServiceEv
                0x00005084      0x10e Wire\Wire.cpp.o
                0x00005084                TwoWire::onService()
 *fill*         0x00005192        0x2 
 .text.SERCOM3_0_Handler
                0x00005194        0xc Wire\Wire.cpp.o
                0x00005194                SERCOM3_0_Handler
 .text.SERCOM3_1_Handler
                0x000051a0        0x4 Wire\Wire.cpp.o
                0x000051a0                SERCOM3_1_Handler
 .text.SERCOM3_2_Handler
                0x000051a4        0x4 Wire\Wire.cpp.o
                0x000051a4                SERCOM3_2_Handler
 .text.SERCOM3_3_Handler
                0x000051a8        0x4 Wire\Wire.cpp.o
                0x000051a8                SERCOM3_3_Handler
 .text.SERCOM6_0_Handler
                0x000051ac        0xc Wire\Wire.cpp.o
                0x000051ac                SERCOM6_0_Handler
 .text.SERCOM6_1_Handler
                0x000051b8        0x4 Wire\Wire.cpp.o
                0x000051b8                SERCOM6_1_Handler
 .text.SERCOM6_2_Handler
                0x000051bc        0x4 Wire\Wire.cpp.o
                0x000051bc                SERCOM6_2_Handler
 .text.SERCOM6_3_Handler
                0x000051c0        0x4 Wire\Wire.cpp.o
                0x000051c0                SERCOM6_3_Handler
 .text.startup._GLOBAL__sub_I__ZN7TwoWireC2EP6SERCOMhh
                0x000051c4       0x30 Wire\Wire.cpp.o
 .text._ZN8SPIClassC2EP6SERCOMhhh14SercomSpiTXPad11SercomRXPad
                0x000051f4       0x5c SPI\SPI.cpp.o
                0x000051f4                SPIClass::SPIClass(SERCOM*, unsigned char, unsigned char, unsigned char, SercomSpiTXPad, SercomRXPad)
                0x000051f4                SPIClass::SPIClass(SERCOM*, unsigned char, unsigned char, unsigned char, SercomSpiTXPad, SercomRXPad)
 .text._ZN8SPIClass6configE11SPISettings
                0x00005250       0x3a SPI\SPI.cpp.o
                0x00005250                SPIClass::config(SPISettings)
 *fill*         0x0000528a        0x2 
 .text._ZN8SPIClass16beginTransactionE11SPISettings
                0x0000528c       0x3c SPI\SPI.cpp.o
                0x0000528c                SPIClass::beginTransaction(SPISettings)
 .text._ZN8SPIClass14endTransactionEv
                0x000052c8       0x20 SPI\SPI.cpp.o
                0x000052c8                SPIClass::endTransaction()
 .text._ZN8SPIClass8transferEh
                0x000052e8        0x6 SPI\SPI.cpp.o
                0x000052e8                SPIClass::transfer(unsigned char)
 *fill*         0x000052ee        0x2 
 .text.startup._GLOBAL__sub_I__ZN8SPIClassC2EP6SERCOMhhh14SercomSpiTXPad11SercomRXPad
                0x000052f0       0x58 SPI\SPI.cpp.o
 .text._ZL22cpu_irq_enter_criticalv
                0x00005348       0x2c Adafruit_ZeroDMA\Adafruit_ZeroDMA.cpp.o
 .text._ZL22cpu_irq_leave_criticalv
                0x00005374       0x28 Adafruit_ZeroDMA\Adafruit_ZeroDMA.cpp.o
 .text._ZN16Adafruit_ZeroDMAC2Ev
                0x0000539c       0x1a Adafruit_ZeroDMA\Adafruit_ZeroDMA.cpp.o
                0x0000539c                Adafruit_ZeroDMA::Adafruit_ZeroDMA()
                0x0000539c                Adafruit_ZeroDMA::Adafruit_ZeroDMA()
 *fill*         0x000053b6        0x2 
 .text._ZN16Adafruit_ZeroDMA11_IRQhandlerEh
                0x000053b8       0x68 Adafruit_ZeroDMA\Adafruit_ZeroDMA.cpp.o
                0x000053b8                Adafruit_ZeroDMA::_IRQhandler(unsigned char)
 .text.DMAC_0_Handler
                0x00005420       0x2c Adafruit_ZeroDMA\Adafruit_ZeroDMA.cpp.o
                0x00005420                DMAC_4_Handler
                0x00005420                DMAC_2_Handler
                0x00005420                DMAC_1_Handler
                0x00005420                DMAC_3_Handler
                0x00005420                DMAC_0_Handler
 .text._ZN6Bounce10setPinModeEii
                0x0000544c        0x8 Bounce2\Bounce2.cpp.o
                0x0000544c                Bounce::setPinMode(int, int)
 .text._ZN6Bounce16readCurrentStateEv
                0x00005454       0x10 Bounce2\Bounce2.cpp.o
                0x00005454                Bounce::readCurrentState()
 .text._ZN6BounceC2Ev
                0x00005464       0x14 Bounce2\Bounce2.cpp.o
                0x00005464                Bounce::Bounce()
                0x00005464                Bounce::Bounce()
 .text._ZN6Bounce6attachEi
                0x00005478       0x22 Bounce2\Bounce2.cpp.o
                0x00005478                Bounce::attach(int)
 .text._ZN6Bounce6attachEii
                0x0000549a       0x18 Bounce2\Bounce2.cpp.o
                0x0000549a                Bounce::attach(int, int)
 .text._ZN6Bounce8intervalEt
                0x000054b2        0x4 Bounce2\Bounce2.cpp.o
                0x000054b2                Bounce::interval(unsigned short)
 .text._ZN6Bounce6updateEv
                0x000054b6       0x70 Bounce2\Bounce2.cpp.o
                0x000054b6                Bounce::update()
 .text._ZN6Bounce4readEv
                0x00005526        0x8 Bounce2\Bounce2.cpp.o
                0x00005526                Bounce::read()
 *fill*         0x0000552e        0x2 
 .text.startup._GLOBAL__sub_I__ZN5SDLib20getNextPathComponentEPKcPjPc
                0x00005530       0x28 SD\SD.cpp.o
 .text._ZL7spiSendh
                0x00005558        0xc SD\utility\Sd2Card.cpp.o
 .text._ZL6spiRecv
                0x00005564        0xc SD\utility\Sd2Card.cpp.o
 .text._ZN7Sd2Card14chipSelectHighEv
                0x00005570       0x28 SD\utility\Sd2Card.cpp.o
                0x00005570                Sd2Card::chipSelectHigh()
 .text._ZN7Sd2Card13chipSelectLowEv
                0x00005598       0x34 SD\utility\Sd2Card.cpp.o
                0x00005598                Sd2Card::chipSelectLow()
 .text._ZN7Sd2Card7readEndEv
                0x000055cc       0x28 SD\utility\Sd2Card.cpp.o
                0x000055cc                Sd2Card::readEnd()
 .text._ZN7Sd2Card11waitNotBusyEj
                0x000055f4       0x24 SD\utility\Sd2Card.cpp.o
                0x000055f4                Sd2Card::waitNotBusy(unsigned int)
 .text._ZN7Sd2Card11cardCommandEhm
                0x00005618       0x60 SD\utility\Sd2Card.cpp.o
                0x00005618                Sd2Card::cardCommand(unsigned char, unsigned long)
 .text._ZN7Sd2Card14waitStartBlockEv
                0x00005678       0x3a SD\utility\Sd2Card.cpp.o
                0x00005678                Sd2Card::waitStartBlock()
 .text._ZN7Sd2Card8readDataEmttPh.part.6
                0x000056b2       0x98 SD\utility\Sd2Card.cpp.o
 .text._ZN7Sd2Card9readBlockEmPh
                0x0000574a       0x14 SD\utility\Sd2Card.cpp.o
                0x0000574a                Sd2Card::readBlock(unsigned long, unsigned char*)
 .text._ZN7Sd2Card9writeDataEhPKh
                0x0000575e       0x4a SD\utility\Sd2Card.cpp.o
                0x0000575e                Sd2Card::writeData(unsigned char, unsigned char const*)
 .text._ZN7Sd2Card10writeBlockEmPKhh
                0x000057a8       0x72 SD\utility\Sd2Card.cpp.o
                0x000057a8                Sd2Card::writeBlock(unsigned long, unsigned char const*, unsigned char)
 .text._ZN7Sd2Card6isBusyEv
                0x0000581a       0x1e SD\utility\Sd2Card.cpp.o
                0x0000581a                Sd2Card::isBusy()
 .text.startup._GLOBAL__sub_I__ZN7Sd2Card11cardCommandEhm
                0x00005838       0x18 SD\utility\Sd2Card.cpp.o
 .text._ZN6SdFile10addClusterEv
                0x00005850       0x2e SD\utility\SdFile.cpp.o
                0x00005850                SdFile::addCluster()
 *fill*         0x0000587e        0x2 
 .text._ZN6SdFile13cacheDirEntryEh
                0x00005880       0x1c SD\utility\SdFile.cpp.o
                0x00005880                SdFile::cacheDirEntry(unsigned char)
 .text._ZN6SdFile7seekSetEm
                0x0000589c       0x5e SD\utility\SdFile.cpp.o
                0x0000589c                SdFile::seekSet(unsigned long)
 *fill*         0x000058fa        0x2 
 .text._ZN6SdFile4syncEh
                0x000058fc       0x64 SD\utility\SdFile.cpp.o
                0x000058fc                SdFile::sync(unsigned char)
 .text._ZN6SdFile17availableForWriteEv
                0x00005960       0x78 SD\utility\SdFile.cpp.o
                0x00005960                SdFile::availableForWrite()
 .text._ZN6SdFile5writeEPKvt
                0x000059d8      0x19c SD\utility\SdFile.cpp.o
                0x000059d8                SdFile::write(void const*, unsigned short)
 .text._ZN6SdFile5writeEh
                0x00005b74       0x16 SD\utility\SdFile.cpp.o
                0x00005b74                SdFile::write(unsigned char)
 *fill*         0x00005b8a        0x2 
 .text._ZN8SdVolume21cacheMirrorBlockFlushEh
                0x00005b8c       0x2c SD\utility\SdVolume.cpp.o
                0x00005b8c                SdVolume::cacheMirrorBlockFlush(unsigned char)
 .text._ZN8SdVolume10cacheFlushEh
                0x00005bb8       0x48 SD\utility\SdVolume.cpp.o
                0x00005bb8                SdVolume::cacheFlush(unsigned char)
 .text._ZN8SdVolume13cacheRawBlockEmh
                0x00005c00       0x48 SD\utility\SdVolume.cpp.o
                0x00005c00                SdVolume::cacheRawBlock(unsigned long, unsigned char)
 .text._ZNK8SdVolume6fatGetEmPm
                0x00005c48       0x64 SD\utility\SdVolume.cpp.o
                0x00005c48                SdVolume::fatGet(unsigned long, unsigned long*) const
 .text._ZN8SdVolume6fatPutEmm
                0x00005cac       0x88 SD\utility\SdVolume.cpp.o
                0x00005cac                SdVolume::fatPut(unsigned long, unsigned long)
 .text._ZN8SdVolume15allocContiguousEmPm
                0x00005d34       0xac SD\utility\SdVolume.cpp.o
                0x00005d34                SdVolume::allocContiguous(unsigned long, unsigned long*)
 .text.SERCOM0_0_Handler
                0x00005de0        0xc C:\Users\djneo\AppData\Local\Temp\VMBCore\arduino16x\9c68673ebfce96ce038e39692a3550a3\variant\variant.cpp.o
                0x00005de0                SERCOM0_0_Handler
 .text.SERCOM0_1_Handler
                0x00005dec        0x4 C:\Users\djneo\AppData\Local\Temp\VMBCore\arduino16x\9c68673ebfce96ce038e39692a3550a3\variant\variant.cpp.o
                0x00005dec                SERCOM0_1_Handler
 .text.SERCOM0_2_Handler
                0x00005df0        0x4 C:\Users\djneo\AppData\Local\Temp\VMBCore\arduino16x\9c68673ebfce96ce038e39692a3550a3\variant\variant.cpp.o
                0x00005df0                SERCOM0_2_Handler
 .text.SERCOM0_3_Handler
                0x00005df4        0x4 C:\Users\djneo\AppData\Local\Temp\VMBCore\arduino16x\9c68673ebfce96ce038e39692a3550a3\variant\variant.cpp.o
                0x00005df4                SERCOM0_3_Handler
 .text.startup._GLOBAL__sub_I_g_APinDescription
                0x00005df8       0x9c C:\Users\djneo\AppData\Local\Temp\VMBCore\arduino16x\9c68673ebfce96ce038e39692a3550a3\variant\variant.cpp.o
 .text.Dummy_Handler
                0x00005e94        0x2 C:\Users\djneo\AppData\Local\Temp\VMBuilds\MegaDrumMachine\adafruit_adafruit_grandcentral_m4\Firmware/core.a(cortex_handlers.c.o)
                0x00005e94                EIC_5_Handler
                0x00005e94                DebugMon_Handler
                0x00005e94                EIC_13_Handler
                0x00005e94                EVSYS_0_Handler
                0x00005e94                TCC1_3_Handler
                0x00005e94                DAC_3_Handler
                0x00005e94                TRNG_Handler
                0x00005e94                HardFault_Handler
                0x00005e94                PDEC_2_Handler
                0x00005e94                EIC_4_Handler
                0x00005e94                AC_Handler
                0x00005e94                TCC2_3_Handler
                0x00005e94                PendSV_Handler
                0x00005e94                NMI_Handler
                0x00005e94                TC7_Handler
                0x00005e94                ADC1_1_Handler
                0x00005e94                EVSYS_3_Handler
                0x00005e94                PDEC_0_Handler
                0x00005e94                QSPI_Handler
                0x00005e94                TCC0_0_Handler
                0x00005e94                EIC_3_Handler
                0x00005e94                TAL_0_Handler
                0x00005e94                DAC_2_Handler
                0x00005e94                RTC_Handler
                0x00005e94                UsageFault_Handler
                0x00005e94                SERCOM4_0_Handler
                0x00005e94                EIC_10_Handler
                0x00005e94                EIC_11_Handler
                0x00005e94                EIC_9_Handler
                0x00005e94                OSC32KCTRL_Handler
                0x00005e94                TCC2_1_Handler
                0x00005e94                SUPC_1_Handler
                0x00005e94                TCC0_5_Handler
                0x00005e94                TCC0_6_Handler
                0x00005e94                EVSYS_1_Handler
                0x00005e94                TCC1_4_Handler
                0x00005e94                TC6_Handler
                0x00005e94                WDT_Handler
                0x00005e94                EIC_8_Handler
                0x00005e94                EIC_15_Handler
                0x00005e94                SERCOM5_0_Handler
                0x00005e94                TC4_Handler
                0x00005e94                TC1_Handler
                0x00005e94                OSCCTRL_4_Handler
                0x00005e94                SERCOM4_3_Handler
                0x00005e94                EIC_12_Handler
                0x00005e94                TCC4_2_Handler
                0x00005e94                PAC_Handler
                0x00005e94                TCC1_0_Handler
                0x00005e94                OSCCTRL_0_Handler
                0x00005e94                EIC_0_Handler
                0x00005e94                OSCCTRL_3_Handler
                0x00005e94                SERCOM4_1_Handler
                0x00005e94                TC3_Handler
                0x00005e94                Dummy_Handler
                0x00005e94                TCC3_0_Handler
                0x00005e94                TCC2_2_Handler
                0x00005e94                SERCOM5_1_Handler
                0x00005e94                TCC1_1_Handler
                0x00005e94                ADC0_0_Handler
                0x00005e94                OSCCTRL_2_Handler
                0x00005e94                ADC1_0_Handler
                0x00005e94                TCC1_2_Handler
                0x00005e94                SERCOM7_1_Handler
                0x00005e94                PM_Handler
                0x00005e94                SERCOM2_3_Handler
                0x00005e94                DAC_4_Handler
                0x00005e94                TCC3_2_Handler
                0x00005e94                SERCOM7_0_Handler
                0x00005e94                TCC0_2_Handler
                0x00005e94                TCC4_0_Handler
                0x00005e94                SERCOM7_3_Handler
                0x00005e94                SDHC1_Handler
                0x00005e94                SERCOM7_2_Handler
                0x00005e94                TCC2_0_Handler
                0x00005e94                PDEC_1_Handler
                0x00005e94                MemManage_Handler
                0x00005e94                TCC4_1_Handler
                0x00005e94                SERCOM5_3_Handler
                0x00005e94                SVC_Handler
                0x00005e94                SDHC0_Handler
                0x00005e94                SERCOM1_1_Handler
                0x00005e94                I2S_Handler
                0x00005e94                EIC_2_Handler
                0x00005e94                PCC_Handler
                0x00005e94                DAC_0_Handler
                0x00005e94                TCC0_1_Handler
                0x00005e94                SERCOM1_3_Handler
                0x00005e94                EIC_6_Handler
                0x00005e94                OSCCTRL_1_Handler
                0x00005e94                SERCOM1_0_Handler
                0x00005e94                PUKCC_Handler
                0x00005e94                SERCOM2_1_Handler
                0x00005e94                SERCOM1_2_Handler
                0x00005e94                EIC_1_Handler
                0x00005e94                SERCOM4_2_Handler
                0x00005e94                EVSYS_4_Handler
                0x00005e94                EIC_7_Handler
                0x00005e94                NVMCTRL_1_Handler
                0x00005e94                SERCOM5_2_Handler
                0x00005e94                ADC0_1_Handler
                0x00005e94                SERCOM2_2_Handler
                0x00005e94                TCC3_1_Handler
                0x00005e94                EIC_14_Handler
                0x00005e94                DAC_1_Handler
                0x00005e94                NVMCTRL_0_Handler
                0x00005e94                TAL_1_Handler
                0x00005e94                MCLK_Handler
                0x00005e94                EVSYS_2_Handler
                0x00005e94                SUPC_0_Handler
                0x00005e94                BusFault_Handler
                0x00005e94                FREQM_Handler
                0x00005e94                TC0_Handler
                0x00005e94                TCC0_3_Handler
                0x00005e94                TCC0_4_Handler
                0x00005e94                RAMECC_Handler
                0x00005e94                TC5_Handler
                0x00005e94                SERCOM2_0_Handler
                0x00005e94                AES_Handler
                0x00005e94                ICM_Handler
 *fill*         0x00005e96        0x2 
 .text.USB_0_Handler
                0x00005e98       0x10 C:\Users\djneo\AppData\Local\Temp\VMBuilds\MegaDrumMachine\adafruit_adafruit_grandcentral_m4\Firmware/core.a(cortex_handlers.c.o)
                0x00005e98                USB_0_Handler
 .text.Reset_Handler
                0x00005ea8       0x70 C:\Users\djneo\AppData\Local\Temp\VMBuilds\MegaDrumMachine\adafruit_adafruit_grandcentral_m4\Firmware/core.a(cortex_handlers.c.o)
                0x00005ea8                Reset_Handler
 .text.SysTick_Handler
                0x00005f18       0x12 C:\Users\djneo\AppData\Local\Temp\VMBuilds\MegaDrumMachine\adafruit_adafruit_grandcentral_m4\Firmware/core.a(cortex_handlers.c.o)
                0x00005f18                SysTick_Handler
 .text.USB_1_Handler
                0x00005f2a        0x4 C:\Users\djneo\AppData\Local\Temp\VMBuilds\MegaDrumMachine\adafruit_adafruit_grandcentral_m4\Firmware/core.a(cortex_handlers.c.o)
                0x00005f2a                USB_1_Handler
 .text.USB_2_Handler
                0x00005f2e        0x4 C:\Users\djneo\AppData\Local\Temp\VMBuilds\MegaDrumMachine\adafruit_adafruit_grandcentral_m4\Firmware/core.a(cortex_handlers.c.o)
                0x00005f2e                USB_2_Handler
 .text.USB_3_Handler
                0x00005f32        0x4 C:\Users\djneo\AppData\Local\Temp\VMBuilds\MegaDrumMachine\adafruit_adafruit_grandcentral_m4\Firmware/core.a(cortex_handlers.c.o)
                0x00005f32                USB_3_Handler
 *fill*         0x00005f36        0x2 
 .text.USB_SetHandler
                0x00005f38        0xc C:\Users\djneo\AppData\Local\Temp\VMBuilds\MegaDrumMachine\adafruit_adafruit_grandcentral_m4\Firmware/core.a(cortex_handlers.c.o)
                0x00005f38                USB_SetHandler
 .text.millis   0x00005f44        0xc C:\Users\djneo\AppData\Local\Temp\VMBuilds\MegaDrumMachine\adafruit_adafruit_grandcentral_m4\Firmware/core.a(delay.c.o)
                0x00005f44                millis
 .text.micros   0x00005f50       0x58 C:\Users\djneo\AppData\Local\Temp\VMBuilds\MegaDrumMachine\adafruit_adafruit_grandcentral_m4\Firmware/core.a(delay.c.o)
                0x00005f50                micros
 .text.delayMicroseconds
                0x00005fa8       0x1c C:\Users\djneo\AppData\Local\Temp\VMBuilds\MegaDrumMachine\adafruit_adafruit_grandcentral_m4\Firmware/core.a(delay.c.o)
                0x00005fa8                delayMicroseconds
 .text.delay    0x00005fc4       0x26 C:\Users\djneo\AppData\Local\Temp\VMBuilds\MegaDrumMachine\adafruit_adafruit_grandcentral_m4\Firmware/core.a(delay.c.o)
                0x00005fc4                delay
 *fill*         0x00005fea        0x2 
 .text.SysTick_DefaultHandler
                0x00005fec       0x10 C:\Users\djneo\AppData\Local\Temp\VMBuilds\MegaDrumMachine\adafruit_adafruit_grandcentral_m4\Firmware/core.a(delay.c.o)
                0x00005fec                SysTick_DefaultHandler
 .text.__empty  0x00005ffc        0x2 C:\Users\djneo\AppData\Local\Temp\VMBuilds\MegaDrumMachine\adafruit_adafruit_grandcentral_m4\Firmware/core.a(hooks.c.o)
                0x00005ffc                yield
 .text.__false  0x00005ffe        0x4 C:\Users\djneo\AppData\Local\Temp\VMBuilds\MegaDrumMachine\adafruit_adafruit_grandcentral_m4\Firmware/core.a(hooks.c.o)
                0x00005ffe                sysTickHook
 *fill*         0x00006002        0x2 
 .text.SystemInit
                0x00006004      0x1f8 C:\Users\djneo\AppData\Local\Temp\VMBuilds\MegaDrumMachine\adafruit_adafruit_grandcentral_m4\Firmware/core.a(startup.c.o)
                0x00006004                SystemInit
 .text.pinMode  0x000061fc       0x88 C:\Users\djneo\AppData\Local\Temp\VMBuilds\MegaDrumMachine\adafruit_adafruit_grandcentral_m4\Firmware/core.a(wiring_digital.c.o)
                0x000061fc                pinMode
 .text.digitalWrite
                0x00006284       0x54 C:\Users\djneo\AppData\Local\Temp\VMBuilds\MegaDrumMachine\adafruit_adafruit_grandcentral_m4\Firmware/core.a(wiring_digital.c.o)
                0x00006284                digitalWrite
 .text.digitalRead
                0x000062d8       0x30 C:\Users\djneo\AppData\Local\Temp\VMBuilds\MegaDrumMachine\adafruit_adafruit_grandcentral_m4\Firmware/core.a(wiring_digital.c.o)
                0x000062d8                digitalRead
 .text.pinPeripheral
                0x00006308       0xac C:\Users\djneo\AppData\Local\Temp\VMBuilds\MegaDrumMachine\adafruit_adafruit_grandcentral_m4\Firmware/core.a(wiring_private.c.o)
                0x00006308                pinPeripheral
 .text._Z11initVariantv
                0x000063b4        0x2 C:\Users\djneo\AppData\Local\Temp\VMBuilds\MegaDrumMachine\adafruit_adafruit_grandcentral_m4\Firmware/core.a(main.cpp.o)
                0x000063b4                initVariant()
 *fill*         0x000063b6        0x2 
 .text.startup.main
                0x000063b8       0x40 C:\Users\djneo\AppData\Local\Temp\VMBuilds\MegaDrumMachine\adafruit_adafruit_grandcentral_m4\Firmware/core.a(main.cpp.o)
                0x000063b8                main
 .text._Znwj    0x000063f8        0x4 C:\Users\djneo\AppData\Local\Temp\VMBuilds\MegaDrumMachine\adafruit_adafruit_grandcentral_m4\Firmware/core.a(new.cpp.o)
                0x000063f8                operator new(unsigned int)
 .text._Znaj    0x000063fc        0x4 C:\Users\djneo\AppData\Local\Temp\VMBuilds\MegaDrumMachine\adafruit_adafruit_grandcentral_m4\Firmware/core.a(new.cpp.o)
                0x000063fc                operator new[](unsigned int)
 .text._ZdlPv   0x00006400        0x4 C:\Users\djneo\AppData\Local\Temp\VMBuilds\MegaDrumMachine\adafruit_adafruit_grandcentral_m4\Firmware/core.a(new.cpp.o)
                0x00006400                operator delete(void*)
 .text._ZN5Print5writeEPKhj
                0x00006404       0x2c C:\Users\djneo\AppData\Local\Temp\VMBuilds\MegaDrumMachine\adafruit_adafruit_grandcentral_m4\Firmware/core.a(Print.cpp.o)
                0x00006404                Print::write(unsigned char const*, unsigned int)
 .text._ZN5Print5writeEPKc.part.2
                0x00006430       0x1c C:\Users\djneo\AppData\Local\Temp\VMBuilds\MegaDrumMachine\adafruit_adafruit_grandcentral_m4\Firmware/core.a(Print.cpp.o)
 .text._ZN5Print5writeEPKc
                0x0000644c        0xa C:\Users\djneo\AppData\Local\Temp\VMBuilds\MegaDrumMachine\adafruit_adafruit_grandcentral_m4\Firmware/core.a(Print.cpp.o)
                0x0000644c                Print::write(char const*)
 .text._ZN5Print5printERK6String
                0x00006456        0xa C:\Users\djneo\AppData\Local\Temp\VMBuilds\MegaDrumMachine\adafruit_adafruit_grandcentral_m4\Firmware/core.a(Print.cpp.o)
                0x00006456                Print::print(String const&)
 .text._ZN5Print5printEPKc
                0x00006460        0x8 C:\Users\djneo\AppData\Local\Temp\VMBuilds\MegaDrumMachine\adafruit_adafruit_grandcentral_m4\Firmware/core.a(Print.cpp.o)
                0x00006460                Print::print(char const*)
 .text._ZN5Print5printEc
                0x00006468        0x6 C:\Users\djneo\AppData\Local\Temp\VMBuilds\MegaDrumMachine\adafruit_adafruit_grandcentral_m4\Firmware/core.a(Print.cpp.o)
                0x00006468                Print::print(char)
 .text._ZN5Print11printNumberEmh
                0x0000646e       0x3a C:\Users\djneo\AppData\Local\Temp\VMBuilds\MegaDrumMachine\adafruit_adafruit_grandcentral_m4\Firmware/core.a(Print.cpp.o)
                0x0000646e                Print::printNumber(unsigned long, unsigned char)
 .text._ZN5Print5printEli
                0x000064a8       0x44 C:\Users\djneo\AppData\Local\Temp\VMBuilds\MegaDrumMachine\adafruit_adafruit_grandcentral_m4\Firmware/core.a(Print.cpp.o)
                0x000064a8                Print::print(long, int)
 .text._ZN5Print5printEii
                0x000064ec        0x4 C:\Users\djneo\AppData\Local\Temp\VMBuilds\MegaDrumMachine\adafruit_adafruit_grandcentral_m4\Firmware/core.a(Print.cpp.o)
                0x000064ec                Print::print(int, int)
 .text._ZN5Print5printEmi
                0x000064f0       0x1a C:\Users\djneo\AppData\Local\Temp\VMBuilds\MegaDrumMachine\adafruit_adafruit_grandcentral_m4\Firmware/core.a(Print.cpp.o)
                0x000064f0                Print::print(unsigned long, int)
 .text._ZN5Print5printEhi
                0x0000650a        0x4 C:\Users\djneo\AppData\Local\Temp\VMBuilds\MegaDrumMachine\adafruit_adafruit_grandcentral_m4\Firmware/core.a(Print.cpp.o)
                0x0000650a                Print::print(unsigned char, int)
 .text._ZN5Print5printEji
                0x0000650e        0x4 C:\Users\djneo\AppData\Local\Temp\VMBuilds\MegaDrumMachine\adafruit_adafruit_grandcentral_m4\Firmware/core.a(Print.cpp.o)
                0x0000650e                Print::print(unsigned int, int)
 *fill*         0x00006512        0x2 
 .text.initiateReset
                0x00006514        0xc C:\Users\djneo\AppData\Local\Temp\VMBuilds\MegaDrumMachine\adafruit_adafruit_grandcentral_m4\Firmware/core.a(Reset.cpp.o)
                0x00006514                initiateReset
 .text.cancelReset
                0x00006520       0x10 C:\Users\djneo\AppData\Local\Temp\VMBuilds\MegaDrumMachine\adafruit_adafruit_grandcentral_m4\Firmware/core.a(Reset.cpp.o)
                0x00006520                cancelReset
 .text.tickReset
                0x00006530       0x48 C:\Users\djneo\AppData\Local\Temp\VMBuilds\MegaDrumMachine\adafruit_adafruit_grandcentral_m4\Firmware/core.a(Reset.cpp.o)
                0x00006530                tickReset
 .text._ZN6SERCOMC2EP6Sercom
                0x00006578        0x8 C:\Users\djneo\AppData\Local\Temp\VMBuilds\MegaDrumMachine\adafruit_adafruit_grandcentral_m4\Firmware/core.a(SERCOM.cpp.o)
                0x00006578                SERCOM::SERCOM(Sercom*)
                0x00006578                SERCOM::SERCOM(Sercom*)
 .text._ZN6SERCOM9initFrameE18SercomUartCharSize15SercomDataOrder16SercomParityMode19SercomNumberStopBit
                0x00006580       0x38 C:\Users\djneo\AppData\Local\Temp\VMBuilds\MegaDrumMachine\adafruit_adafruit_grandcentral_m4\Firmware/core.a(SERCOM.cpp.o)
                0x00006580                SERCOM::initFrame(SercomUartCharSize, SercomDataOrder, SercomParityMode, SercomNumberStopBit)
 .text._ZN6SERCOM8initPadsE15SercomUartTXPad11SercomRXPad
                0x000065b8       0x24 C:\Users\djneo\AppData\Local\Temp\VMBuilds\MegaDrumMachine\adafruit_adafruit_grandcentral_m4\Firmware/core.a(SERCOM.cpp.o)
                0x000065b8                SERCOM::initPads(SercomUartTXPad, SercomRXPad)
 .text._ZN6SERCOM9resetUARTEv
                0x000065dc       0x1a C:\Users\djneo\AppData\Local\Temp\VMBuilds\MegaDrumMachine\adafruit_adafruit_grandcentral_m4\Firmware/core.a(SERCOM.cpp.o)
                0x000065dc                SERCOM::resetUART()
 .text._ZN6SERCOM10enableUARTEv
                0x000065f6       0x14 C:\Users\djneo\AppData\Local\Temp\VMBuilds\MegaDrumMachine\adafruit_adafruit_grandcentral_m4\Firmware/core.a(SERCOM.cpp.o)
                0x000065f6                SERCOM::enableUART()
 .text._ZN6SERCOM9flushUARTEv
                0x0000660a       0x14 C:\Users\djneo\AppData\Local\Temp\VMBuilds\MegaDrumMachine\adafruit_adafruit_grandcentral_m4\Firmware/core.a(SERCOM.cpp.o)
                0x0000660a                SERCOM::flushUART()
 .text._ZN6SERCOM15clearStatusUARTEv
                0x0000661e        0x8 C:\Users\djneo\AppData\Local\Temp\VMBuilds\MegaDrumMachine\adafruit_adafruit_grandcentral_m4\Firmware/core.a(SERCOM.cpp.o)
                0x0000661e                SERCOM::clearStatusUART()
 .text._ZN6SERCOM17availableDataUARTEv
                0x00006626        0xa C:\Users\djneo\AppData\Local\Temp\VMBuilds\MegaDrumMachine\adafruit_adafruit_grandcentral_m4\Firmware/core.a(SERCOM.cpp.o)
                0x00006626                SERCOM::availableDataUART()
 .text._ZN6SERCOM11isUARTErrorEv
                0x00006630        0x8 C:\Users\djneo\AppData\Local\Temp\VMBuilds\MegaDrumMachine\adafruit_adafruit_grandcentral_m4\Firmware/core.a(SERCOM.cpp.o)
                0x00006630                SERCOM::isUARTError()
 .text._ZN6SERCOM20acknowledgeUARTErrorEv
                0x00006638        0xc C:\Users\djneo\AppData\Local\Temp\VMBuilds\MegaDrumMachine\adafruit_adafruit_grandcentral_m4\Firmware/core.a(SERCOM.cpp.o)
                0x00006638                SERCOM::acknowledgeUARTError()
 .text._ZN6SERCOM16isFrameErrorUARTEv
                0x00006644        0xa C:\Users\djneo\AppData\Local\Temp\VMBuilds\MegaDrumMachine\adafruit_adafruit_grandcentral_m4\Firmware/core.a(SERCOM.cpp.o)
                0x00006644                SERCOM::isFrameErrorUART()
 .text._ZN6SERCOM19clearFrameErrorUARTEv
                0x0000664e        0xc C:\Users\djneo\AppData\Local\Temp\VMBuilds\MegaDrumMachine\adafruit_adafruit_grandcentral_m4\Firmware/core.a(SERCOM.cpp.o)
                0x0000664e                SERCOM::clearFrameErrorUART()
 .text._ZN6SERCOM23isDataRegisterEmptyUARTEv
                0x0000665a        0xa C:\Users\djneo\AppData\Local\Temp\VMBuilds\MegaDrumMachine\adafruit_adafruit_grandcentral_m4\Firmware/core.a(SERCOM.cpp.o)
                0x0000665a                SERCOM::isDataRegisterEmptyUART()
 .text._ZN6SERCOM12readDataUARTEv
                0x00006664        0x8 C:\Users\djneo\AppData\Local\Temp\VMBuilds\MegaDrumMachine\adafruit_adafruit_grandcentral_m4\Firmware/core.a(SERCOM.cpp.o)
                0x00006664                SERCOM::readDataUART()
 .text._ZN6SERCOM13writeDataUARTEh
                0x0000666c        0xe C:\Users\djneo\AppData\Local\Temp\VMBuilds\MegaDrumMachine\adafruit_adafruit_grandcentral_m4\Firmware/core.a(SERCOM.cpp.o)
                0x0000666c                SERCOM::writeDataUART(unsigned char)
 .text._ZN6SERCOM36enableDataRegisterEmptyInterruptUARTEv
                0x0000667a        0x8 C:\Users\djneo\AppData\Local\Temp\VMBuilds\MegaDrumMachine\adafruit_adafruit_grandcentral_m4\Firmware/core.a(SERCOM.cpp.o)
                0x0000667a                SERCOM::enableDataRegisterEmptyInterruptUART()
 .text._ZN6SERCOM37disableDataRegisterEmptyInterruptUARTEv
                0x00006682        0x8 C:\Users\djneo\AppData\Local\Temp\VMBuilds\MegaDrumMachine\adafruit_adafruit_grandcentral_m4\Firmware/core.a(SERCOM.cpp.o)
                0x00006682                SERCOM::disableDataRegisterEmptyInterruptUART()
 .text._ZN6SERCOM8resetSPIEv
                0x0000668a       0x1a C:\Users\djneo\AppData\Local\Temp\VMBuilds\MegaDrumMachine\adafruit_adafruit_grandcentral_m4\Firmware/core.a(SERCOM.cpp.o)
                0x0000668a                SERCOM::resetSPI()
 .text._ZN6SERCOM9enableSPIEv
                0x000066a4       0x14 C:\Users\djneo\AppData\Local\Temp\VMBuilds\MegaDrumMachine\adafruit_adafruit_grandcentral_m4\Firmware/core.a(SERCOM.cpp.o)
                0x000066a4                SERCOM::enableSPI()
 .text._ZN6SERCOM10disableSPIEv
                0x000066b8       0x16 C:\Users\djneo\AppData\Local\Temp\VMBuilds\MegaDrumMachine\adafruit_adafruit_grandcentral_m4\Firmware/core.a(SERCOM.cpp.o)
                0x000066b8                SERCOM::disableSPI()
 .text._ZN6SERCOM15transferDataSPIEh
                0x000066ce       0x12 C:\Users\djneo\AppData\Local\Temp\VMBuilds\MegaDrumMachine\adafruit_adafruit_grandcentral_m4\Firmware/core.a(SERCOM.cpp.o)
                0x000066ce                SERCOM::transferDataSPI(unsigned char)
 .text._ZN6SERCOM28calculateBaudrateSynchronousEm
                0x000066e0       0x14 C:\Users\djneo\AppData\Local\Temp\VMBuilds\MegaDrumMachine\adafruit_adafruit_grandcentral_m4\Firmware/core.a(SERCOM.cpp.o)
                0x000066e0                SERCOM::calculateBaudrateSynchronous(unsigned long)
 .text._ZN6SERCOM12initSPIClockE18SercomSpiClockModem
                0x000066f4       0x24 C:\Users\djneo\AppData\Local\Temp\VMBuilds\MegaDrumMachine\adafruit_adafruit_grandcentral_m4\Firmware/core.a(SERCOM.cpp.o)
                0x000066f4                SERCOM::initSPIClock(SercomSpiClockMode, unsigned long)
 .text._ZN6SERCOM9resetWIREEv
                0x00006718       0x1a C:\Users\djneo\AppData\Local\Temp\VMBuilds\MegaDrumMachine\adafruit_adafruit_grandcentral_m4\Firmware/core.a(SERCOM.cpp.o)
                0x00006718                SERCOM::resetWIRE()
 .text._ZN6SERCOM10enableWIREEv
                0x00006732       0x26 C:\Users\djneo\AppData\Local\Temp\VMBuilds\MegaDrumMachine\adafruit_adafruit_grandcentral_m4\Firmware/core.a(SERCOM.cpp.o)
                0x00006732                SERCOM::enableWIRE()
 .text._ZN6SERCOM18prepareNackBitWIREEv
                0x00006758        0xe C:\Users\djneo\AppData\Local\Temp\VMBuilds\MegaDrumMachine\adafruit_adafruit_grandcentral_m4\Firmware/core.a(SERCOM.cpp.o)
                0x00006758                SERCOM::prepareNackBitWIRE()
 .text._ZN6SERCOM17prepareAckBitWIREEv
                0x00006766        0xe C:\Users\djneo\AppData\Local\Temp\VMBuilds\MegaDrumMachine\adafruit_adafruit_grandcentral_m4\Firmware/core.a(SERCOM.cpp.o)
                0x00006766                SERCOM::prepareAckBitWIRE()
 .text._ZN6SERCOM22prepareCommandBitsWireEh
                0x00006774       0x24 C:\Users\djneo\AppData\Local\Temp\VMBuilds\MegaDrumMachine\adafruit_adafruit_grandcentral_m4\Firmware/core.a(SERCOM.cpp.o)
                0x00006774                SERCOM::prepareCommandBitsWire(unsigned char)
 .text._ZN6SERCOM21startTransmissionWIREEh23SercomWireReadWriteFlag
                0x00006798       0x56 C:\Users\djneo\AppData\Local\Temp\VMBuilds\MegaDrumMachine\adafruit_adafruit_grandcentral_m4\Firmware/core.a(SERCOM.cpp.o)
                0x00006798                SERCOM::startTransmissionWIRE(unsigned char, SercomWireReadWriteFlag)
 .text._ZN6SERCOM18sendDataMasterWIREEh
                0x000067ee       0x22 C:\Users\djneo\AppData\Local\Temp\VMBuilds\MegaDrumMachine\adafruit_adafruit_grandcentral_m4\Firmware/core.a(SERCOM.cpp.o)
                0x000067ee                SERCOM::sendDataMasterWIRE(unsigned char)
 .text._ZN6SERCOM17sendDataSlaveWIREEh
                0x00006810       0x1a C:\Users\djneo\AppData\Local\Temp\VMBuilds\MegaDrumMachine\adafruit_adafruit_grandcentral_m4\Firmware/core.a(SERCOM.cpp.o)
                0x00006810                SERCOM::sendDataSlaveWIRE(unsigned char)
 .text._ZN6SERCOM11isSlaveWIREEv
                0x0000682a       0x10 C:\Users\djneo\AppData\Local\Temp\VMBuilds\MegaDrumMachine\adafruit_adafruit_grandcentral_m4\Firmware/core.a(SERCOM.cpp.o)
                0x0000682a                SERCOM::isSlaveWIRE()
 .text._ZN6SERCOM15isDataReadyWIREEv
                0x0000683a        0xa C:\Users\djneo\AppData\Local\Temp\VMBuilds\MegaDrumMachine\adafruit_adafruit_grandcentral_m4\Firmware/core.a(SERCOM.cpp.o)
                0x0000683a                SERCOM::isDataReadyWIRE()
 .text._ZN6SERCOM18isStopDetectedWIREEv
                0x00006844        0xa C:\Users\djneo\AppData\Local\Temp\VMBuilds\MegaDrumMachine\adafruit_adafruit_grandcentral_m4\Firmware/core.a(SERCOM.cpp.o)
                0x00006844                SERCOM::isStopDetectedWIRE()
 .text._ZN6SERCOM21isRestartDetectedWIREEv
                0x0000684e        0xa C:\Users\djneo\AppData\Local\Temp\VMBuilds\MegaDrumMachine\adafruit_adafruit_grandcentral_m4\Firmware/core.a(SERCOM.cpp.o)
                0x0000684e                SERCOM::isRestartDetectedWIRE()
 .text._ZN6SERCOM14isAddressMatchEv
                0x00006858        0xa C:\Users\djneo\AppData\Local\Temp\VMBuilds\MegaDrumMachine\adafruit_adafruit_grandcentral_m4\Firmware/core.a(SERCOM.cpp.o)
                0x00006858                SERCOM::isAddressMatch()
 .text._ZN6SERCOM25isMasterReadOperationWIREEv
                0x00006862        0xa C:\Users\djneo\AppData\Local\Temp\VMBuilds\MegaDrumMachine\adafruit_adafruit_grandcentral_m4\Firmware/core.a(SERCOM.cpp.o)
                0x00006862                SERCOM::isMasterReadOperationWIRE()
 .text._ZN6SERCOM12readDataWIREEv
                0x0000686c       0x18 C:\Users\djneo\AppData\Local\Temp\VMBuilds\MegaDrumMachine\adafruit_adafruit_grandcentral_m4\Firmware/core.a(SERCOM.cpp.o)
                0x0000686c                SERCOM::readDataWIRE()
 .text._ZN6SERCOM14getSercomIndexEv
                0x00006884       0x24 C:\Users\djneo\AppData\Local\Temp\VMBuilds\MegaDrumMachine\adafruit_adafruit_grandcentral_m4\Firmware/core.a(SERCOM.cpp.o)
                0x00006884                SERCOM::getSercomIndex()
 .text._ZN6SERCOM14setClockSourceEa17SercomClockSourceb
                0x000068a8       0xc0 C:\Users\djneo\AppData\Local\Temp\VMBuilds\MegaDrumMachine\adafruit_adafruit_grandcentral_m4\Firmware/core.a(SERCOM.cpp.o)
                0x000068a8                SERCOM::setClockSource(signed char, SercomClockSource, bool)
 .text._ZN6SERCOM13initClockNVICEv
                0x00006968       0x98 C:\Users\djneo\AppData\Local\Temp\VMBuilds\MegaDrumMachine\adafruit_adafruit_grandcentral_m4\Firmware/core.a(SERCOM.cpp.o)
                0x00006968                SERCOM::initClockNVIC()
 .text._ZN6SERCOM8initUARTE14SercomUartMode20SercomUartSampleRatem
                0x00006a00       0x64 C:\Users\djneo\AppData\Local\Temp\VMBuilds\MegaDrumMachine\adafruit_adafruit_grandcentral_m4\Firmware/core.a(SERCOM.cpp.o)
                0x00006a00                SERCOM::initUART(SercomUartMode, SercomUartSampleRate, unsigned long)
 .text._ZN6SERCOM7initSPIE14SercomSpiTXPad11SercomRXPad17SercomSpiCharSize15SercomDataOrder
                0x00006a64       0x46 C:\Users\djneo\AppData\Local\Temp\VMBuilds\MegaDrumMachine\adafruit_adafruit_grandcentral_m4\Firmware/core.a(SERCOM.cpp.o)
                0x00006a64                SERCOM::initSPI(SercomSpiTXPad, SercomRXPad, SercomSpiCharSize, SercomDataOrder)
 *fill*         0x00006aaa        0x2 
 .text._ZN6SERCOM14initMasterWIREEm
                0x00006aac       0x34 C:\Users\djneo\AppData\Local\Temp\VMBuilds\MegaDrumMachine\adafruit_adafruit_grandcentral_m4\Firmware/core.a(SERCOM.cpp.o)
                0x00006aac                SERCOM::initMasterWIRE(unsigned long)
 .text._ZN4UartcvbEv
                0x00006ae0        0x4 C:\Users\djneo\AppData\Local\Temp\VMBuilds\MegaDrumMachine\adafruit_adafruit_grandcentral_m4\Firmware/core.a(Uart.cpp.o)
                0x00006ae0                Uart::operator bool()
 .text._ZN4Uart5beginEm
                0x00006ae4        0xa C:\Users\djneo\AppData\Local\Temp\VMBuilds\MegaDrumMachine\adafruit_adafruit_grandcentral_m4\Firmware/core.a(Uart.cpp.o)
                0x00006ae4                Uart::begin(unsigned long)
 .text._ZN4Uart4peekEv
                0x00006aee       0x1a C:\Users\djneo\AppData\Local\Temp\VMBuilds\MegaDrumMachine\adafruit_adafruit_grandcentral_m4\Firmware/core.a(Uart.cpp.o)
                0x00006aee                Uart::peek()
 .text._ZN4Uart3endEv
                0x00006b08       0x1e C:\Users\djneo\AppData\Local\Temp\VMBuilds\MegaDrumMachine\adafruit_adafruit_grandcentral_m4\Firmware/core.a(Uart.cpp.o)
                0x00006b08                Uart::end()
 .text._ZN4Uart16extractNbStopBitEt
                0x00006b26        0xe C:\Users\djneo\AppData\Local\Temp\VMBuilds\MegaDrumMachine\adafruit_adafruit_grandcentral_m4\Firmware/core.a(Uart.cpp.o)
                0x00006b26                Uart::extractNbStopBit(unsigned short)
 .text._ZN4Uart15extractCharSizeEt
                0x00006b34       0x24 C:\Users\djneo\AppData\Local\Temp\VMBuilds\MegaDrumMachine\adafruit_adafruit_grandcentral_m4\Firmware/core.a(Uart.cpp.o)
                0x00006b34                Uart::extractCharSize(unsigned short)
 .text._ZN4Uart13extractParityEt
                0x00006b58       0x16 C:\Users\djneo\AppData\Local\Temp\VMBuilds\MegaDrumMachine\adafruit_adafruit_grandcentral_m4\Firmware/core.a(Uart.cpp.o)
                0x00006b58                Uart::extractParity(unsigned short)
 *fill*         0x00006b6e        0x2 
 .text._ZN4Uart5beginEmt
                0x00006b70       0xe0 C:\Users\djneo\AppData\Local\Temp\VMBuilds\MegaDrumMachine\adafruit_adafruit_grandcentral_m4\Firmware/core.a(Uart.cpp.o)
                0x00006b70                Uart::begin(unsigned long, unsigned short)
 .text._ZN11RingBufferNILi256EEC2Ev
                0x00006c50       0x18 C:\Users\djneo\AppData\Local\Temp\VMBuilds\MegaDrumMachine\adafruit_adafruit_grandcentral_m4\Firmware/core.a(Uart.cpp.o)
                0x00006c50                RingBufferN<256>::RingBufferN()
                0x00006c50                RingBufferN<256>::RingBufferN()
 .text._ZN4UartC2EP6SERCOMhh11SercomRXPad15SercomUartTXPad
                0x00006c68       0x54 C:\Users\djneo\AppData\Local\Temp\VMBuilds\MegaDrumMachine\adafruit_adafruit_grandcentral_m4\Firmware/core.a(Uart.cpp.o)
                0x00006c68                Uart::Uart(SERCOM*, unsigned char, unsigned char, SercomRXPad, SercomUartTXPad)
                0x00006c68                Uart::Uart(SERCOM*, unsigned char, unsigned char, SercomRXPad, SercomUartTXPad)
 .text._ZN11RingBufferNILi256EE9availableEv
                0x00006cbc       0x12 C:\Users\djneo\AppData\Local\Temp\VMBuilds\MegaDrumMachine\adafruit_adafruit_grandcentral_m4\Firmware/core.a(Uart.cpp.o)
                0x00006cbc                RingBufferN<256>::available()
 .text._ZN4Uart5flushEv
                0x00006cce       0x1c C:\Users\djneo\AppData\Local\Temp\VMBuilds\MegaDrumMachine\adafruit_adafruit_grandcentral_m4\Firmware/core.a(Uart.cpp.o)
                0x00006cce                Uart::flush()
 .text._ZN4Uart9availableEv
                0x00006cea        0xa C:\Users\djneo\AppData\Local\Temp\VMBuilds\MegaDrumMachine\adafruit_adafruit_grandcentral_m4\Firmware/core.a(Uart.cpp.o)
                0x00006cea                Uart::available()
 .text._ZN11RingBufferNILi256EE17availableForStoreEv
                0x00006cf4       0x2c C:\Users\djneo\AppData\Local\Temp\VMBuilds\MegaDrumMachine\adafruit_adafruit_grandcentral_m4\Firmware/core.a(Uart.cpp.o)
                0x00006cf4                RingBufferN<256>::availableForStore()
 .text._ZN4Uart17availableForWriteEv
                0x00006d20        0xc C:\Users\djneo\AppData\Local\Temp\VMBuilds\MegaDrumMachine\adafruit_adafruit_grandcentral_m4\Firmware/core.a(Uart.cpp.o)
                0x00006d20                Uart::availableForWrite()
 .text._ZN4Uart10IrqHandlerEv
                0x00006d2c       0xc4 C:\Users\djneo\AppData\Local\Temp\VMBuilds\MegaDrumMachine\adafruit_adafruit_grandcentral_m4\Firmware/core.a(Uart.cpp.o)
                0x00006d2c                Uart::IrqHandler()
 .text._ZN4Uart5writeEh
                0x00006df0       0xac C:\Users\djneo\AppData\Local\Temp\VMBuilds\MegaDrumMachine\adafruit_adafruit_grandcentral_m4\Firmware/core.a(Uart.cpp.o)
                0x00006df0                Uart::write(unsigned char)
 .text._ZN4Uart4readEv
                0x00006e9c       0x4a C:\Users\djneo\AppData\Local\Temp\VMBuilds\MegaDrumMachine\adafruit_adafruit_grandcentral_m4\Firmware/core.a(Uart.cpp.o)
                0x00006e9c                Uart::read()
 .text._ZN6StringD2Ev
                0x00006ee6        0xe C:\Users\djneo\AppData\Local\Temp\VMBuilds\MegaDrumMachine\adafruit_adafruit_grandcentral_m4\Firmware/core.a(WString.cpp.o)
                0x00006ee6                String::~String()
                0x00006ee6                String::~String()
 .text._ZN6String10invalidateEv
                0x00006ef4       0x16 C:\Users\djneo\AppData\Local\Temp\VMBuilds\MegaDrumMachine\adafruit_adafruit_grandcentral_m4\Firmware/core.a(WString.cpp.o)
                0x00006ef4                String::invalidate()
 .text._ZN6String12changeBufferEj
                0x00006f0a       0x18 C:\Users\djneo\AppData\Local\Temp\VMBuilds\MegaDrumMachine\adafruit_adafruit_grandcentral_m4\Firmware/core.a(WString.cpp.o)
                0x00006f0a                String::changeBuffer(unsigned int)
 .text._ZN6String7reserveEj
                0x00006f22       0x28 C:\Users\djneo\AppData\Local\Temp\VMBuilds\MegaDrumMachine\adafruit_adafruit_grandcentral_m4\Firmware/core.a(WString.cpp.o)
                0x00006f22                String::reserve(unsigned int)
 .text._ZN6String4copyEPKcj
                0x00006f4a       0x26 C:\Users\djneo\AppData\Local\Temp\VMBuilds\MegaDrumMachine\adafruit_adafruit_grandcentral_m4\Firmware/core.a(WString.cpp.o)
                0x00006f4a                String::copy(char const*, unsigned int)
 .text._ZN6StringC2EPKc
                0x00006f70       0x24 C:\Users\djneo\AppData\Local\Temp\VMBuilds\MegaDrumMachine\adafruit_adafruit_grandcentral_m4\Firmware/core.a(WString.cpp.o)
                0x00006f70                String::String(char const*)
                0x00006f70                String::String(char const*)
 .text._ZN6StringaSEPKc.part.3
                0x00006f94       0x1a C:\Users\djneo\AppData\Local\Temp\VMBuilds\MegaDrumMachine\adafruit_adafruit_grandcentral_m4\Firmware/core.a(WString.cpp.o)
 .text._ZN6StringaSERKS_
                0x00006fae       0x1e C:\Users\djneo\AppData\Local\Temp\VMBuilds\MegaDrumMachine\adafruit_adafruit_grandcentral_m4\Firmware/core.a(WString.cpp.o)
                0x00006fae                String::operator=(String const&)
 .text._ZN6StringC2ERKS_
                0x00006fcc       0x14 C:\Users\djneo\AppData\Local\Temp\VMBuilds\MegaDrumMachine\adafruit_adafruit_grandcentral_m4\Firmware/core.a(WString.cpp.o)
                0x00006fcc                String::String(String const&)
                0x00006fcc                String::String(String const&)
 .text._ZN6StringaSEPKc
                0x00006fe0       0x14 C:\Users\djneo\AppData\Local\Temp\VMBuilds\MegaDrumMachine\adafruit_adafruit_grandcentral_m4\Firmware/core.a(WString.cpp.o)
                0x00006fe0                String::operator=(char const*)
 .text._ZNK6String9substringEjj
                0x00006ff4       0x4c C:\Users\djneo\AppData\Local\Temp\VMBuilds\MegaDrumMachine\adafruit_adafruit_grandcentral_m4\Firmware/core.a(WString.cpp.o)
                0x00006ff4                String::substring(unsigned int, unsigned int) const
 .text._ZN7Serial_17availableForWriteEv
                0x00007040        0x4 C:\Users\djneo\AppData\Local\Temp\VMBuilds\MegaDrumMachine\adafruit_adafruit_grandcentral_m4\Firmware/core.a(CDC.cpp.o)
                0x00007040                Serial_::availableForWrite()
 .text._ZN7Serial_5writeEh
                0x00007044       0x16 C:\Users\djneo\AppData\Local\Temp\VMBuilds\MegaDrumMachine\adafruit_adafruit_grandcentral_m4\Firmware/core.a(CDC.cpp.o)
                0x00007044                Serial_::write(unsigned char)
 .text._ZN7Serial_9availableEv
                0x0000705a        0x8 C:\Users\djneo\AppData\Local\Temp\VMBuilds\MegaDrumMachine\adafruit_adafruit_grandcentral_m4\Firmware/core.a(CDC.cpp.o)
                0x0000705a                Serial_::available()
 .text._ZN7Serial_5flushEv
                0x00007062        0x8 C:\Users\djneo\AppData\Local\Temp\VMBuilds\MegaDrumMachine\adafruit_adafruit_grandcentral_m4\Firmware/core.a(CDC.cpp.o)
                0x00007062                Serial_::flush()
 *fill*         0x0000706a        0x2 
 .text._ZN7Serial_5writeEPKhj
                0x0000706c       0x28 C:\Users\djneo\AppData\Local\Temp\VMBuilds\MegaDrumMachine\adafruit_adafruit_grandcentral_m4\Firmware/core.a(CDC.cpp.o)
                0x0000706c                Serial_::write(unsigned char const*, unsigned int)
 .text._ZN7Serial_4peekEv
                0x00007094       0x1c C:\Users\djneo\AppData\Local\Temp\VMBuilds\MegaDrumMachine\adafruit_adafruit_grandcentral_m4\Firmware/core.a(CDC.cpp.o)
                0x00007094                Serial_::peek()
 .text._ZN7Serial_4readEv
                0x000070b0       0x20 C:\Users\djneo\AppData\Local\Temp\VMBuilds\MegaDrumMachine\adafruit_adafruit_grandcentral_m4\Firmware/core.a(CDC.cpp.o)
                0x000070b0                Serial_::read()
 .text._Z16CDC_GetInterfacePh
                0x000070d0       0x18 C:\Users\djneo\AppData\Local\Temp\VMBuilds\MegaDrumMachine\adafruit_adafruit_grandcentral_m4\Firmware/core.a(CDC.cpp.o)
                0x000070d0                CDC_GetInterface(unsigned char*)
 .text._Z9CDC_SetupR8USBSetup
                0x000070e8       0x74 C:\Users\djneo\AppData\Local\Temp\VMBuilds\MegaDrumMachine\adafruit_adafruit_grandcentral_m4\Firmware/core.a(CDC.cpp.o)
                0x000070e8                CDC_Setup(USBSetup&)
 .text._ZN7Serial_5beginEm
                0x0000715c        0x2 C:\Users\djneo\AppData\Local\Temp\VMBuilds\MegaDrumMachine\adafruit_adafruit_grandcentral_m4\Firmware/core.a(CDC.cpp.o)
                0x0000715c                Serial_::begin(unsigned long)
 *fill*         0x0000715e        0x2 
 .text.startup._GLOBAL__sub_I__Z17_CDC_GetInterfacev
                0x00007160       0x24 C:\Users\djneo\AppData\Local\Temp\VMBuilds\MegaDrumMachine\adafruit_adafruit_grandcentral_m4\Firmware/core.a(CDC.cpp.o)
 .text._ZN26DoubleBufferedEPOutHandler4initEv
                0x00007184        0x2 C:\Users\djneo\AppData\Local\Temp\VMBuilds\MegaDrumMachine\adafruit_adafruit_grandcentral_m4\Firmware/core.a(USBCore.cpp.o)
                0x00007184                DoubleBufferedEPOutHandler::init()
 .text._ZL5utox8mPc
                0x00007186       0x22 C:\Users\djneo\AppData\Local\Temp\VMBuilds\MegaDrumMachine\adafruit_adafruit_grandcentral_m4\Firmware/core.a(USBCore.cpp.o)
 .text._ZN26DoubleBufferedEPOutHandlerD2Ev
                0x000071a8       0x14 C:\Users\djneo\AppData\Local\Temp\VMBuilds\MegaDrumMachine\adafruit_adafruit_grandcentral_m4\Firmware/core.a(USBCore.cpp.o)
                0x000071a8                DoubleBufferedEPOutHandler::~DoubleBufferedEPOutHandler()
                0x000071a8                DoubleBufferedEPOutHandler::~DoubleBufferedEPOutHandler()
 .text._ZN26DoubleBufferedEPOutHandlerD0Ev
                0x000071bc       0x12 C:\Users\djneo\AppData\Local\Temp\VMBuilds\MegaDrumMachine\adafruit_adafruit_grandcentral_m4\Firmware/core.a(USBCore.cpp.o)
                0x000071bc                DoubleBufferedEPOutHandler::~DoubleBufferedEPOutHandler()
 *fill*         0x000071ce        0x2 
 .text._ZN14USBDeviceClass6initEPEmm.part.5
                0x000071d0       0xc4 C:\Users\djneo\AppData\Local\Temp\VMBuilds\MegaDrumMachine\adafruit_adafruit_grandcentral_m4\Firmware/core.a(USBCore.cpp.o)
 .text._ZN7__GuardC2Ev
                0x00007294        0xe C:\Users\djneo\AppData\Local\Temp\VMBuilds\MegaDrumMachine\adafruit_adafruit_grandcentral_m4\Firmware/core.a(USBCore.cpp.o)
                0x00007294                __Guard::__Guard()
                0x00007294                __Guard::__Guard()
 .text._ZN7__GuardD2Ev
                0x000072a2        0xc C:\Users\djneo\AppData\Local\Temp\VMBuilds\MegaDrumMachine\adafruit_adafruit_grandcentral_m4\Firmware/core.a(USBCore.cpp.o)
                0x000072a2                __Guard::~__Guard()
                0x000072a2                __Guard::~__Guard()
 .text._ZNK26DoubleBufferedEPOutHandler9availableEv
                0x000072ae       0x5e C:\Users\djneo\AppData\Local\Temp\VMBuilds\MegaDrumMachine\adafruit_adafruit_grandcentral_m4\Firmware/core.a(USBCore.cpp.o)
                0x000072ae                DoubleBufferedEPOutHandler::available() const
 .text._ZN26DoubleBufferedEPOutHandler7releaseEv
                0x0000730c       0x4e C:\Users\djneo\AppData\Local\Temp\VMBuilds\MegaDrumMachine\adafruit_adafruit_grandcentral_m4\Firmware/core.a(USBCore.cpp.o)
                0x0000730c                DoubleBufferedEPOutHandler::release()
 .text._ZN26DoubleBufferedEPOutHandler4recvEPvm
                0x0000735a      0x116 C:\Users\djneo\AppData\Local\Temp\VMBuilds\MegaDrumMachine\adafruit_adafruit_grandcentral_m4\Firmware/core.a(USBCore.cpp.o)
                0x0000735a                DoubleBufferedEPOutHandler::recv(void*, unsigned long)
 .text._ZN26DoubleBufferedEPOutHandler14handleEndpointEv
                0x00007470       0xb8 C:\Users\djneo\AppData\Local\Temp\VMBuilds\MegaDrumMachine\adafruit_adafruit_grandcentral_m4\Firmware/core.a(USBCore.cpp.o)
                0x00007470                DoubleBufferedEPOutHandler::handleEndpoint()
 .text._ZN14USBDeviceClass14SendInterfacesEPm
                0x00007528       0x30 C:\Users\djneo\AppData\Local\Temp\VMBuilds\MegaDrumMachine\adafruit_adafruit_grandcentral_m4\Firmware/core.a(USBCore.cpp.o)
                0x00007528                USBDeviceClass::SendInterfaces(unsigned long*)
 .text._ZN14USBDeviceClass14handleEndpointEh
                0x00007558       0x3c C:\Users\djneo\AppData\Local\Temp\VMBuilds\MegaDrumMachine\adafruit_adafruit_grandcentral_m4\Firmware/core.a(USBCore.cpp.o)
                0x00007558                USBDeviceClass::handleEndpoint(unsigned char)
 .text._ZN14USBDeviceClass4initEv
                0x00007594      0x124 C:\Users\djneo\AppData\Local\Temp\VMBuilds\MegaDrumMachine\adafruit_adafruit_grandcentral_m4\Firmware/core.a(USBCore.cpp.o)
                0x00007594                USBDeviceClass::init()
 .text._ZN14USBDeviceClass6attachEv
                0x000076b8       0x30 C:\Users\djneo\AppData\Local\Temp\VMBuilds\MegaDrumMachine\adafruit_adafruit_grandcentral_m4\Firmware/core.a(USBCore.cpp.o)
                0x000076b8                USBDeviceClass::attach()
 .text._ZN14USBDeviceClass10setAddressEm
                0x000076e8       0x40 C:\Users\djneo\AppData\Local\Temp\VMBuilds\MegaDrumMachine\adafruit_adafruit_grandcentral_m4\Firmware/core.a(USBCore.cpp.o)
                0x000076e8                USBDeviceClass::setAddress(unsigned long)
 .text._ZN14USBDeviceClass25handleClassInterfaceSetupER8USBSetup
                0x00007728       0x40 C:\Users\djneo\AppData\Local\Temp\VMBuilds\MegaDrumMachine\adafruit_adafruit_grandcentral_m4\Firmware/core.a(USBCore.cpp.o)
                0x00007728                USBDeviceClass::handleClassInterfaceSetup(USBSetup&)
 .text._ZN14USBDeviceClass6initEPEmm
                0x00007768       0xe0 C:\Users\djneo\AppData\Local\Temp\VMBuilds\MegaDrumMachine\adafruit_adafruit_grandcentral_m4\Firmware/core.a(USBCore.cpp.o)
                0x00007768                USBDeviceClass::initEP(unsigned long, unsigned long)
 .text._ZN14USBDeviceClass13initEndpointsEv
                0x00007848       0x20 C:\Users\djneo\AppData\Local\Temp\VMBuilds\MegaDrumMachine\adafruit_adafruit_grandcentral_m4\Firmware/core.a(USBCore.cpp.o)
                0x00007848                USBDeviceClass::initEndpoints()
 .text._ZN14USBDeviceClass9availableEm
                0x00007868       0x28 C:\Users\djneo\AppData\Local\Temp\VMBuilds\MegaDrumMachine\adafruit_adafruit_grandcentral_m4\Firmware/core.a(USBCore.cpp.o)
                0x00007868                USBDeviceClass::available(unsigned long)
 .text._ZN14USBDeviceClass5flushEm
                0x00007890       0x28 C:\Users\djneo\AppData\Local\Temp\VMBuilds\MegaDrumMachine\adafruit_adafruit_grandcentral_m4\Firmware/core.a(USBCore.cpp.o)
                0x00007890                USBDeviceClass::flush(unsigned long)
 .text._ZN14USBDeviceClass14armRecvCtrlOUTEm
                0x000078b8       0x54 C:\Users\djneo\AppData\Local\Temp\VMBuilds\MegaDrumMachine\adafruit_adafruit_grandcentral_m4\Firmware/core.a(USBCore.cpp.o)
                0x000078b8                USBDeviceClass::armRecvCtrlOUT(unsigned long)
 .text._ZN14USBDeviceClass11recvControlEPvm
                0x0000790c       0x3c C:\Users\djneo\AppData\Local\Temp\VMBuilds\MegaDrumMachine\adafruit_adafruit_grandcentral_m4\Firmware/core.a(USBCore.cpp.o)
                0x0000790c                USBDeviceClass::recvControl(void*, unsigned long)
 .text._ZN14USBDeviceClass7armRecvEm
                0x00007948       0x34 C:\Users\djneo\AppData\Local\Temp\VMBuilds\MegaDrumMachine\adafruit_adafruit_grandcentral_m4\Firmware/core.a(USBCore.cpp.o)
                0x00007948                USBDeviceClass::armRecv(unsigned long)
 .text._ZN14USBDeviceClass4recvEmPvm
                0x0000797c       0xd8 C:\Users\djneo\AppData\Local\Temp\VMBuilds\MegaDrumMachine\adafruit_adafruit_grandcentral_m4\Firmware/core.a(USBCore.cpp.o)
                0x0000797c                USBDeviceClass::recv(unsigned long, void*, unsigned long)
 .text._ZN14USBDeviceClass4recvEm
                0x00007a54       0x1e C:\Users\djneo\AppData\Local\Temp\VMBuilds\MegaDrumMachine\adafruit_adafruit_grandcentral_m4\Firmware/core.a(USBCore.cpp.o)
                0x00007a54                USBDeviceClass::recv(unsigned long)
 *fill*         0x00007a72        0x2 
 .text._ZN14USBDeviceClass4sendEmPKvm
                0x00007a74      0x108 C:\Users\djneo\AppData\Local\Temp\VMBuilds\MegaDrumMachine\adafruit_adafruit_grandcentral_m4\Firmware/core.a(USBCore.cpp.o)
                0x00007a74                USBDeviceClass::send(unsigned long, void const*, unsigned long)
 .text._ZN14USBDeviceClass7armSendEmPKvm
                0x00007b7c       0x3c C:\Users\djneo\AppData\Local\Temp\VMBuilds\MegaDrumMachine\adafruit_adafruit_grandcentral_m4\Firmware/core.a(USBCore.cpp.o)
                0x00007b7c                USBDeviceClass::armSend(unsigned long, void const*, unsigned long)
 .text._ZN14USBDeviceClass11sendControlEPKvm
                0x00007bb8       0x58 C:\Users\djneo\AppData\Local\Temp\VMBuilds\MegaDrumMachine\adafruit_adafruit_grandcentral_m4\Firmware/core.a(USBCore.cpp.o)
                0x00007bb8                USBDeviceClass::sendControl(void const*, unsigned long)
 .text._ZN14USBDeviceClass20sendStringDescriptorEPKhh
                0x00007c10       0x6c C:\Users\djneo\AppData\Local\Temp\VMBuilds\MegaDrumMachine\adafruit_adafruit_grandcentral_m4\Firmware/core.a(USBCore.cpp.o)
                0x00007c10                USBDeviceClass::sendStringDescriptor(unsigned char const*, unsigned char)
 .text._ZN14USBDeviceClass17sendConfigurationEm
                0x00007c7c       0xa0 C:\Users\djneo\AppData\Local\Temp\VMBuilds\MegaDrumMachine\adafruit_adafruit_grandcentral_m4\Firmware/core.a(USBCore.cpp.o)
                0x00007c7c                USBDeviceClass::sendConfiguration(unsigned long)
 .text._ZN14USBDeviceClass14sendDescriptorER8USBSetup
                0x00007d1c       0xe8 C:\Users\djneo\AppData\Local\Temp\VMBuilds\MegaDrumMachine\adafruit_adafruit_grandcentral_m4\Firmware/core.a(USBCore.cpp.o)
                0x00007d1c                USBDeviceClass::sendDescriptor(USBSetup&)
 .text._ZN14USBDeviceClass19handleStandardSetupER8USBSetup
                0x00007e04      0x114 C:\Users\djneo\AppData\Local\Temp\VMBuilds\MegaDrumMachine\adafruit_adafruit_grandcentral_m4\Firmware/core.a(USBCore.cpp.o)
                0x00007e04                USBDeviceClass::handleStandardSetup(USBSetup&)
 .text._ZN14USBDeviceClass10ISRHandlerEv
                0x00007f18      0x158 C:\Users\djneo\AppData\Local\Temp\VMBuilds\MegaDrumMachine\adafruit_adafruit_grandcentral_m4\Firmware/core.a(USBCore.cpp.o)
                0x00007f18                USBDeviceClass::ISRHandler()
 .text.UDD_Handler
                0x00008070        0xc C:\Users\djneo\AppData\Local\Temp\VMBuilds\MegaDrumMachine\adafruit_adafruit_grandcentral_m4\Firmware/core.a(USBCore.cpp.o)
                0x00008070                UDD_Handler
 .text.startup._GLOBAL__sub_I_usbd
                0x0000807c       0x10 C:\Users\djneo\AppData\Local\Temp\VMBuilds\MegaDrumMachine\adafruit_adafruit_grandcentral_m4\Firmware/core.a(USBCore.cpp.o)
 .text.init     0x0000808c      0x118 C:\Users\djneo\AppData\Local\Temp\VMBuilds\MegaDrumMachine\adafruit_adafruit_grandcentral_m4\Firmware/core.a(wiring.c.o)
                0x0000808c                init
 .text.analogReference
                0x000081a4       0xc8 C:\Users\djneo\AppData\Local\Temp\VMBuilds\MegaDrumMachine\adafruit_adafruit_grandcentral_m4\Firmware/core.a(wiring_analog.c.o)
                0x000081a4                analogReference
 .text._ZN13PluggableUSB_12getInterfaceEPh
                0x0000826c       0x26 C:\Users\djneo\AppData\Local\Temp\VMBuilds\MegaDrumMachine\adafruit_adafruit_grandcentral_m4\Firmware/core.a(PluggableUSB.cpp.o)
                0x0000826c                PluggableUSB_::getInterface(unsigned char*)
 .text._ZN13PluggableUSB_13getDescriptorER8USBSetup
                0x00008292       0x1c C:\Users\djneo\AppData\Local\Temp\VMBuilds\MegaDrumMachine\adafruit_adafruit_grandcentral_m4\Firmware/core.a(PluggableUSB.cpp.o)
                0x00008292                PluggableUSB_::getDescriptor(USBSetup&)
 .text._ZN13PluggableUSB_5setupER8USBSetup
                0x000082ae       0x1c C:\Users\djneo\AppData\Local\Temp\VMBuilds\MegaDrumMachine\adafruit_adafruit_grandcentral_m4\Firmware/core.a(PluggableUSB.cpp.o)
                0x000082ae                PluggableUSB_::setup(USBSetup&)
 *fill*         0x000082ca        0x2 
 .text._Z12PluggableUSBv
                0x000082cc       0x24 C:\Users\djneo\AppData\Local\Temp\VMBuilds\MegaDrumMachine\adafruit_adafruit_grandcentral_m4\Firmware/core.a(PluggableUSB.cpp.o)
                0x000082cc                PluggableUSB()
 .text._ZN20USBDevice_SAMD21G18x5resetEv
                0x000082f0       0x32 C:\Users\djneo\AppData\Local\Temp\VMBuilds\MegaDrumMachine\adafruit_adafruit_grandcentral_m4\Firmware/core.a(SAMD21_USBDevice.cpp.o)
                0x000082f0                USBDevice_SAMD21G18x::reset()
 *fill*         0x00008322        0x2 
 .text._ZN20USBDevice_SAMD21G18x9calibrateEv
                0x00008324       0x48 C:\Users\djneo\AppData\Local\Temp\VMBuilds\MegaDrumMachine\adafruit_adafruit_grandcentral_m4\Firmware/core.a(SAMD21_USBDevice.cpp.o)
                0x00008324                USBDevice_SAMD21G18x::calibrate()
 .text.__aeabi_atexit
                0x0000836c        0xa c:/users/djneo/appdata/local/arduino15/packages/arduino/tools/arm-none-eabi-gcc/7-2017q4/bin/../lib/gcc/arm-none-eabi/7.2.1/../../../../arm-none-eabi/lib/thumb/v7e-m/fpv4-sp/hard\libstdc++_nano.a(atexit_arm.o)
                0x0000836c                __aeabi_atexit
 *fill*         0x00008376        0x2 
 .text          0x00008378      0x378 c:/users/djneo/appdata/local/arduino15/packages/arduino/tools/arm-none-eabi-gcc/7-2017q4/bin/../lib/gcc/arm-none-eabi/7.2.1/thumb/v7e-m/fpv4-sp/hard\libgcc.a(_arm_addsubdf3.o)
                0x00008378                __aeabi_drsub
                0x00008380                __aeabi_dsub
                0x00008380                __subdf3
                0x00008384                __aeabi_dadd
                0x00008384                __adddf3
                0x000085fc                __floatunsidf
                0x000085fc                __aeabi_ui2d
                0x0000861c                __floatsidf
                0x0000861c                __aeabi_i2d
                0x00008640                __aeabi_f2d
                0x00008640                __extendsfdf2
                0x00008684                __floatundidf
                0x00008684                __aeabi_ul2d
                0x00008694                __floatdidf
                0x00008694                __aeabi_l2d
 .text          0x000086f0      0x424 c:/users/djneo/appdata/local/arduino15/packages/arduino/tools/arm-none-eabi-gcc/7-2017q4/bin/../lib/gcc/arm-none-eabi/7.2.1/thumb/v7e-m/fpv4-sp/hard\libgcc.a(_arm_muldivdf3.o)
                0x000086f0                __aeabi_dmul
                0x000086f0                __muldf3
                0x00008944                __divdf3
                0x00008944                __aeabi_ddiv
 .text          0x00008b14      0x110 c:/users/djneo/appdata/local/arduino15/packages/arduino/tools/arm-none-eabi-gcc/7-2017q4/bin/../lib/gcc/arm-none-eabi/7.2.1/thumb/v7e-m/fpv4-sp/hard\libgcc.a(_arm_cmpdf2.o)
                0x00008b14                __gtdf2
                0x00008b14                __gedf2
                0x00008b1c                __ltdf2
                0x00008b1c                __ledf2
                0x00008b24                __nedf2
                0x00008b24                __eqdf2
                0x00008b24                __cmpdf2
                0x00008ba0                __aeabi_cdrcmple
                0x00008bb0                __aeabi_cdcmpeq
                0x00008bb0                __aeabi_cdcmple
                0x00008bc0                __aeabi_dcmpeq
                0x00008bd4                __aeabi_dcmplt
                0x00008be8                __aeabi_dcmple
                0x00008bfc                __aeabi_dcmpge
                0x00008c10                __aeabi_dcmpgt
 .text          0x00008c24       0x2c c:/users/djneo/appdata/local/arduino15/packages/arduino/tools/arm-none-eabi-gcc/7-2017q4/bin/../lib/gcc/arm-none-eabi/7.2.1/thumb/v7e-m/fpv4-sp/hard\libgcc.a(_arm_unorddf2.o)
                0x00008c24                __unorddf2
                0x00008c24                __aeabi_dcmpun
 .text          0x00008c50       0x50 c:/users/djneo/appdata/local/arduino15/packages/arduino/tools/arm-none-eabi-gcc/7-2017q4/bin/../lib/gcc/arm-none-eabi/7.2.1/thumb/v7e-m/fpv4-sp/hard\libgcc.a(_arm_fixdfsi.o)
                0x00008c50                __aeabi_d2iz
                0x00008c50                __fixdfsi
 .text.__assert_func
                0x00008ca0       0x3c c:/users/djneo/appdata/local/arduino15/packages/arduino/tools/arm-none-eabi-gcc/7-2017q4/bin/../lib/gcc/arm-none-eabi/7.2.1/../../../../arm-none-eabi/lib/thumb/v7e-m/fpv4-sp/hard\libc_nano.a(lib_a-assert.o)
                0x00008ca0                __assert_func
 .text.__cxa_atexit
                0x00008cdc       0x1c c:/users/djneo/appdata/local/arduino15/packages/arduino/tools/arm-none-eabi-gcc/7-2017q4/bin/../lib/gcc/arm-none-eabi/7.2.1/../../../../arm-none-eabi/lib/thumb/v7e-m/fpv4-sp/hard\libc_nano.a(lib_a-cxa_atexit.o)
                0x00008cdc                __cxa_atexit
 .text.fprintf  0x00008cf8       0x24 c:/users/djneo/appdata/local/arduino15/packages/arduino/tools/arm-none-eabi-gcc/7-2017q4/bin/../lib/gcc/arm-none-eabi/7.2.1/../../../../arm-none-eabi/lib/thumb/v7e-m/fpv4-sp/hard\libc_nano.a(lib_a-fprintf.o)
                0x00008cf8                fiprintf
                0x00008cf8                fprintf
 .text.__libc_init_array
                0x00008d1c       0x48 c:/users/djneo/appdata/local/arduino15/packages/arduino/tools/arm-none-eabi-gcc/7-2017q4/bin/../lib/gcc/arm-none-eabi/7.2.1/../../../../arm-none-eabi/lib/thumb/v7e-m/fpv4-sp/hard\libc_nano.a(lib_a-init.o)
                0x00008d1c                __libc_init_array
 .text.malloc   0x00008d64       0x10 c:/users/djneo/appdata/local/arduino15/packages/arduino/tools/arm-none-eabi-gcc/7-2017q4/bin/../lib/gcc/arm-none-eabi/7.2.1/../../../../arm-none-eabi/lib/thumb/v7e-m/fpv4-sp/hard\libc_nano.a(lib_a-malloc.o)
                0x00008d64                malloc
 .text.free     0x00008d74       0x10 c:/users/djneo/appdata/local/arduino15/packages/arduino/tools/arm-none-eabi-gcc/7-2017q4/bin/../lib/gcc/arm-none-eabi/7.2.1/../../../../arm-none-eabi/lib/thumb/v7e-m/fpv4-sp/hard\libc_nano.a(lib_a-malloc.o)
                0x00008d74                free
 .text.__ascii_mbtowc
                0x00008d84       0x24 c:/users/djneo/appdata/local/arduino15/packages/arduino/tools/arm-none-eabi-gcc/7-2017q4/bin/../lib/gcc/arm-none-eabi/7.2.1/../../../../arm-none-eabi/lib/thumb/v7e-m/fpv4-sp/hard\libc_nano.a(lib_a-mbtowc_r.o)
                0x00008d84                __ascii_mbtowc
 .text.memcpy   0x00008da8       0x16 c:/users/djneo/appdata/local/arduino15/packages/arduino/tools/arm-none-eabi-gcc/7-2017q4/bin/../lib/gcc/arm-none-eabi/7.2.1/../../../../arm-none-eabi/lib/thumb/v7e-m/fpv4-sp/hard\libc_nano.a(lib_a-memcpy-stub.o)
                0x00008da8                memcpy
 .text.memset   0x00008dbe       0x10 c:/users/djneo/appdata/local/arduino15/packages/arduino/tools/arm-none-eabi-gcc/7-2017q4/bin/../lib/gcc/arm-none-eabi/7.2.1/../../../../arm-none-eabi/lib/thumb/v7e-m/fpv4-sp/hard\libc_nano.a(lib_a-memset.o)
                0x00008dbe                memset
 *fill*         0x00008dce        0x2 
 .text._free_r  0x00008dd0       0x9c c:/users/djneo/appdata/local/arduino15/packages/arduino/tools/arm-none-eabi-gcc/7-2017q4/bin/../lib/gcc/arm-none-eabi/7.2.1/../../../../arm-none-eabi/lib/thumb/v7e-m/fpv4-sp/hard\libc_nano.a(lib_a-nano-freer.o)
                0x00008dd0                _free_r
 .text._malloc_r
                0x00008e6c       0xb4 c:/users/djneo/appdata/local/arduino15/packages/arduino/tools/arm-none-eabi-gcc/7-2017q4/bin/../lib/gcc/arm-none-eabi/7.2.1/../../../../arm-none-eabi/lib/thumb/v7e-m/fpv4-sp/hard\libc_nano.a(lib_a-nano-mallocr.o)
                0x00008e6c                _malloc_r
 .text.__sfputc_r
                0x00008f20       0x2e c:/users/djneo/appdata/local/arduino15/packages/arduino/tools/arm-none-eabi-gcc/7-2017q4/bin/../lib/gcc/arm-none-eabi/7.2.1/../../../../arm-none-eabi/lib/thumb/v7e-m/fpv4-sp/hard\libc_nano.a(lib_a-nano-vfprintf.o)
 .text.__sfputs_r
                0x00008f4e       0x24 c:/users/djneo/appdata/local/arduino15/packages/arduino/tools/arm-none-eabi-gcc/7-2017q4/bin/../lib/gcc/arm-none-eabi/7.2.1/../../../../arm-none-eabi/lib/thumb/v7e-m/fpv4-sp/hard\libc_nano.a(lib_a-nano-vfprintf.o)
                0x00008f4e                __sfputs_r
 *fill*         0x00008f72        0x2 
 .text._vfprintf_r
                0x00008f74      0x228 c:/users/djneo/appdata/local/arduino15/packages/arduino/tools/arm-none-eabi-gcc/7-2017q4/bin/../lib/gcc/arm-none-eabi/7.2.1/../../../../arm-none-eabi/lib/thumb/v7e-m/fpv4-sp/hard\libc_nano.a(lib_a-nano-vfprintf.o)
                0x00008f74                _vfprintf_r
                0x00008f74                _vfiprintf_r
 .text.__cvt    0x0000919c       0xc2 c:/users/djneo/appdata/local/arduino15/packages/arduino/tools/arm-none-eabi-gcc/7-2017q4/bin/../lib/gcc/arm-none-eabi/7.2.1/../../../../arm-none-eabi/lib/thumb/v7e-m/fpv4-sp/hard\libc_nano.a(lib_a-nano-vfprintf_float.o)
                0x0000919c                __cvt
 .text.__exponent
                0x0000925e       0x66 c:/users/djneo/appdata/local/arduino15/packages/arduino/tools/arm-none-eabi-gcc/7-2017q4/bin/../lib/gcc/arm-none-eabi/7.2.1/../../../../arm-none-eabi/lib/thumb/v7e-m/fpv4-sp/hard\libc_nano.a(lib_a-nano-vfprintf_float.o)
                0x0000925e                __exponent
 .text._printf_float
                0x000092c4      0x480 c:/users/djneo/appdata/local/arduino15/packages/arduino/tools/arm-none-eabi-gcc/7-2017q4/bin/../lib/gcc/arm-none-eabi/7.2.1/../../../../arm-none-eabi/lib/thumb/v7e-m/fpv4-sp/hard\libc_nano.a(lib_a-nano-vfprintf_float.o)
                0x000092c4                _printf_float
 .text._printf_common
                0x00009744       0xea c:/users/djneo/appdata/local/arduino15/packages/arduino/tools/arm-none-eabi-gcc/7-2017q4/bin/../lib/gcc/arm-none-eabi/7.2.1/../../../../arm-none-eabi/lib/thumb/v7e-m/fpv4-sp/hard\libc_nano.a(lib_a-nano-vfprintf_i.o)
                0x00009744                _printf_common
 *fill*         0x0000982e        0x2 
 .text._printf_i
                0x00009830      0x224 c:/users/djneo/appdata/local/arduino15/packages/arduino/tools/arm-none-eabi-gcc/7-2017q4/bin/../lib/gcc/arm-none-eabi/7.2.1/../../../../arm-none-eabi/lib/thumb/v7e-m/fpv4-sp/hard\libc_nano.a(lib_a-nano-vfprintf_i.o)
                0x00009830                _printf_i
 .text.realloc  0x00009a54       0x10 c:/users/djneo/appdata/local/arduino15/packages/arduino/tools/arm-none-eabi-gcc/7-2017q4/bin/../lib/gcc/arm-none-eabi/7.2.1/../../../../arm-none-eabi/lib/thumb/v7e-m/fpv4-sp/hard\libc_nano.a(lib_a-realloc.o)
                0x00009a54                realloc
 .text._sbrk_r  0x00009a64       0x20 c:/users/djneo/appdata/local/arduino15/packages/arduino/tools/arm-none-eabi-gcc/7-2017q4/bin/../lib/gcc/arm-none-eabi/7.2.1/../../../../arm-none-eabi/lib/thumb/v7e-m/fpv4-sp/hard\libc_nano.a(lib_a-sbrkr.o)
                0x00009a64                _sbrk_r
 .text.strcpy   0x00009a84       0x10 c:/users/djneo/appdata/local/arduino15/packages/arduino/tools/arm-none-eabi-gcc/7-2017q4/bin/../lib/gcc/arm-none-eabi/7.2.1/../../../../arm-none-eabi/lib/thumb/v7e-m/fpv4-sp/hard\libc_nano.a(lib_a-strcpy.o)
                0x00009a84                strcpy
 .text          0x00009a94       0x10 c:/users/djneo/appdata/local/arduino15/packages/arduino/tools/arm-none-eabi-gcc/7-2017q4/bin/../lib/gcc/arm-none-eabi/7.2.1/../../../../arm-none-eabi/lib/thumb/v7e-m/fpv4-sp/hard\libc_nano.a(lib_a-strlen.o)
                0x00009a94                strlen
 .text.__swbuf_r
                0x00009aa4       0xa4 c:/users/djneo/appdata/local/arduino15/packages/arduino/tools/arm-none-eabi-gcc/7-2017q4/bin/../lib/gcc/arm-none-eabi/7.2.1/../../../../arm-none-eabi/lib/thumb/v7e-m/fpv4-sp/hard\libc_nano.a(lib_a-wbuf.o)